01-19 11:21:48.049  9111  9111 I Capacitor/Console: File:  - Line 333 - Msg: {"value":"[{\"id\":\"ui01s8\",\"url\":\"https://www.usenet-crawler.com/getnzb/9143a7b2c7bdc6d53861dc826c94e52e.nzb&i=467400&r=5ea1448e6e515a93a885660a77981426\",\"filename\":\"Bobs.Burgers.S16E06.POLiSH.720p.WEB.H264-CHOPiN\",\"savePath\":\"Download/nzb/Bobs.Burgers.S16E06.POLiSH.720p.WEB.H264-CHOPiN/Files/Bobs.Burgers.S16E06.POLiSH.720p.WEB.H264-CHOPiN.nzb\",\"status\":\"completed\",\"startTime\":1768821512836,\"providerName\":\"Local\",\"totalBytes\":54269,\"endTime\":1768821513327},{\"id\":\"lv5puu\",\"filename\":\"Bobs.Burgers.S16E06.POLiSH.720p.WEB.H264-CHOPiN\",\"savePath\":\"nzb/Bobs.Burgers.S16E06.POLiSH.720p.WEB.H264-CHOPiN\",\"status\":\"queued\",\"startTime\":1768821512138,\"providerName\":\"UseNet Server\",\"providerId\":\"e166d369-19fa-404f-8f6c-a87b3ab96f7f\",\"externalId\":\"ghw4t\"}]"}
01-19 11:21:48.049  9111  9111 I Capacitor/Console: File: https://localhost/assets/index-D7ggTbo2.js - Line 314 - Msg: [DownloadManager] Poll emitting: lv5puu failed 0.5%
01-19 11:21:48.049  9111  9111 I Capacitor/Console: File: https://localhost/assets/index-D7ggTbo2.js - Line 314 - Msg: [useDownloads] handleProgress called: [object Object]
01-19 11:21:48.049  9111  9111 I Capacitor/Console: File: https://localhost/assets/index-D7ggTbo2.js - Line 314 - Msg: [useDownloads] handleProgress called: [object Object]
01-19 11:21:48.049  9111  9111 I Capacitor/Console: File: https://localhost/assets/index-D7ggTbo2.js - Line 314 - Msg: [useDownloads] handleProgress called: [object Object]
01-19 11:21:48.049  9111  9111 I Capacitor/Console: File: https://localhost/assets/index-D7ggTbo2.js - Line 314 - Msg: GenericDownloader: App component rendering
01-19 11:21:48.054  9111  9111 I Capacitor/Console: File: https://localhost/assets/index-D7ggTbo2.js - Line 314 - Msg: [SearchPanel] Component render, searching: false query: Bobs burgers 
01-19 11:21:48.072  4190  5409 I ScanController: onScanResult to scannerId: 3- eventType=0x1b, addressType=1, address=XX:XX:XX:XX:DD:E9, primaryPhy=1, secondaryPhy=0, advertisingSid=0xff, txPower=127, rssi=-47, periodicAdvInt=0x0
01-19 11:21:48.120  2219  6967 D [SS]BattFunctions: [sendRemainingChargingTimeChangedIntent]remainingChargingTime:2695 ,mLastRemainingChargingTime:2659
01-19 11:21:48.120  1765  1765 I seh_thermal_service: getTemperaturesWithType SehTemperatureType: 3
01-19 11:21:48.120  2219  9476 V [SS]SleepChargingTimeController: [isActivated]mSleepChargingStatus isNowSessionTime False => false
01-19 11:21:48.120  1757  1757 I sehhealth-service: updateLrpSysfs: write: 366
01-19 11:21:48.120  1757  1834 E BatteryDump: !@new_battery_dump : 4282,160,475,550,92,327,286,431,327,0,366,431,0,Charging,NO_CHARGING,Normal,Good,USB,1,Normal,0,0,9300,0x0,0x10000,0x0,0,0,1007,v0002,0000,0000,00000000,0,0,0,0,213,4314,9205,990,0,
01-19 11:21:48.121  3886  3886 I AODBatteryManager: updateBatteryData: ACTION_BATTERY_CHANGED: false, isSleepModeChanged:false ,isRemainingTimeChanged: true, isUSBRestriction: false
01-19 11:21:48.121  3886  3886 I ChargingInfoManager: updateChargingInfo: newState = AOD ChargingInfo [mState=BATTERY_AND_REMAIN_TIME, mIsCharging=true, mIsPlugged=true, mIsFullyCharged=false, mIsBatteryProtectMode=false, mBetteryLevel=92, mBetteryProtectModeType4, mIsSlowChargingfalse], oldState = AOD ChargingInfo [mState=BATTERY_AND_REMAIN_TIME, mIsCharging=true, mIsPlugged=true, mIsFullyCharged=false, mIsBatteryProtectMode=false, mBetteryLevel=92, mBetteryProtectModeType4, mIsSlowChargingfalse]
01-19 11:21:48.121  3886  3886 D PowerUI : Remaining charging time : 2695
01-19 11:21:48.121  3886  3886 D PowerUI : Charging time is changed, check charging notification
01-19 11:21:48.121  3886  3886 D PowerUI.Notification: showChargingNotice - Battery Level : 92 -> 92, Charging Type : 11 -> 11, Charging Time : 2659 -> 2695, Maximum protection : false -> false, Maximum threshold : 85 -> 85
01-19 11:21:48.122  3886  3886 I NotificationManager: com.android.systemui: notify(2131364006, charging_state, Notification(channel=CHR shortcut=null contentView=null vibrate=null sound=null defaults=0 flags=ONGOING_EVENT|ONLY_ALERT_ONCE color=0x00000000 category=sys groupKey=CHARGING vis=PUBLIC semFlags=0x0 semPriority=0 semMissedCount=0)) as user
01-19 11:21:48.122  2219  7706 W PermissionService: getPermissionFlags: Unknown user -1
01-19 11:21:48.122  2219  7706 W PermissionService: getPermissionFlags: Unknown user -1
01-19 11:21:48.137  1720  3850 I sensors-hal: handle_sns_std_sensor_event:127, [SSC_LIGHT] A: 74(74),c:0,b:85,m:13,cl:0,l:72,s:74,l0:13152,l1:640,s0:12500,s1:0,acl:1,opr:0.09,f(r):86,u(bl):100,if:86,wi:0,si:0,0(N:0)
01-19 11:21:48.173  1704  5330 I vendor.qti.bluetooth@1.0-ibs_handler: ProcessIbsCmd: Received IBS_SLEEP_IND: 0xFE
01-19 11:21:48.174  1704  5330 I vendor.qti.bluetooth@1.0-ibs_handler: ProcessIbsCmd: Received IBS_WAKE_IND: 0xFD
01-19 11:21:48.174  1704  5330 I vendor.qti.bluetooth@1.0-ibs_handler: ProcessIbsCmd: Writing IBS_WAKE_ACK
01-19 11:21:48.212  1720  8877 I sensors-hal: handle_sns_std_sensor_event:157, [1624] Pressure 994.772, cal 0.677, sw_offset 0.000 (lsb(bit) 0x2d 0x36 0x61)
01-19 11:21:48.298  9111  9215 V Capacitor/Plugin: To native (Capacitor plugin): callbackId: 76926431, pluginId: Preferences, methodName: get
01-19 11:21:48.298  9111  9215 V Capacitor: callback: 76926431, pluginId: Preferences, methodName: get, methodData: {"key":"history"}
01-19 11:21:48.298  9111  9111 I Capacitor/Console: File:  - Line 349 - Msg: [object Object]
01-19 11:21:48.299  9111  9111 I Capacitor/Console: File:  - Line 333 - Msg: {"value":"[{\"id\":\"ui01s8\",\"url\":\"https://www.usenet-crawler.com/getnzb/9143a7b2c7bdc6d53861dc826c94e52e.nzb&i=467400&r=5ea1448e6e515a93a885660a77981426\",\"filename\":\"Bobs.Burgers.S16E06.POLiSH.720p.WEB.H264-CHOPiN\",\"savePath\":\"Download/nzb/Bobs.Burgers.S16E06.POLiSH.720p.WEB.H264-CHOPiN/Files/Bobs.Burgers.S16E06.POLiSH.720p.WEB.H264-CHOPiN.nzb\",\"status\":\"completed\",\"startTime\":1768821512836,\"providerName\":\"Local\",\"totalBytes\":54269,\"endTime\":1768821513327},{\"id\":\"lv5puu\",\"filename\":\"Bobs.Burgers.S16E06.POLiSH.720p.WEB.H264-CHOPiN\",\"savePath\":\"nzb/Bobs.Burgers.S16E06.POLiSH.720p.WEB.H264-CHOPiN\",\"status\":\"queued\",\"startTime\":1768821512138,\"providerName\":\"UseNet Server\",\"providerId\":\"e166d369-19fa-404f-8f6c-a87b3ab96f7f\",\"externalId\":\"ghw4t\"}]"}
01-19 11:21:48.299  9111  9111 I Capacitor/Console: File: https://localhost/assets/index-D7ggTbo2.js - Line 314 - Msg: [DownloadManager] Poll emitting: lv5puu failed 0.5%
01-19 11:21:48.300  9111  9111 I Capacitor/Console: File: https://localhost/assets/index-D7ggTbo2.js - Line 314 - Msg: [useDownloads] handleProgress called: [object Object]
01-19 11:21:48.300  9111  9111 I Capacitor/Console: File: https://localhost/assets/index-D7ggTbo2.js - Line 314 - Msg: [useDownloads] handleProgress called: [object Object]
01-19 11:21:48.300  9111  9111 I Capacitor/Console: File: https://localhost/assets/index-D7ggTbo2.js - Line 314 - Msg: [useDownloads] handleProgress called: [object Object]
01-19 11:21:48.300  9111  9111 I Capacitor/Console: File: https://localhost/assets/index-D7ggTbo2.js - Line 314 - Msg: GenericDownloader: App component rendering
01-19 11:21:48.301  9111  9111 I Capacitor/Console: File: https://localhost/assets/index-D7ggTbo2.js - Line 314 - Msg: [SearchPanel] Component render, searching: false query: Bobs burgers 
01-19 11:21:48.303  1860  1943 I VSyncReactor: Current= 120, Period= 120, Distance= 1
01-19 11:21:48.312  1860  1943 I VSyncReactor: Current= 120, Period= 120, Distance= 120
01-19 11:21:48.323  2219  2219 I Telecom : SamsungTelecomServiceImpl : isInManagedCall - callingPackage : android / callingUser : UserHandle{0} / hasCrossUserAccess : true
01-19 11:21:48.326  6650  6650 I NotificationListener: [Service]v6.1.9-eap02 Received new notification
01-19 11:21:48.327  6650  7413 I NotificationPipeline: Processing new notification: -1|com.android.systemui|2131364006|charging_state|10047
01-19 11:21:48.327  4460  8419 I HoneySpace.NotificationListener: onNotificationPosted com.android.systemui: -1|com.android.systemui|2131364006|charging_state|10047: 0
01-19 11:21:48.327  4460  8419 I HoneySpace.NotificationListener: invalid notification: com.android.systemui UserHandle{-1}: canShowBadge is false
01-19 11:21:48.329  2219  5107 D ActivityManager: unpendingScheduleServiceRestart: u=10543, drop=false
01-19 11:21:48.330  2219  5105 D FreecessController: UFZ : fm.last.android(10543) [13695] reason: Binder(1)-android.service.notification.INotificatio
01-19 11:21:48.330  6650  7413 I Notification4Water_NB: NotificationChecker.checkIgnoreCase - onGoing
01-19 11:21:48.330  2219  5129 W LocationManagerService: onFreezeStateChanged, uid[10543]=false
01-19 11:21:48.330  6650  7413 W Notification4Water_NB: NotificationBridgeCallback.onNotificationPosted-Ignored package : [-1] com.android.systemui
01-19 11:21:48.330  6650  7413 I NotificationPipeline: Discarding notification: -1|com.android.systemui|2131364006|charging_state|10047
01-19 11:21:48.330  2219  5129 I PowerManagerService: [PWL] SetWakeLockEnableDisable uid = 10543 , disable= false
01-19 11:21:48.330  2219  5129 I PowerManagerService: [PWL] can not change uid =  10543
01-19 11:21:48.330  3886  3886 I LockscreenNotificationIconsOnlyController: onNotificationInfoUpdated 0
01-19 11:21:48.330  3886  3886 I AODNotificationManager: updateNotification() 
01-19 11:21:48.336  1860  1943 I VSyncReactor: Current= 120, Period= 120, Distance= 30
01-19 11:21:48.337  1740  1740 I SDM     : AIScalerFeatureIntfImpl::LookupConfig: Scale ratio = 1.780000
01-19 11:21:48.337  1740  1740 I SDM     : AIScalerParserIntfImpl::LookupConfig: Scale Ratio Match Found Here
01-19 11:21:48.337  1860  2170 I CompositionEngine: [setDisplaySize] size=(434, 42)
01-19 11:21:48.345  1860  1943 I VSyncReactor: Current= 120, Period= 120, Distance= 120
01-19 11:21:48.407  1740  1974 I SDM     : DisplayBase::CommitThread: Received idle timeout, panel: cmd, timeout: 70000 us
01-19 11:21:48.462  1847  1896 E HeatmapThread: ECT Thread time in milliseconds: 1768821708
01-19 11:21:48.464  1847  1896 D HeatmapThread: !@ batteryplugType : 2
01-19 11:21:48.464  1847  1896 D HeatmapThread: !@ batteryLevel : 92  batteryTemperature : 327 
01-19 11:21:48.464  1847  1896 D HeatmapThread: !@ Heatmap currtime: 29480361
01-19 11:21:48.464  1847  1896 D HeatmapThread: !@ Heatmap prevtime: 29480341
01-19 11:21:48.464  1847  1896 D HeatmapThread: !@ Heatmap plugstarttime: 29480268
01-19 11:21:48.464  1847  1896 D HeatmapThread: !@ Heatmap prevv_dsoh_update_time: 29480358
01-19 11:21:48.464  1847  1896 E HeatmapThread: !@ CAM New BSOH: 100
01-19 11:21:48.464  1847  1896 E HeatmapThread: !@ CAM is Working
01-19 11:21:48.507  3863  4387 D SatelliteController: isInCarrierRoamingNbIotNtn: satellite is disabled
01-19 11:21:48.508  4074  4074 I EPDG -- SIM0 [SMARTCELLULAR]: onSignalStrengthsChanged: SignalStrength:{mCdma=Invalid,mGsm=Invalid,mWcdma=Invalid,mTdscdma=Invalid,mLte=CellSignalStrengthLte: rssi=-75 rsrp=-99 rsrq=-11 rssnr=7 cqiTableIndex=2147483647 cqi=2147483647 ta=2147483647 level=3 parametersUseForLevel=0,mNr=Invalid,SignalBarInfo{ lteLevel=3 },rat=14,primary=CellSignalStrengthLte}
01-19 11:21:48.509  4074  5196 I EPDG -- SIM0 [SMARTCELLULAR]: lastLteRSRP is -100 currentLteRSRP is -99 lastLteRSRQ is -10 currentLteRSRQ is -11 lastLteSNR is 6 currentLteSNR is 7
01-19 11:21:48.527  3886  3886 D Bubbles : onEntryUpdated : shouldBubbleUp=false ,key=-1|com.android.systemui|2131364006|charging_state|10047
01-19 11:21:48.527  2219  6967 W MediaSessionRecord: Ignoring call to destroyed session
01-19 11:21:48.527  3886  3886 D InterruptionStateProvider:  no Heads up : edgelighting enabled app. -1|com.android.systemui|2131364006|charging_state|10047
01-19 11:21:48.529  3886  3886 W RefactorFlag: New code path expects SceneContainerFlag to be enabled.
01-19 11:21:48.529  3886  3886 D ExpandableNotifRow: mMaxSmallHeight different before reInflateViews mMaxSmallHeight: 203 mTempSmallHeight:0 -1|com.android.systemui|2131364006|charging_state|10047
01-19 11:21:48.529  3886  3886 D ExpandableNotifRow: mMaxSmallHeight different before reInflateViews mMaxSmallHeight: 203 mTempSmallHeight:0 -1|com.android.systemui|2131364006|charging_state|10047
01-19 11:21:48.530  3886  3886 I LockscreenNotificationIconsOnlyController: onNotificationInfoUpdated 0
01-19 11:21:48.530  3886  3886 I AODNotificationManager: updateNotification() 
01-19 11:21:48.537  3886  4530 D LocalImageResolver: Couldn't use ImageDecoder for drawable, falling back to non-resized load.
01-19 11:21:48.537  1740  1740 I SDM     : AIScalerFeatureIntfImpl::LookupConfig: Scale ratio = 1.780000
01-19 11:21:48.537  3886  4530 D LocalImageResolver: Couldn't use ImageDecoder for drawable, falling back to non-resized load.
01-19 11:21:48.537  1740  1740 I SDM     : AIScalerParserIntfImpl::LookupConfig: Scale Ratio Match Found Here
01-19 11:21:48.538  1860  2170 I CompositionEngine: [setDisplaySize] size=(434, 42)
01-19 11:21:48.538  3886  3886 D LocalImageResolver: Couldn't use ImageDecoder for drawable, falling back to non-resized load.
01-19 11:21:48.545  9111  9111 I Capacitor/Console: File:  - Line 349 - Msg: [object Object]
01-19 11:21:48.545  9111  9215 V Capacitor/Plugin: To native (Capacitor plugin): callbackId: 76926432, pluginId: Preferences, methodName: get
01-19 11:21:48.545  9111  9215 V Capacitor: callback: 76926432, pluginId: Preferences, methodName: get, methodData: {"key":"history"}
01-19 11:21:48.545  3886  3886 W RefactorFlag: New code path expects SceneContainerFlag to be enabled.
01-19 11:21:48.546  9111  9111 I Capacitor/Console: File:  - Line 333 - Msg: {"value":"[{\"id\":\"ui01s8\",\"url\":\"https://www.usenet-crawler.com/getnzb/9143a7b2c7bdc6d53861dc826c94e52e.nzb&i=467400&r=5ea1448e6e515a93a885660a77981426\",\"filename\":\"Bobs.Burgers.S16E06.POLiSH.720p.WEB.H264-CHOPiN\",\"savePath\":\"Download/nzb/Bobs.Burgers.S16E06.POLiSH.720p.WEB.H264-CHOPiN/Files/Bobs.Burgers.S16E06.POLiSH.720p.WEB.H264-CHOPiN.nzb\",\"status\":\"completed\",\"startTime\":1768821512836,\"providerName\":\"Local\",\"totalBytes\":54269,\"endTime\":1768821513327},{\"id\":\"lv5puu\",\"filename\":\"Bobs.Burgers.S16E06.POLiSH.720p.WEB.H264-CHOPiN\",\"savePath\":\"nzb/Bobs.Burgers.S16E06.POLiSH.720p.WEB.H264-CHOPiN\",\"status\":\"queued\",\"startTime\":1768821512138,\"providerName\":\"UseNet Server\",\"providerId\":\"e166d369-19fa-404f-8f6c-a87b3ab96f7f\",\"externalId\":\"ghw4t\"}]"}
01-19 11:21:48.546  9111  9111 I Capacitor/Console: File: https://localhost/assets/index-D7ggTbo2.js - Line 314 - Msg: [DownloadManager] Poll emitting: lv5puu failed 0.5%
01-19 11:21:48.546  9111  9111 I Capacitor/Console: File: https://localhost/assets/index-D7ggTbo2.js - Line 314 - Msg: [useDownloads] handleProgress called: [object Object]
01-19 11:21:48.546  9111  9111 I Capacitor/Console: File: https://localhost/assets/index-D7ggTbo2.js - Line 314 - Msg: [useDownloads] handleProgress called: [object Object]
01-19 11:21:48.546  9111  9111 I Capacitor/Console: File: https://localhost/assets/index-D7ggTbo2.js - Line 314 - Msg: [useDownloads] handleProgress called: [object Object]
01-19 11:21:48.546  3886  3886 D ExpandableNotifRow: mMaxSmallHeight different before reInflateViews mMaxSmallHeight: 203 mTempSmallHeight:0 -1|com.android.systemui|2131364006|charging_state|10047
01-19 11:21:48.546  3886  3886 D ExpandableNotifRow: mMaxSmallHeight different before reInflateViews mMaxSmallHeight: 203 mTempSmallHeight:0 -1|com.android.systemui|2131364006|charging_state|10047
01-19 11:21:48.546  3886  3886 D ExpandableNotifRow: mMaxSmallHeight different before reInflateViews mMaxSmallHeight: 203 mTempSmallHeight:0 -1|com.android.systemui|2131364006|charging_state|10047
01-19 11:21:48.546  3886  3886 D ExpandableNotifRow: mMaxSmallHeight different before reInflateViews mMaxSmallHeight: 203 mTempSmallHeight:0 -1|com.android.systemui|2131364006|charging_state|10047
01-19 11:21:48.546  9111  9111 I Capacitor/Console: File: https://localhost/assets/index-D7ggTbo2.js - Line 314 - Msg: GenericDownloader: App component rendering
01-19 11:21:48.547  3886  3886 D LocalImageResolver: Couldn't use ImageDecoder for drawable, falling back to non-resized load.
01-19 11:21:48.550  9111  9111 I Capacitor/Console: File: https://localhost/assets/index-D7ggTbo2.js - Line 314 - Msg: [SearchPanel] Component render, searching: false query: Bobs burgers 
01-19 11:21:48.554  3886  3886 W RefactorFlag: New code path expects SceneContainerFlag to be enabled.
01-19 11:21:48.554  3886  3886 D ExpandableNotifRow: mMaxSmallHeight different before reInflateViews mMaxSmallHeight: 203 mTempSmallHeight:0 -1|com.android.systemui|2131364006|charging_state|10047
01-19 11:21:48.554  3886  3886 D ExpandableNotifRow: mMaxSmallHeight different before reInflateViews mMaxSmallHeight: 203 mTempSmallHeight:0 -1|com.android.systemui|2131364006|charging_state|10047
01-19 11:21:48.554  3886  3886 I LockscreenNotificationIconsOnlyController: onNotificationInfoUpdated 0
01-19 11:21:48.554  3886  3886 I AODNotificationManager: updateNotification() 
01-19 11:21:48.632  1740  1974 I SDM     : DisplayBase::CommitThread: Received idle timeout, panel: cmd, timeout: 70000 us
01-19 11:21:48.639  1860  2170 I CompositionEngine: [setDisplaySize] size=(434, 42)
01-19 11:21:48.736  1720  3850 I sensors-hal: handle_sns_client_event:202, auto_rotation_debug_2 mode,255, type,1,0 acc,-0.134,8.069,5.676, ar,0, ver,14, pedo,1,e,1,i,3
01-19 11:21:48.772  2219  3733 I SemWifiServiceDetector: Service det. resumed: T / T / 14867
01-19 11:21:48.773  2219  3737 I SemWifiCtlFeatureMediator: Trf ratio: 0.0% (0.01 / 399.90) (TWT/S-PM: 1.0) v ( NR) || Query: TWT/S-PM false (false) 1.0 1.0 1.0 / BW false (false) 1.0 1.0 1.0 / NSS false (false) 0.9 0.5 1.0 
01-19 11:21:48.797  9111  9215 V Capacitor/Plugin: To native (Capacitor plugin): callbackId: 76926433, pluginId: Preferences, methodName: get
01-19 11:21:48.797  9111  9111 I Capacitor/Console: File:  - Line 349 - Msg: [object Object]
01-19 11:21:48.797  9111  9215 V Capacitor: callback: 76926433, pluginId: Preferences, methodName: get, methodData: {"key":"history"}
01-19 11:21:48.799  9111  9111 I Capacitor/Console: File:  - Line 333 - Msg: {"value":"[{\"id\":\"ui01s8\",\"url\":\"https://www.usenet-crawler.com/getnzb/9143a7b2c7bdc6d53861dc826c94e52e.nzb&i=467400&r=5ea1448e6e515a93a885660a77981426\",\"filename\":\"Bobs.Burgers.S16E06.POLiSH.720p.WEB.H264-CHOPiN\",\"savePath\":\"Download/nzb/Bobs.Burgers.S16E06.POLiSH.720p.WEB.H264-CHOPiN/Files/Bobs.Burgers.S16E06.POLiSH.720p.WEB.H264-CHOPiN.nzb\",\"status\":\"completed\",\"startTime\":1768821512836,\"providerName\":\"Local\",\"totalBytes\":54269,\"endTime\":1768821513327},{\"id\":\"lv5puu\",\"filename\":\"Bobs.Burgers.S16E06.POLiSH.720p.WEB.H264-CHOPiN\",\"savePath\":\"nzb/Bobs.Burgers.S16E06.POLiSH.720p.WEB.H264-CHOPiN\",\"status\":\"queued\",\"startTime\":1768821512138,\"providerName\":\"UseNet Server\",\"providerId\":\"e166d369-19fa-404f-8f6c-a87b3ab96f7f\",\"externalId\":\"ghw4t\"}]"}
01-19 11:21:48.799  9111  9111 I Capacitor/Console: File: https://localhost/assets/index-D7ggTbo2.js - Line 314 - Msg: [DownloadManager] Poll emitting: lv5puu failed 0.5%
01-19 11:21:48.799  9111  9111 I Capacitor/Console: File: https://localhost/assets/index-D7ggTbo2.js - Line 314 - Msg: [useDownloads] handleProgress called: [object Object]
01-19 11:21:48.799  9111  9111 I Capacitor/Console: File: https://localhost/assets/index-D7ggTbo2.js - Line 314 - Msg: [useDownloads] handleProgress called: [object Object]
01-19 11:21:48.799  9111  9111 I Capacitor/Console: File: https://localhost/assets/index-D7ggTbo2.js - Line 314 - Msg: [useDownloads] handleProgress called: [object Object]
01-19 11:21:48.800  9111  9111 I Capacitor/Console: File: https://localhost/assets/index-D7ggTbo2.js - Line 314 - Msg: GenericDownloader: App component rendering
01-19 11:21:48.802  9111  9111 I Capacitor/Console: File: https://localhost/assets/index-D7ggTbo2.js - Line 314 - Msg: [SearchPanel] Component render, searching: false query: Bobs burgers 
01-19 11:21:49.047  9111  9215 V Capacitor/Plugin: To native (Capacitor plugin): callbackId: 76926434, pluginId: Preferences, methodName: get
01-19 11:21:49.047  9111  9111 I Capacitor/Console: File:  - Line 349 - Msg: [object Object]
01-19 11:21:49.047  9111  9215 V Capacitor: callback: 76926434, pluginId: Preferences, methodName: get, methodData: {"key":"history"}
01-19 11:21:49.048  9111  9111 I Capacitor/Console: File:  - Line 333 - Msg: {"value":"[{\"id\":\"ui01s8\",\"url\":\"https://www.usenet-crawler.com/getnzb/9143a7b2c7bdc6d53861dc826c94e52e.nzb&i=467400&r=5ea1448e6e515a93a885660a77981426\",\"filename\":\"Bobs.Burgers.S16E06.POLiSH.720p.WEB.H264-CHOPiN\",\"savePath\":\"Download/nzb/Bobs.Burgers.S16E06.POLiSH.720p.WEB.H264-CHOPiN/Files/Bobs.Burgers.S16E06.POLiSH.720p.WEB.H264-CHOPiN.nzb\",\"status\":\"completed\",\"startTime\":1768821512836,\"providerName\":\"Local\",\"totalBytes\":54269,\"endTime\":1768821513327},{\"id\":\"lv5puu\",\"filename\":\"Bobs.Burgers.S16E06.POLiSH.720p.WEB.H264-CHOPiN\",\"savePath\":\"nzb/Bobs.Burgers.S16E06.POLiSH.720p.WEB.H264-CHOPiN\",\"status\":\"queued\",\"startTime\":1768821512138,\"providerName\":\"UseNet Server\",\"providerId\":\"e166d369-19fa-404f-8f6c-a87b3ab96f7f\",\"externalId\":\"ghw4t\"}]"}
01-19 11:21:49.048  9111  9111 I Capacitor/Console: File: https://localhost/assets/index-D7ggTbo2.js - Line 314 - Msg: [DownloadManager] Poll emitting: lv5puu failed 0.5%
01-19 11:21:49.048  9111  9111 I Capacitor/Console: File: https://localhost/assets/index-D7ggTbo2.js - Line 314 - Msg: [useDownloads] handleProgress called: [object Object]
01-19 11:21:49.048  9111  9111 I Capacitor/Console: File: https://localhost/assets/index-D7ggTbo2.js - Line 314 - Msg: [useDownloads] handleProgress called: [object Object]
01-19 11:21:49.048  9111  9111 I Capacitor/Console: File: https://localhost/assets/index-D7ggTbo2.js - Line 314 - Msg: [useDownloads] handleProgress called: [object Object]
01-19 11:21:49.048  9111  9111 I Capacitor/Console: File: https://localhost/assets/index-D7ggTbo2.js - Line 314 - Msg: GenericDownloader: App component rendering
01-19 11:21:49.052  9111  9111 I Capacitor/Console: File: https://localhost/assets/index-D7ggTbo2.js - Line 314 - Msg: [SearchPanel] Component render, searching: false query: Bobs burgers 
01-19 11:21:49.155  2219  3764 D SemWifiEleStateTracker: Pressure Diff: 0.0
01-19 11:21:49.155  2219  3764 D SemWifiEleStateTracker: Barometer value: Prev 994.77124 Current 994.77124 mSmallBaroDetected : false
01-19 11:21:49.251  1704  5330 D vendor.qti.bluetooth@1.0-data_handler: isBtTpiAsyncEvent: true
01-19 11:21:49.251  1704  5330 D vendor.qti.hardware.bttpi-impl: operator(): TPI Async Pwr Report, dataLen-43
01-19 11:21:49.267  2219  5129 I NSLocationMonitor: getGPSUsingApps() called
01-19 11:21:49.267  5133  5164 I NSLocationManager_FLP: getGPSUsingApps, No change
01-19 11:21:49.270  2219  5129 D FreecessHandler: freeze com.dan.generic_nzb_downloader(10037) result : 12
01-19 11:21:49.298  9111  9111 I Capacitor/Console: File:  - Line 349 - Msg: [object Object]
01-19 11:21:49.298  9111  9215 V Capacitor/Plugin: To native (Capacitor plugin): callbackId: 76926435, pluginId: Preferences, methodName: get
01-19 11:21:49.298  9111  9215 V Capacitor: callback: 76926435, pluginId: Preferences, methodName: get, methodData: {"key":"history"}
01-19 11:21:49.299  9111  9111 I Capacitor/Console: File:  - Line 333 - Msg: {"value":"[{\"id\":\"ui01s8\",\"url\":\"https://www.usenet-crawler.com/getnzb/9143a7b2c7bdc6d53861dc826c94e52e.nzb&i=467400&r=5ea1448e6e515a93a885660a77981426\",\"filename\":\"Bobs.Burgers.S16E06.POLiSH.720p.WEB.H264-CHOPiN\",\"savePath\":\"Download/nzb/Bobs.Burgers.S16E06.POLiSH.720p.WEB.H264-CHOPiN/Files/Bobs.Burgers.S16E06.POLiSH.720p.WEB.H264-CHOPiN.nzb\",\"status\":\"completed\",\"startTime\":1768821512836,\"providerName\":\"Local\",\"totalBytes\":54269,\"endTime\":1768821513327},{\"id\":\"lv5puu\",\"filename\":\"Bobs.Burgers.S16E06.POLiSH.720p.WEB.H264-CHOPiN\",\"savePath\":\"nzb/Bobs.Burgers.S16E06.POLiSH.720p.WEB.H264-CHOPiN\",\"status\":\"queued\",\"startTime\":1768821512138,\"providerName\":\"UseNet Server\",\"providerId\":\"e166d369-19fa-404f-8f6c-a87b3ab96f7f\",\"externalId\":\"ghw4t\"}]"}
01-19 11:21:49.300  9111  9111 I Capacitor/Console: File: https://localhost/assets/index-D7ggTbo2.js - Line 314 - Msg: [DownloadManager] Poll emitting: lv5puu failed 0.5%
01-19 11:21:49.300  9111  9111 I Capacitor/Console: File: https://localhost/assets/index-D7ggTbo2.js - Line 314 - Msg: [useDownloads] handleProgress called: [object Object]
01-19 11:21:49.300  9111  9111 I Capacitor/Console: File: https://localhost/assets/index-D7ggTbo2.js - Line 314 - Msg: [useDownloads] handleProgress called: [object Object]
01-19 11:21:49.300  9111  9111 I Capacitor/Console: File: https://localhost/assets/index-D7ggTbo2.js - Line 314 - Msg: [useDownloads] handleProgress called: [object Object]
01-19 11:21:49.300  9111  9111 I Capacitor/Console: File: https://localhost/assets/index-D7ggTbo2.js - Line 314 - Msg: GenericDownloader: App component rendering
01-19 11:21:49.303  9111  9111 I Capacitor/Console: File: https://localhost/assets/index-D7ggTbo2.js - Line 314 - Msg: [SearchPanel] Component render, searching: false query: Bobs burgers 
01-19 11:21:49.304  2219  5129 I NSLocationMonitor: getGPSUsingApps() called
01-19 11:21:49.304  5133  5164 I NSLocationManager_FLP: getGPSUsingApps, No change
01-19 11:21:49.306  2219  5129 D FreecessHandler: freeze app.lawnchair.play(10440) result : 11
01-19 11:21:49.462  1847  1896 E HeatmapThread: ECT Thread time in milliseconds: 1768821709
01-19 11:21:49.464  1847  1896 D HeatmapThread: !@ batteryplugType : 2
01-19 11:21:49.464  1847  1896 D HeatmapThread: !@ batteryLevel : 92  batteryTemperature : 327 
01-19 11:21:49.464  1847  1896 D HeatmapThread: !@ Heatmap currtime: 29480361
01-19 11:21:49.464  1847  1896 D HeatmapThread: !@ Heatmap prevtime: 29480341
01-19 11:21:49.464  1847  1896 D HeatmapThread: !@ Heatmap plugstarttime: 29480268
01-19 11:21:49.464  1847  1896 D HeatmapThread: !@ Heatmap prevv_dsoh_update_time: 29480358
01-19 11:21:49.464  1847  1896 E HeatmapThread: !@ CAM New BSOH: 100
01-19 11:21:49.464  1847  1896 E HeatmapThread: !@ CAM is Working
01-19 11:21:49.545  9111  9215 V Capacitor/Plugin: To native (Capacitor plugin): callbackId: 76926436, pluginId: Preferences, methodName: get
01-19 11:21:49.545  9111  9111 I Capacitor/Console: File:  - Line 349 - Msg: [object Object]
01-19 11:21:49.545  9111  9215 V Capacitor: callback: 76926436, pluginId: Preferences, methodName: get, methodData: {"key":"history"}
01-19 11:21:49.546  9111  9111 I Capacitor/Console: File:  - Line 333 - Msg: {"value":"[{\"id\":\"ui01s8\",\"url\":\"https://www.usenet-crawler.com/getnzb/9143a7b2c7bdc6d53861dc826c94e52e.nzb&i=467400&r=5ea1448e6e515a93a885660a77981426\",\"filename\":\"Bobs.Burgers.S16E06.POLiSH.720p.WEB.H264-CHOPiN\",\"savePath\":\"Download/nzb/Bobs.Burgers.S16E06.POLiSH.720p.WEB.H264-CHOPiN/Files/Bobs.Burgers.S16E06.POLiSH.720p.WEB.H264-CHOPiN.nzb\",\"status\":\"completed\",\"startTime\":1768821512836,\"providerName\":\"Local\",\"totalBytes\":54269,\"endTime\":1768821513327},{\"id\":\"lv5puu\",\"filename\":\"Bobs.Burgers.S16E06.POLiSH.720p.WEB.H264-CHOPiN\",\"savePath\":\"nzb/Bobs.Burgers.S16E06.POLiSH.720p.WEB.H264-CHOPiN\",\"status\":\"queued\",\"startTime\":1768821512138,\"providerName\":\"UseNet Server\",\"providerId\":\"e166d369-19fa-404f-8f6c-a87b3ab96f7f\",\"externalId\":\"ghw4t\"}]"}
01-19 11:21:49.546  9111  9111 I Capacitor/Console: File: https://localhost/assets/index-D7ggTbo2.js - Line 314 - Msg: [DownloadManager] Poll emitting: lv5puu failed 0.5%
01-19 11:21:49.546  9111  9111 I Capacitor/Console: File: https://localhost/assets/index-D7ggTbo2.js - Line 314 - Msg: [useDownloads] handleProgress called: [object Object]
01-19 11:21:49.546  9111  9111 I Capacitor/Console: File: https://localhost/assets/index-D7ggTbo2.js - Line 314 - Msg: [useDownloads] handleProgress called: [object Object]
01-19 11:21:49.546  9111  9111 I Capacitor/Console: File: https://localhost/assets/index-D7ggTbo2.js - Line 314 - Msg: [useDownloads] handleProgress called: [object Object]
01-19 11:21:49.546  9111  9111 I Capacitor/Console: File: https://localhost/assets/index-D7ggTbo2.js - Line 314 - Msg: GenericDownloader: App component rendering
01-19 11:21:49.550  9111  9111 I Capacitor/Console: File: https://localhost/assets/index-D7ggTbo2.js - Line 314 - Msg: [SearchPanel] Component render, searching: false query: Bobs burgers 
01-19 11:21:49.627  1171  1171 D io_stats: !@   8,0 r 33943409 724824396 w 8165555 246649152 d 1131484 431414316 f 144611 522499 iot 2994840 0 th 0 0 0 pt 0 inp 0 0 283078.408
01-19 11:21:49.798  9111  9111 I Capacitor/Console: File:  - Line 349 - Msg: [object Object]
01-19 11:21:49.798  9111  9215 V Capacitor/Plugin: To native (Capacitor plugin): callbackId: 76926437, pluginId: Preferences, methodName: get
01-19 11:21:49.798  9111  9215 V Capacitor: callback: 76926437, pluginId: Preferences, methodName: get, methodData: {"key":"history"}
01-19 11:21:49.800  9111  9111 I Capacitor/Console: File:  - Line 333 - Msg: {"value":"[{\"id\":\"ui01s8\",\"url\":\"https://www.usenet-crawler.com/getnzb/9143a7b2c7bdc6d53861dc826c94e52e.nzb&i=467400&r=5ea1448e6e515a93a885660a77981426\",\"filename\":\"Bobs.Burgers.S16E06.POLiSH.720p.WEB.H264-CHOPiN\",\"savePath\":\"Download/nzb/Bobs.Burgers.S16E06.POLiSH.720p.WEB.H264-CHOPiN/Files/Bobs.Burgers.S16E06.POLiSH.720p.WEB.H264-CHOPiN.nzb\",\"status\":\"completed\",\"startTime\":1768821512836,\"providerName\":\"Local\",\"totalBytes\":54269,\"endTime\":1768821513327},{\"id\":\"lv5puu\",\"filename\":\"Bobs.Burgers.S16E06.POLiSH.720p.WEB.H264-CHOPiN\",\"savePath\":\"nzb/Bobs.Burgers.S16E06.POLiSH.720p.WEB.H264-CHOPiN\",\"status\":\"queued\",\"startTime\":1768821512138,\"providerName\":\"UseNet Server\",\"providerId\":\"e166d369-19fa-404f-8f6c-a87b3ab96f7f\",\"externalId\":\"ghw4t\"}]"}
01-19 11:21:49.800  9111  9111 I Capacitor/Console: File: https://localhost/assets/index-D7ggTbo2.js - Line 314 - Msg: [DownloadManager] Poll emitting: lv5puu failed 0.5%
01-19 11:21:49.800  9111  9111 I Capacitor/Console: File: https://localhost/assets/index-D7ggTbo2.js - Line 314 - Msg: [useDownloads] handleProgress called: [object Object]
01-19 11:21:49.800  9111  9111 I Capacitor/Console: File: https://localhost/assets/index-D7ggTbo2.js - Line 314 - Msg: [useDownloads] handleProgress called: [object Object]
01-19 11:21:49.800  9111  9111 I Capacitor/Console: File: https://localhost/assets/index-D7ggTbo2.js - Line 314 - Msg: [useDownloads] handleProgress called: [object Object]
01-19 11:21:49.800  9111  9111 I Capacitor/Console: File: https://localhost/assets/index-D7ggTbo2.js - Line 314 - Msg: GenericDownloader: App component rendering
01-19 11:21:49.803  9111  9111 I Capacitor/Console: File: https://localhost/assets/index-D7ggTbo2.js - Line 314 - Msg: [SearchPanel] Component render, searching: false query: Bobs burgers 
01-19 11:21:49.825  1720  3594 I sensors-hal: qsh_conn_event_cb:927, event[0] sensor:activities  Wakeup, msg_id=1025, ts=6287685285926
01-19 11:21:49.825  1720  3594 I sensors-hal: handle_sns_client_event:57, activities_event: msgid:1025
01-19 11:21:49.825  1720  3594 I sensors-hal: handle_sns_client_event:67, activities_event index 1 number 1 total 10
01-19 11:21:49.825  1720  3594 I sensors-hal: submit_data:121, Activities 55321794484254200037376.000000 ts 6287685285926
01-19 11:21:49.825  1720  3594 I sensors-hal: insert_awaking_events:873, smp2p_event, 35.activities, msgid:1025026
01-19 11:21:49.826  2219  3592 D CAE     : onGetSensorHubData(SensorHubParserProvider.java:92) - onGetSensorHubData Event [event buffer len :10], AP_WAKEUP
01-19 11:21:49.826  2219  3592 I CAE     : parse(SensorHubParserProvider.java:188) - buffer size = 10
01-19 11:21:49.827  2219  3592 I CAE     : parse(SensorHubParserProvider.java:199) - 1, 1, 26, 1, 2, 112, 59, 101, 1, 2,
01-19 11:21:49.827  2219  3592 D CAE     : display(ContextProvider.java:375) - ================= ACTIVITY_TRACKER =================
01-19 11:21:49.827  2219  3592 I CAE     : display(ContextProvider.java:391) - Accuracy=[2], OperationMode=[0], ActivityType=[1], TimeStamp=[1768821709669]
01-19 11:21:49.827  2219  3589 D SemContextService: Service.updateContext() : service = Activity Tracker
01-19 11:21:49.827  2219 21583 D SemContextManager: onSemContextChanged() : event = Activity Tracker
01-19 11:21:49.827  2219 21583 W ContextImpl: Calling a method in the system process without a qualified user: android.app.ContextImpl.sendBroadcast:1335 com.samsung.android.mocca.app.base.SemContextProvider.reportActivityEvent:148 com.samsung.android.mocca.app.base.SemContextProvider.lambda$new$3:50 com.samsung.android.mocca.app.base.SemContextProvider.a:0 x.i.onSemContextChanged:2 
01-19 11:21:49.847 29483 29483 I AudioPathManager: loadAudioPath() : loaded audio path is bluetooth (2)
01-19 11:21:49.847 29483 29483 I EffectManager: isSupportDolbyAtmosOnThisAudioPath() : path is bluetooth (2)
01-19 11:21:49.847 29483 29483 I UHQUpscalerManager: isUHQCompatibleBluetooth() : support is 0, mode is 1
01-19 11:21:49.847 29483 29483 I AudioPathManager: loadAudioPath() : loaded audio path is bluetooth (2)
01-19 11:21:49.847 29483 29483 I EffectManager: isSupportVoiceBoostOnCurrentAudioPath() : path is bluetooth (2)
01-19 11:21:49.847 29483 29483 I AudioPathManager: loadAudioPath() : loaded audio path is bluetooth (2)
01-19 11:21:49.847 29483 29483 I EffectManager: isSupportVolumeNormalizationOnCurrentAudioPath() : path is bluetooth (2)
01-19 11:21:49.847 29483 29483 I DVFSHelper: isNecessaryToBoostCPU() : isDolbyOn? false, isUHQUpscalerOn? false, isVoiceBoostOn? false, isVolumeNormalizationOn? true
01-19 11:21:49.864  1704  5330 I vendor.qti.bluetooth@1.0-ibs_handler: ProcessIbsCmd: Received IBS_SLEEP_IND: 0xFE
01-19 11:21:49.867  1704  5330 I vendor.qti.bluetooth@1.0-ibs_handler: ProcessIbsCmd: Received IBS_WAKE_IND: 0xFD
01-19 11:21:49.868  1704  5330 I vendor.qti.bluetooth@1.0-ibs_handler: ProcessIbsCmd: Writing IBS_WAKE_ACK
01-19 11:21:49.916  4190  5409 I ScanController: onScanResult to scannerId: 3- eventType=0x1b, addressType=1, address=XX:XX:XX:XX:DD:E9, primaryPhy=1, secondaryPhy=0, advertisingSid=0xff, txPower=127, rssi=-41, periodicAdvInt=0x0
01-19 11:21:49.928  2219  3605 E WifiStaIfaceAidlImpl: getCachedScanData failed with service-specific exception: android.os.ServiceSpecificException:  (code 4)
01-19 11:21:49.929  2219 16800 D SemWifiUsabilityStatsMonitor: onWifiUsabilityStats - seqNum 21725, isSameBssidAndFreq true
01-19 11:21:49.930  2219  3735 I SemWifiLinkQualityMonitor: Link stat: 753 / 55 / 1.22 (11) / 650 / -50.0 || 100.0 : 650.00 / 0.5 : 0.82 / 0.55 : 0.07 / G (G) || f4aa95b35240: 0.090 / 88.908 / N || N N / 0 0 / N 2.0 / N X 2 / 283078710 0 || 2026-01-19 11:21:49  / 0: 0 0 0 0 0 0 / 0: 0 0 0 0 0 0 / 0: 0 0 0 0 0 0
01-19 11:21:49.930  2219  3736 D InsDataManager: onOutageCountUpdate() - Outage Data: 0, LQ : N. Outage Triggered: false
01-19 11:21:49.931  2219  3736 E InsController: Error in onOutageCountUpdate: android.net.VpnTransportInfo cannot be cast to android.net.wifi.WifiInfo
01-19 11:21:49.931  2219  3736 D SemInsManager: {"bssid": "f4aa95b35240","rssi": -50.0,"latency": 0.08998104474322238,"outage_count": 0,"lq_callback_triggered": false,"outage_log": "Link stat: 753 / 55 / 1.22 (11) / 650 / -50.0 || 100.0 : 650.00 / 0.5 : 0.82 / 0.55 : 0.07 / G (G) || f4aa95b35240: 0.090 / 88.908 / N || N N / 0 0 / N 2.0 / N X 2 / 283078710 0 || 2026-01-19 11:21:49  / 0: 0 0 0 0 0 0 / 0: 0 0 0 0 0 0 / 0: 0 0 0 0 0 0""Magnetic Sensor Events size": "0""Pressure Sensor Events size": "0"}
01-19 11:21:49.931  2219  3753 D SGM:GameManager: identifyGamePackage. com.dan.generic_nzb_downloader, mCurrentUserId: 0, callingMethodInfo: com.samsung.android.game.SemGameManager.isGamePackage(SemGameManager.java:106)
01-19 11:21:49.931  2219  3753 D SGM:SemGameManager: isGamePackage(), pkgName=com.dan.generic_nzb_downloader, ret=false
01-19 11:21:50.022  2219  3666 D ActivityManager: sync unfroze 659 com.skms.android.agent:remote for 6
01-19 11:21:50.023  1704  5330 I vendor.qti.bluetooth@1.0-ibs_handler: ProcessIbsCmd: Received IBS_SLEEP_IND: 0xFE
01-19 11:21:50.027  2219  6967 W ProcessStats: Tracking association SourceState{807ac3c com.samsung.android.carkey/10118 Service #779706} whose proc state 8 is better than process ProcessState{87216a7 com.skms.android.agent:remote/1000 pkg=com.skms.android.agent} proc state 15 (0 skipped)
01-19 11:21:50.027  1704  5330 I vendor.qti.bluetooth@1.0-ibs_handler: ProcessIbsCmd: Received IBS_WAKE_IND: 0xFD
01-19 11:21:50.027  1704  5330 I vendor.qti.bluetooth@1.0-ibs_handler: ProcessIbsCmd: Writing IBS_WAKE_ACK
01-19 11:21:50.029 31998 10614 I GmscoreIpa: Starting mediastore instant index [CONTEXT service_id=255 ]
01-19 11:21:50.047  9111  9215 V Capacitor/Plugin: To native (Capacitor plugin): callbackId: 76926438, pluginId: Preferences, methodName: get
01-19 11:21:50.047  9111  9111 I Capacitor/Console: File:  - Line 349 - Msg: [object Object]
01-19 11:21:50.047  9111  9215 V Capacitor: callback: 76926438, pluginId: Preferences, methodName: get, methodData: {"key":"history"}
01-19 11:21:50.048  9111  9111 I Capacitor/Console: File:  - Line 333 - Msg: {"value":"[{\"id\":\"ui01s8\",\"url\":\"https://www.usenet-crawler.com/getnzb/9143a7b2c7bdc6d53861dc826c94e52e.nzb&i=467400&r=5ea1448e6e515a93a885660a77981426\",\"filename\":\"Bobs.Burgers.S16E06.POLiSH.720p.WEB.H264-CHOPiN\",\"savePath\":\"Download/nzb/Bobs.Burgers.S16E06.POLiSH.720p.WEB.H264-CHOPiN/Files/Bobs.Burgers.S16E06.POLiSH.720p.WEB.H264-CHOPiN.nzb\",\"status\":\"completed\",\"startTime\":1768821512836,\"providerName\":\"Local\",\"totalBytes\":54269,\"endTime\":1768821513327},{\"id\":\"lv5puu\",\"filename\":\"Bobs.Burgers.S16E06.POLiSH.720p.WEB.H264-CHOPiN\",\"savePath\":\"nzb/Bobs.Burgers.S16E06.POLiSH.720p.WEB.H264-CHOPiN\",\"status\":\"queued\",\"startTime\":1768821512138,\"providerName\":\"UseNet Server\",\"providerId\":\"e166d369-19fa-404f-8f6c-a87b3ab96f7f\",\"externalId\":\"ghw4t\"}]"}
01-19 11:21:50.048  9111  9111 I Capacitor/Console: File: https://localhost/assets/index-D7ggTbo2.js - Line 314 - Msg: [DownloadManager] Poll emitting: lv5puu failed 0.5%
01-19 11:21:50.048  9111  9111 I Capacitor/Console: File: https://localhost/assets/index-D7ggTbo2.js - Line 314 - Msg: [useDownloads] handleProgress called: [object Object]
01-19 11:21:50.048  9111  9111 I Capacitor/Console: File: https://localhost/assets/index-D7ggTbo2.js - Line 314 - Msg: [useDownloads] handleProgress called: [object Object]
01-19 11:21:50.048  9111  9111 I Capacitor/Console: File: https://localhost/assets/index-D7ggTbo2.js - Line 314 - Msg: [useDownloads] handleProgress called: [object Object]
01-19 11:21:50.048  9111  9111 I Capacitor/Console: File: https://localhost/assets/index-D7ggTbo2.js - Line 314 - Msg: GenericDownloader: App component rendering
01-19 11:21:50.052  9111  9111 I Capacitor/Console: File: https://localhost/assets/index-D7ggTbo2.js - Line 314 - Msg: [SearchPanel] Component render, searching: false query: Bobs burgers 
01-19 11:21:50.218  1720  8359 I sensors-hal: handle_sns_std_sensor_event:408, [SSC_LIGHT] P: 74(74),c:0,b:85,m:13,cl:0,l:72,s:74,l0:13088,l1:640,s0:12500,s1:0,acl:1,opr:0.09,f(r):86,u(bl):100,if:86,wi:0,si:0,0(N:0)
01-19 11:21:50.292  1720  8877 I sensors-hal: handle_sns_std_sensor_event:157, [1637] Pressure 994.772, cal 0.677, sw_offset 0.000 (lsb(bit) 0x33 0x36 0x61)
01-19 11:21:50.298  9111  9215 V Capacitor/Plugin: To native (Capacitor plugin): callbackId: 76926439, pluginId: Preferences, methodName: get
01-19 11:21:50.298  9111  9111 I Capacitor/Console: File:  - Line 349 - Msg: [object Object]
01-19 11:21:50.298  9111  9215 V Capacitor: callback: 76926439, pluginId: Preferences, methodName: get, methodData: {"key":"history"}
01-19 11:21:50.298  9111  9111 I Capacitor/Console: File:  - Line 333 - Msg: {"value":"[{\"id\":\"ui01s8\",\"url\":\"https://www.usenet-crawler.com/getnzb/9143a7b2c7bdc6d53861dc826c94e52e.nzb&i=467400&r=5ea1448e6e515a93a885660a77981426\",\"filename\":\"Bobs.Burgers.S16E06.POLiSH.720p.WEB.H264-CHOPiN\",\"savePath\":\"Download/nzb/Bobs.Burgers.S16E06.POLiSH.720p.WEB.H264-CHOPiN/Files/Bobs.Burgers.S16E06.POLiSH.720p.WEB.H264-CHOPiN.nzb\",\"status\":\"completed\",\"startTime\":1768821512836,\"providerName\":\"Local\",\"totalBytes\":54269,\"endTime\":1768821513327},{\"id\":\"lv5puu\",\"filename\":\"Bobs.Burgers.S16E06.POLiSH.720p.WEB.H264-CHOPiN\",\"savePath\":\"nzb/Bobs.Burgers.S16E06.POLiSH.720p.WEB.H264-CHOPiN\",\"status\":\"queued\",\"startTime\":1768821512138,\"providerName\":\"UseNet Server\",\"providerId\":\"e166d369-19fa-404f-8f6c-a87b3ab96f7f\",\"externalId\":\"ghw4t\"}]"}
01-19 11:21:50.298  9111  9111 I Capacitor/Console: File: https://localhost/assets/index-D7ggTbo2.js - Line 314 - Msg: [DownloadManager] Poll emitting: lv5puu failed 0.5%
01-19 11:21:50.298  9111  9111 I Capacitor/Console: File: https://localhost/assets/index-D7ggTbo2.js - Line 314 - Msg: [useDownloads] handleProgress called: [object Object]
01-19 11:21:50.299  9111  9111 I Capacitor/Console: File: https://localhost/assets/index-D7ggTbo2.js - Line 314 - Msg: [useDownloads] handleProgress called: [object Object]
01-19 11:21:50.299  9111  9111 I Capacitor/Console: File: https://localhost/assets/index-D7ggTbo2.js - Line 314 - Msg: [useDownloads] handleProgress called: [object Object]
01-19 11:21:50.299  9111  9111 I Capacitor/Console: File: https://localhost/assets/index-D7ggTbo2.js - Line 314 - Msg: GenericDownloader: App component rendering
01-19 11:21:50.301  1860  1943 I VSyncReactor: Current= 120, Period= 120, Distance= 1
01-19 11:21:50.301  9111  9111 I Capacitor/Console: File: https://localhost/assets/index-D7ggTbo2.js - Line 314 - Msg: [SearchPanel] Component render, searching: false query: Bobs burgers 
01-19 11:21:50.309  1860  1943 I VSyncReactor: Current= 120, Period= 120, Distance= 120
01-19 11:21:50.447  1704  5330 I vendor.qti.bluetooth@1.0-ibs_handler: ProcessIbsCmd: Received IBS_SLEEP_IND: 0xFE
01-19 11:21:50.450  1704  5330 I vendor.qti.bluetooth@1.0-ibs_handler: ProcessIbsCmd: Received IBS_WAKE_IND: 0xFD
01-19 11:21:50.450  1704  5330 I vendor.qti.bluetooth@1.0-ibs_handler: ProcessIbsCmd: Writing IBS_WAKE_ACK
01-19 11:21:50.462  1847  1896 E HeatmapThread: ECT Thread time in milliseconds: 1768821710
01-19 11:21:50.464  1847  1896 D HeatmapThread: !@ batteryplugType : 2
01-19 11:21:50.464  1847  1896 D HeatmapThread: !@ batteryLevel : 92  batteryTemperature : 327 
01-19 11:21:50.464  1847  1896 D HeatmapThread: !@ Heatmap currtime: 29480361
01-19 11:21:50.464  1847  1896 D HeatmapThread: !@ Heatmap prevtime: 29480341
01-19 11:21:50.464  1847  1896 D HeatmapThread: !@ Heatmap plugstarttime: 29480268
01-19 11:21:50.464  1847  1896 D HeatmapThread: !@ Heatmap prevv_dsoh_update_time: 29480358
01-19 11:21:50.464  1847  1896 E HeatmapThread: !@ CAM New BSOH: 100
01-19 11:21:50.464  1847  1896 E HeatmapThread: !@ CAM is Working
01-19 11:21:50.545  9111  9111 I Capacitor/Console: File:  - Line 349 - Msg: [object Object]
01-19 11:21:50.545  9111  9215 V Capacitor/Plugin: To native (Capacitor plugin): callbackId: 76926440, pluginId: Preferences, methodName: get
01-19 11:21:50.545  9111  9215 V Capacitor: callback: 76926440, pluginId: Preferences, methodName: get, methodData: {"key":"history"}
01-19 11:21:50.546  9111  9111 I Capacitor/Console: File:  - Line 333 - Msg: {"value":"[{\"id\":\"ui01s8\",\"url\":\"https://www.usenet-crawler.com/getnzb/9143a7b2c7bdc6d53861dc826c94e52e.nzb&i=467400&r=5ea1448e6e515a93a885660a77981426\",\"filename\":\"Bobs.Burgers.S16E06.POLiSH.720p.WEB.H264-CHOPiN\",\"savePath\":\"Download/nzb/Bobs.Burgers.S16E06.POLiSH.720p.WEB.H264-CHOPiN/Files/Bobs.Burgers.S16E06.POLiSH.720p.WEB.H264-CHOPiN.nzb\",\"status\":\"completed\",\"startTime\":1768821512836,\"providerName\":\"Local\",\"totalBytes\":54269,\"endTime\":1768821513327},{\"id\":\"lv5puu\",\"filename\":\"Bobs.Burgers.S16E06.POLiSH.720p.WEB.H264-CHOPiN\",\"savePath\":\"nzb/Bobs.Burgers.S16E06.POLiSH.720p.WEB.H264-CHOPiN\",\"status\":\"queued\",\"startTime\":1768821512138,\"providerName\":\"UseNet Server\",\"providerId\":\"e166d369-19fa-404f-8f6c-a87b3ab96f7f\",\"externalId\":\"ghw4t\"}]"}
01-19 11:21:50.546  9111  9111 I Capacitor/Console: File: https://localhost/assets/index-D7ggTbo2.js - Line 314 - Msg: [DownloadManager] Poll emitting: lv5puu failed 0.5%
01-19 11:21:50.546  9111  9111 I Capacitor/Console: File: https://localhost/assets/index-D7ggTbo2.js - Line 314 - Msg: [useDownloads] handleProgress called: [object Object]
01-19 11:21:50.546  9111  9111 I Capacitor/Console: File: https://localhost/assets/index-D7ggTbo2.js - Line 314 - Msg: [useDownloads] handleProgress called: [object Object]
01-19 11:21:50.546  9111  9111 I Capacitor/Console: File: https://localhost/assets/index-D7ggTbo2.js - Line 314 - Msg: [useDownloads] handleProgress called: [object Object]
01-19 11:21:50.546  9111  9111 I Capacitor/Console: File: https://localhost/assets/index-D7ggTbo2.js - Line 314 - Msg: GenericDownloader: App component rendering
01-19 11:21:50.551  9111  9111 I Capacitor/Console: File: https://localhost/assets/index-D7ggTbo2.js - Line 314 - Msg: [SearchPanel] Component render, searching: false query: Bobs burgers 
01-19 11:21:50.798  9111  9215 V Capacitor/Plugin: To native (Capacitor plugin): callbackId: 76926441, pluginId: Preferences, methodName: get
01-19 11:21:50.798  9111  9111 I Capacitor/Console: File:  - Line 349 - Msg: [object Object]
01-19 11:21:50.798  9111  9215 V Capacitor: callback: 76926441, pluginId: Preferences, methodName: get, methodData: {"key":"history"}
01-19 11:21:50.799  9111  9111 I Capacitor/Console: File:  - Line 333 - Msg: {"value":"[{\"id\":\"ui01s8\",\"url\":\"https://www.usenet-crawler.com/getnzb/9143a7b2c7bdc6d53861dc826c94e52e.nzb&i=467400&r=5ea1448e6e515a93a885660a77981426\",\"filename\":\"Bobs.Burgers.S16E06.POLiSH.720p.WEB.H264-CHOPiN\",\"savePath\":\"Download/nzb/Bobs.Burgers.S16E06.POLiSH.720p.WEB.H264-CHOPiN/Files/Bobs.Burgers.S16E06.POLiSH.720p.WEB.H264-CHOPiN.nzb\",\"status\":\"completed\",\"startTime\":1768821512836,\"providerName\":\"Local\",\"totalBytes\":54269,\"endTime\":1768821513327},{\"id\":\"lv5puu\",\"filename\":\"Bobs.Burgers.S16E06.POLiSH.720p.WEB.H264-CHOPiN\",\"savePath\":\"nzb/Bobs.Burgers.S16E06.POLiSH.720p.WEB.H264-CHOPiN\",\"status\":\"queued\",\"startTime\":1768821512138,\"providerName\":\"UseNet Server\",\"providerId\":\"e166d369-19fa-404f-8f6c-a87b3ab96f7f\",\"externalId\":\"ghw4t\"}]"}
01-19 11:21:50.799  9111  9111 I Capacitor/Console: File: https://localhost/assets/index-D7ggTbo2.js - Line 314 - Msg: [DownloadManager] Poll emitting: lv5puu failed 0.5%
01-19 11:21:50.799  9111  9111 I Capacitor/Console: File: https://localhost/assets/index-D7ggTbo2.js - Line 314 - Msg: [useDownloads] handleProgress called: [object Object]
01-19 11:21:50.799  9111  9111 I Capacitor/Console: File: https://localhost/assets/index-D7ggTbo2.js - Line 314 - Msg: [useDownloads] handleProgress called: [object Object]
01-19 11:21:50.800  9111  9111 I Capacitor/Console: File: https://localhost/assets/index-D7ggTbo2.js - Line 314 - Msg: [useDownloads] handleProgress called: [object Object]
01-19 11:21:50.800  9111  9111 I Capacitor/Console: File: https://localhost/assets/index-D7ggTbo2.js - Line 314 - Msg: GenericDownloader: App component rendering
01-19 11:21:50.803  9111  9111 I Capacitor/Console: File: https://localhost/assets/index-D7ggTbo2.js - Line 314 - Msg: [SearchPanel] Component render, searching: false query: Bobs burgers 
01-19 11:21:50.843  2219  2341 D BatteryExternalStatsWorker: update stats : procstate-change (10)
01-19 11:21:50.843  2219  2341 D BatteryExternalStatsWorker: Fetch WiFi data
01-19 11:21:50.843  2219  2341 D BatteryExternalStatsWorker: Update Rail Energy data
01-19 11:21:50.850  2219  3605 E WifiStaIfaceAidlImpl: getCachedScanData failed with service-specific exception: android.os.ServiceSpecificException:  (code 4)
01-19 11:21:50.850  2219  2341 D BatteryExternalStatsWorker: mStats lock released
01-19 11:21:50.853  2219  2341 D BatteryExternalStatsWorker: Update wifi state
01-19 11:21:50.853  2219  2341 D BatteryExternalStatsWorker: done updateExternalStatsLocked
01-19 11:21:51.044  1753  3134 I StatsHandler: [avcD_210] Stats: Pending(0) i/p-done(0) Works: Q: 238/Done 226|Work-Rate: Q(0.0/s Avg=0.0/s) Done(0.000/s Avg=0.037/s)| Stream: 30.00fps 2.3Mbps
01-19 11:21:51.044  1753  3134 I StatsHandler: [avcD_210] Mem-usage:  [In-1D: 15 bufs 120.000 MB] [1D-2363: 33 bufs 0.516 MB] [2D-2364: 18 bufs 57.375 MB] | Total: 177.891 MB
01-19 11:21:51.044  1753  3134 I StatsHandler: [avcD_218] Stats: Pending(0) i/p-done(0) Works: Q: 169/Done 170|Work-Rate: Q(0.0/s Avg=0.0/s) Done(0.000/s Avg=0.029/s)| Stream: 30.00fps 1.6Mbps
01-19 11:21:51.044  1753  3134 I StatsHandler: [avcD_218] Mem-usage:  [In-1D: 11 bufs 88.000 MB] [1D-2379: 28 bufs 0.438 MB] [2D-2380: 18 bufs 25.734 MB] | Total: 114.172 MB
01-19 11:21:51.044  1753  3134 I StatsHandler: [avcD_219] Stats: Pending(0) i/p-done(0) Works: Q: 294/Done 282|Work-Rate: Q(0.0/s Avg=0.1/s) Done(0.000/s Avg=0.048/s)| Stream: 30.00fps 1.6Mbps
01-19 11:21:51.044  1753  3134 I StatsHandler: [avcD_219] Mem-usage:  [In-1D: 11 bufs 88.000 MB] [1D-2381: 29 bufs 0.453 MB] [2D-2382: 18 bufs 25.734 MB] | Total: 114.188 MB
01-19 11:21:51.047  9111  9215 V Capacitor/Plugin: To native (Capacitor plugin): callbackId: 76926442, pluginId: Preferences, methodName: get
01-19 11:21:51.047  9111  9111 I Capacitor/Console: File:  - Line 349 - Msg: [object Object]
