01-19 11:21:25.483  4190  5447 I bt_shim_scanner: system/main/shim/le_scanning_manager.cc:151 Scan: in shim layer started
01-19 11:21:25.483  4190  4693 I bluetooth: system/gd/hci/le_scanning_manager.cc:765 stop_scan: Scanning already stopped, return!
01-19 11:21:25.483  4190  4693 W bluetooth: system/gd/hci/le_scanning_manager.cc:732 start_scan: start_scan
01-19 11:21:25.483  4190  4693 W bluetooth: system/gd/hci/le_scanning_manager.cc:735 start_scan: Register address manager
01-19 11:21:25.483  4190  4693 I bluetooth: system/gd/hci/le_address_manager.cc:263 register_client: Client registered
01-19 11:21:25.483  1704  5330 I vendor.qti.bluetooth@1.0-ibs_handler: ProcessIbsCmd: Received IBS_WAKE_IND: 0xFD
01-19 11:21:25.483  1704  5330 I vendor.qti.bluetooth@1.0-ibs_handler: ProcessIbsCmd: Writing IBS_WAKE_ACK
01-19 11:21:25.548  9111  9215 V Capacitor/Plugin: To native (Capacitor plugin): callbackId: 76926340, pluginId: Preferences, methodName: get
01-19 11:21:25.548  9111  9111 I Capacitor/Console: File:  - Line 349 - Msg: [object Object]
01-19 11:21:25.548  9111  9215 V Capacitor: callback: 76926340, pluginId: Preferences, methodName: get, methodData: {"key":"history"}
01-19 11:21:25.549  2219  3734 I BatteryService_BatteryPropertiesRegistrar: [getProperty]id:6
01-19 11:21:25.549  2219  3734 I BatteryService_BatteryPropertiesRegistrar: [getProperty]prop.long:-9223372036854775808 ,prop.string:null
01-19 11:21:25.549  2219  3734 I BatteryService_BatteryPropertiesRegistrar: [getProperty]id:4
01-19 11:21:25.549  2219  3734 I BatteryService_BatteryPropertiesRegistrar: [getProperty]prop.long:-9223372036854775808 ,prop.string:null
01-19 11:21:25.549  9111  9111 I Capacitor/Console: File:  - Line 333 - Msg: {"value":"[{\"id\":\"ui01s8\",\"url\":\"https://www.usenet-crawler.com/getnzb/9143a7b2c7bdc6d53861dc826c94e52e.nzb&i=467400&r=5ea1448e6e515a93a885660a77981426\",\"filename\":\"Bobs.Burgers.S16E06.POLiSH.720p.WEB.H264-CHOPiN\",\"savePath\":\"Download/nzb/Bobs.Burgers.S16E06.POLiSH.720p.WEB.H264-CHOPiN/Files/Bobs.Burgers.S16E06.POLiSH.720p.WEB.H264-CHOPiN.nzb\",\"status\":\"completed\",\"startTime\":1768821512836,\"providerName\":\"Local\",\"totalBytes\":54269,\"endTime\":1768821513327},{\"id\":\"lv5puu\",\"filename\":\"Bobs.Burgers.S16E06.POLiSH.720p.WEB.H264-CHOPiN\",\"savePath\":\"nzb/Bobs.Burgers.S16E06.POLiSH.720p.WEB.H264-CHOPiN\",\"status\":\"queued\",\"startTime\":1768821512138,\"providerName\":\"UseNet Server\",\"providerId\":\"e166d369-19fa-404f-8f6c-a87b3ab96f7f\",\"externalId\":\"ghw4t\"}]"}
01-19 11:21:25.550  9111  9111 I Capacitor/Console: File: https://localhost/assets/index-D7ggTbo2.js - Line 314 - Msg: [DownloadManager] Poll emitting: lv5puu failed 0.5%
01-19 11:21:25.550  2219  3734 I SemWifiIntelligentTrainingManager: Tr. cond. check: true / 2 (2) / true / 0 (1)
01-19 11:21:25.550  2219  3734 I BatteryService_BatteryPropertiesRegistrar: [getProperty]id:6
01-19 11:21:25.550  2219  3734 I BatteryService_BatteryPropertiesRegistrar: [getProperty]prop.long:-9223372036854775808 ,prop.string:null
01-19 11:21:25.550  9111  9111 I Capacitor/Console: File: https://localhost/assets/index-D7ggTbo2.js - Line 314 - Msg: [useDownloads] handleProgress called: [object Object]
01-19 11:21:25.550  2219  3734 I BatteryService_BatteryPropertiesRegistrar: [getProperty]id:4
01-19 11:21:25.550  2219  3734 I BatteryService_BatteryPropertiesRegistrar: [getProperty]prop.long:-9223372036854775808 ,prop.string:null
01-19 11:21:25.550  9111  9111 I Capacitor/Console: File: https://localhost/assets/index-D7ggTbo2.js - Line 314 - Msg: [useDownloads] handleProgress called: [object Object]
01-19 11:21:25.550  9111  9111 I Capacitor/Console: File: https://localhost/assets/index-D7ggTbo2.js - Line 314 - Msg: [useDownloads] handleProgress called: [object Object]
01-19 11:21:25.550  2219  3734 D SemWifiIntelligentConnectionManager: IWH tr data stats : 1036 / 626
01-19 11:21:25.550  9111  9111 I Capacitor/Console: File: https://localhost/assets/index-D7ggTbo2.js - Line 314 - Msg: GenericDownloader: App component rendering
01-19 11:21:25.553  9111  9111 I Capacitor/Console: File: https://localhost/assets/index-D7ggTbo2.js - Line 314 - Msg: [SearchPanel] Component render, searching: false query: Bobs burgers 
01-19 11:21:25.567  2219  3710 I ChimeraGenieUnloadPolicyHandler: LRU list is empty
01-19 11:21:25.621  1171  1171 D io_stats: !@   8,0 r 33943292 724817336 w 8165391 246639580 d 1131476 431413868 f 144610 522493 iot 2994744 0 th 0 0 0 pt 0 inp 0 0 283054.402
01-19 11:21:25.790  2219  3605 E WifiStaIfaceAidlImpl: getCachedScanData failed with service-specific exception: android.os.ServiceSpecificException:  (code 4)
01-19 11:21:25.792  2219 16800 D SemWifiUsabilityStatsMonitor: onWifiUsabilityStats - seqNum 21717, isSameBssidAndFreq true
01-19 11:21:25.793  2219  3735 I SemWifiLinkQualityMonitor: Link stat: 1085 / 72 / 1.86 (13) / 650 / -50.0 || 100.0 : 650.00 / 0.5 : 0.54 / 0.55 : 0.07 / G (G) || f4aa95b35240: 0.256 / 31.254 / N || N N / 0 0 / N 2.0 / N X 2 / 283054573 0 || 2026-01-19 11:21:25  / 0: 0 0 0 0 0 0 / 0: 0 0 0 0 0 0 / 0: 0 0 0 0 0 0
01-19 11:21:25.793  2219  3736 D InsDataManager: onOutageCountUpdate() - Outage Data: 0, LQ : N. Outage Triggered: false
01-19 11:21:25.793  2219  3736 E InsController: Error in onOutageCountUpdate: android.net.VpnTransportInfo cannot be cast to android.net.wifi.WifiInfo
01-19 11:21:25.793  2219  3736 D SemInsManager: {"bssid": "f4aa95b35240","rssi": -50.0,"latency": 0.25596780317412104,"outage_count": 0,"lq_callback_triggered": false,"outage_log": "Link stat: 1085 / 72 / 1.86 (13) / 650 / -50.0 || 100.0 : 650.00 / 0.5 : 0.54 / 0.55 : 0.07 / G (G) || f4aa95b35240: 0.256 / 31.254 / N || N N / 0 0 / N 2.0 / N X 2 / 283054573 0 || 2026-01-19 11:21:25  / 0: 0 0 0 0 0 0 / 0: 0 0 0 0 0 0 / 0: 0 0 0 0 0 0""Magnetic Sensor Events size": "0""Pressure Sensor Events size": "0"}
01-19 11:21:25.794  2219  3753 D SGM:GameManager: identifyGamePackage. com.dan.generic_nzb_downloader, mCurrentUserId: 0, callingMethodInfo: com.samsung.android.game.SemGameManager.isGamePackage(SemGameManager.java:106)
01-19 11:21:25.794  2219  3753 D SGM:SemGameManager: isGamePackage(), pkgName=com.dan.generic_nzb_downloader, ret=false
01-19 11:21:25.798  9111  9111 I Capacitor/Console: File:  - Line 349 - Msg: [object Object]
01-19 11:21:25.798  9111  9215 V Capacitor/Plugin: To native (Capacitor plugin): callbackId: 76926341, pluginId: Preferences, methodName: get
01-19 11:21:25.798  9111  9215 V Capacitor: callback: 76926341, pluginId: Preferences, methodName: get, methodData: {"key":"history"}
01-19 11:21:25.800  9111  9111 I Capacitor/Console: File:  - Line 333 - Msg: {"value":"[{\"id\":\"ui01s8\",\"url\":\"https://www.usenet-crawler.com/getnzb/9143a7b2c7bdc6d53861dc826c94e52e.nzb&i=467400&r=5ea1448e6e515a93a885660a77981426\",\"filename\":\"Bobs.Burgers.S16E06.POLiSH.720p.WEB.H264-CHOPiN\",\"savePath\":\"Download/nzb/Bobs.Burgers.S16E06.POLiSH.720p.WEB.H264-CHOPiN/Files/Bobs.Burgers.S16E06.POLiSH.720p.WEB.H264-CHOPiN.nzb\",\"status\":\"completed\",\"startTime\":1768821512836,\"providerName\":\"Local\",\"totalBytes\":54269,\"endTime\":1768821513327},{\"id\":\"lv5puu\",\"filename\":\"Bobs.Burgers.S16E06.POLiSH.720p.WEB.H264-CHOPiN\",\"savePath\":\"nzb/Bobs.Burgers.S16E06.POLiSH.720p.WEB.H264-CHOPiN\",\"status\":\"queued\",\"startTime\":1768821512138,\"providerName\":\"UseNet Server\",\"providerId\":\"e166d369-19fa-404f-8f6c-a87b3ab96f7f\",\"externalId\":\"ghw4t\"}]"}
01-19 11:21:25.800  9111  9111 I Capacitor/Console: File: https://localhost/assets/index-D7ggTbo2.js - Line 314 - Msg: [DownloadManager] Poll emitting: lv5puu failed 0.5%
01-19 11:21:25.800  9111  9111 I Capacitor/Console: File: https://localhost/assets/index-D7ggTbo2.js - Line 314 - Msg: [useDownloads] handleProgress called: [object Object]
01-19 11:21:25.800  9111  9111 I Capacitor/Console: File: https://localhost/assets/index-D7ggTbo2.js - Line 314 - Msg: [useDownloads] handleProgress called: [object Object]
01-19 11:21:25.800  9111  9111 I Capacitor/Console: File: https://localhost/assets/index-D7ggTbo2.js - Line 314 - Msg: [useDownloads] handleProgress called: [object Object]
01-19 11:21:25.800  9111  9111 I Capacitor/Console: File: https://localhost/assets/index-D7ggTbo2.js - Line 314 - Msg: GenericDownloader: App component rendering
01-19 11:21:25.803  9111  9111 I Capacitor/Console: File: https://localhost/assets/index-D7ggTbo2.js - Line 314 - Msg: [SearchPanel] Component render, searching: false query: Bobs burgers 
01-19 11:21:25.827 29483 29483 I AudioPathManager: loadAudioPath() : loaded audio path is bluetooth (2)
01-19 11:21:25.827 29483 29483 I EffectManager: isSupportDolbyAtmosOnThisAudioPath() : path is bluetooth (2)
01-19 11:21:25.827 29483 29483 I UHQUpscalerManager: isUHQCompatibleBluetooth() : support is 0, mode is 1
01-19 11:21:25.827 29483 29483 I AudioPathManager: loadAudioPath() : loaded audio path is bluetooth (2)
01-19 11:21:25.827 29483 29483 I EffectManager: isSupportVoiceBoostOnCurrentAudioPath() : path is bluetooth (2)
01-19 11:21:25.827 29483 29483 I AudioPathManager: loadAudioPath() : loaded audio path is bluetooth (2)
01-19 11:21:25.827 29483 29483 I EffectManager: isSupportVolumeNormalizationOnCurrentAudioPath() : path is bluetooth (2)
01-19 11:21:25.827 29483 29483 I DVFSHelper: isNecessaryToBoostCPU() : isDolbyOn? false, isUHQUpscalerOn? false, isVoiceBoostOn? false, isVolumeNormalizationOn? true
01-19 11:21:25.971  6625  6625 I SDHMS:LOAD: type: LoadsFreqs, value: 57:32:1:2527104:4473600:1017600:1630847:3532800:1152000:204:222:160
01-19 11:21:26.042  1753  3134 I StatsHandler: [avcD_210] Stats: Pending(0) i/p-done(0) Works: Q: 238/Done 226|Work-Rate: Q(0.0/s Avg=0.0/s) Done(0.000/s Avg=0.037/s)| Stream: 30.00fps 2.3Mbps
01-19 11:21:26.042  1753  3134 I StatsHandler: [avcD_210] Mem-usage:  [In-1D: 15 bufs 120.000 MB] [1D-2363: 33 bufs 0.516 MB] [2D-2364: 18 bufs 57.375 MB] | Total: 177.891 MB
01-19 11:21:26.042  1753  3134 I StatsHandler: [avcD_218] Stats: Pending(0) i/p-done(0) Works: Q: 169/Done 170|Work-Rate: Q(0.0/s Avg=0.0/s) Done(0.000/s Avg=0.029/s)| Stream: 30.00fps 1.6Mbps
01-19 11:21:26.042  1753  3134 I StatsHandler: [avcD_218] Mem-usage:  [In-1D: 11 bufs 88.000 MB] [1D-2379: 28 bufs 0.438 MB] [2D-2380: 18 bufs 25.734 MB] | Total: 114.172 MB
01-19 11:21:26.042  1753  3134 I StatsHandler: [avcD_219] Stats: Pending(0) i/p-done(0) Works: Q: 294/Done 282|Work-Rate: Q(0.0/s Avg=0.1/s) Done(0.000/s Avg=0.048/s)| Stream: 30.00fps 1.6Mbps
01-19 11:21:26.042  1753  3134 I StatsHandler: [avcD_219] Mem-usage:  [In-1D: 11 bufs 88.000 MB] [1D-2381: 29 bufs 0.453 MB] [2D-2382: 18 bufs 25.734 MB] | Total: 114.188 MB
01-19 11:21:26.047  9111  9111 I Capacitor/Console: File:  - Line 349 - Msg: [object Object]
01-19 11:21:26.047  9111  9215 V Capacitor/Plugin: To native (Capacitor plugin): callbackId: 76926342, pluginId: Preferences, methodName: get
01-19 11:21:26.047  9111  9215 V Capacitor: callback: 76926342, pluginId: Preferences, methodName: get, methodData: {"key":"history"}
01-19 11:21:26.048  9111  9111 I Capacitor/Console: File:  - Line 333 - Msg: {"value":"[{\"id\":\"ui01s8\",\"url\":\"https://www.usenet-crawler.com/getnzb/9143a7b2c7bdc6d53861dc826c94e52e.nzb&i=467400&r=5ea1448e6e515a93a885660a77981426\",\"filename\":\"Bobs.Burgers.S16E06.POLiSH.720p.WEB.H264-CHOPiN\",\"savePath\":\"Download/nzb/Bobs.Burgers.S16E06.POLiSH.720p.WEB.H264-CHOPiN/Files/Bobs.Burgers.S16E06.POLiSH.720p.WEB.H264-CHOPiN.nzb\",\"status\":\"completed\",\"startTime\":1768821512836,\"providerName\":\"Local\",\"totalBytes\":54269,\"endTime\":1768821513327},{\"id\":\"lv5puu\",\"filename\":\"Bobs.Burgers.S16E06.POLiSH.720p.WEB.H264-CHOPiN\",\"savePath\":\"nzb/Bobs.Burgers.S16E06.POLiSH.720p.WEB.H264-CHOPiN\",\"status\":\"queued\",\"startTime\":1768821512138,\"providerName\":\"UseNet Server\",\"providerId\":\"e166d369-19fa-404f-8f6c-a87b3ab96f7f\",\"externalId\":\"ghw4t\"}]"}
01-19 11:21:26.048  9111  9111 I Capacitor/Console: File: https://localhost/assets/index-D7ggTbo2.js - Line 314 - Msg: [DownloadManager] Poll emitting: lv5puu failed 0.5%
01-19 11:21:26.048  9111  9111 I Capacitor/Console: File: https://localhost/assets/index-D7ggTbo2.js - Line 314 - Msg: [useDownloads] handleProgress called: [object Object]
01-19 11:21:26.048  9111  9111 I Capacitor/Console: File: https://localhost/assets/index-D7ggTbo2.js - Line 314 - Msg: [useDownloads] handleProgress called: [object Object]
01-19 11:21:26.049  9111  9111 I Capacitor/Console: File: https://localhost/assets/index-D7ggTbo2.js - Line 314 - Msg: [useDownloads] handleProgress called: [object Object]
01-19 11:21:26.049  9111  9111 I Capacitor/Console: File: https://localhost/assets/index-D7ggTbo2.js - Line 314 - Msg: GenericDownloader: App component rendering
01-19 11:21:26.054  9111  9111 I Capacitor/Console: File: https://localhost/assets/index-D7ggTbo2.js - Line 314 - Msg: [SearchPanel] Component render, searching: false query: Bobs burgers 
01-19 11:21:26.129  1704  5330 I vendor.qti.bluetooth@1.0-ibs_handler: ProcessIbsCmd: Received IBS_SLEEP_IND: 0xFE
01-19 11:21:26.130  1704  5330 I vendor.qti.bluetooth@1.0-ibs_handler: ProcessIbsCmd: Received IBS_WAKE_IND: 0xFD
01-19 11:21:26.130  1704  5330 I vendor.qti.bluetooth@1.0-ibs_handler: ProcessIbsCmd: Writing IBS_WAKE_ACK
01-19 11:21:26.273  2314  2314 I CNSS    : /sys/wifi/max_chipset_log_size doesn't exist
01-19 11:21:26.292  1720  8877 I sensors-hal: handle_sns_std_sensor_event:157, [1487] Pressure 994.777, cal 0.677, sw_offset 0.000 (lsb(bit) 0x4c 0x36 0x61)
01-19 11:21:26.298  9111  9215 V Capacitor/Plugin: To native (Capacitor plugin): callbackId: 76926343, pluginId: Preferences, methodName: get
01-19 11:21:26.298  9111  9111 I Capacitor/Console: File:  - Line 349 - Msg: [object Object]
01-19 11:21:26.298  9111  9215 V Capacitor: callback: 76926343, pluginId: Preferences, methodName: get, methodData: {"key":"history"}
01-19 11:21:26.299  9111  9111 I Capacitor/Console: File:  - Line 333 - Msg: {"value":"[{\"id\":\"ui01s8\",\"url\":\"https://www.usenet-crawler.com/getnzb/9143a7b2c7bdc6d53861dc826c94e52e.nzb&i=467400&r=5ea1448e6e515a93a885660a77981426\",\"filename\":\"Bobs.Burgers.S16E06.POLiSH.720p.WEB.H264-CHOPiN\",\"savePath\":\"Download/nzb/Bobs.Burgers.S16E06.POLiSH.720p.WEB.H264-CHOPiN/Files/Bobs.Burgers.S16E06.POLiSH.720p.WEB.H264-CHOPiN.nzb\",\"status\":\"completed\",\"startTime\":1768821512836,\"providerName\":\"Local\",\"totalBytes\":54269,\"endTime\":1768821513327},{\"id\":\"lv5puu\",\"filename\":\"Bobs.Burgers.S16E06.POLiSH.720p.WEB.H264-CHOPiN\",\"savePath\":\"nzb/Bobs.Burgers.S16E06.POLiSH.720p.WEB.H264-CHOPiN\",\"status\":\"queued\",\"startTime\":1768821512138,\"providerName\":\"UseNet Server\",\"providerId\":\"e166d369-19fa-404f-8f6c-a87b3ab96f7f\",\"externalId\":\"ghw4t\"}]"}
01-19 11:21:26.299  9111  9111 I Capacitor/Console: File: https://localhost/assets/index-D7ggTbo2.js - Line 314 - Msg: [DownloadManager] Poll emitting: lv5puu failed 0.5%
01-19 11:21:26.299  9111  9111 I Capacitor/Console: File: https://localhost/assets/index-D7ggTbo2.js - Line 314 - Msg: [useDownloads] handleProgress called: [object Object]
01-19 11:21:26.299  9111  9111 I Capacitor/Console: File: https://localhost/assets/index-D7ggTbo2.js - Line 314 - Msg: [useDownloads] handleProgress called: [object Object]
01-19 11:21:26.299  9111  9111 I Capacitor/Console: File: https://localhost/assets/index-D7ggTbo2.js - Line 314 - Msg: [useDownloads] handleProgress called: [object Object]
01-19 11:21:26.300  9111  9111 I Capacitor/Console: File: https://localhost/assets/index-D7ggTbo2.js - Line 314 - Msg: GenericDownloader: App component rendering
01-19 11:21:26.300  1860  1943 I VSyncReactor: Current= 120, Period= 120, Distance= 1
01-19 11:21:26.301  9111  9111 I Capacitor/Console: File: https://localhost/assets/index-D7ggTbo2.js - Line 314 - Msg: [SearchPanel] Component render, searching: false query: Bobs burgers 
01-19 11:21:26.309  1860  1943 I VSyncReactor: Current= 120, Period= 120, Distance= 120
01-19 11:21:26.462  1847  1896 E HeatmapThread: ECT Thread time in milliseconds: 1768821686
01-19 11:21:26.464  1847  1896 D HeatmapThread: !@ batteryplugType : 2
01-19 11:21:26.464  1847  1896 D HeatmapThread: !@ batteryLevel : 93  batteryTemperature : 324 
01-19 11:21:26.464  1847  1896 D HeatmapThread: !@ Heatmap currtime: 29480361
01-19 11:21:26.464  1847  1896 D HeatmapThread: !@ Heatmap prevtime: 29480341
01-19 11:21:26.464  1847  1896 D HeatmapThread: !@ Heatmap plugstarttime: 29480268
01-19 11:21:26.464  1847  1896 D HeatmapThread: !@ Heatmap prevv_dsoh_update_time: 29480358
01-19 11:21:26.464  1847  1896 E HeatmapThread: !@ CAM New BSOH: 100
01-19 11:21:26.464  1847  1896 E HeatmapThread: !@ CAM is Working
01-19 11:21:26.504 15759 15759 I wpa_supplicant: Heartbeat 30611
01-19 11:21:26.545  9111  9215 V Capacitor/Plugin: To native (Capacitor plugin): callbackId: 76926344, pluginId: Preferences, methodName: get
01-19 11:21:26.546  9111  9111 I Capacitor/Console: File:  - Line 349 - Msg: [object Object]
01-19 11:21:26.546  9111  9215 V Capacitor: callback: 76926344, pluginId: Preferences, methodName: get, methodData: {"key":"history"}
01-19 11:21:26.547  9111  9111 I Capacitor/Console: File:  - Line 333 - Msg: {"value":"[{\"id\":\"ui01s8\",\"url\":\"https://www.usenet-crawler.com/getnzb/9143a7b2c7bdc6d53861dc826c94e52e.nzb&i=467400&r=5ea1448e6e515a93a885660a77981426\",\"filename\":\"Bobs.Burgers.S16E06.POLiSH.720p.WEB.H264-CHOPiN\",\"savePath\":\"Download/nzb/Bobs.Burgers.S16E06.POLiSH.720p.WEB.H264-CHOPiN/Files/Bobs.Burgers.S16E06.POLiSH.720p.WEB.H264-CHOPiN.nzb\",\"status\":\"completed\",\"startTime\":1768821512836,\"providerName\":\"Local\",\"totalBytes\":54269,\"endTime\":1768821513327},{\"id\":\"lv5puu\",\"filename\":\"Bobs.Burgers.S16E06.POLiSH.720p.WEB.H264-CHOPiN\",\"savePath\":\"nzb/Bobs.Burgers.S16E06.POLiSH.720p.WEB.H264-CHOPiN\",\"status\":\"queued\",\"startTime\":1768821512138,\"providerName\":\"UseNet Server\",\"providerId\":\"e166d369-19fa-404f-8f6c-a87b3ab96f7f\",\"externalId\":\"ghw4t\"}]"}
01-19 11:21:26.547  9111  9111 I Capacitor/Console: File: https://localhost/assets/index-D7ggTbo2.js - Line 314 - Msg: [DownloadManager] Poll emitting: lv5puu failed 0.5%
01-19 11:21:26.547  9111  9111 I Capacitor/Console: File: https://localhost/assets/index-D7ggTbo2.js - Line 314 - Msg: [useDownloads] handleProgress called: [object Object]
01-19 11:21:26.547  9111  9111 I Capacitor/Console: File: https://localhost/assets/index-D7ggTbo2.js - Line 314 - Msg: [useDownloads] handleProgress called: [object Object]
01-19 11:21:26.548  9111  9111 I Capacitor/Console: File: https://localhost/assets/index-D7ggTbo2.js - Line 314 - Msg: [useDownloads] handleProgress called: [object Object]
01-19 11:21:26.548  9111  9111 I Capacitor/Console: File: https://localhost/assets/index-D7ggTbo2.js - Line 314 - Msg: GenericDownloader: App component rendering
01-19 11:21:26.550  9111  9111 I Capacitor/Console: File: https://localhost/assets/index-D7ggTbo2.js - Line 314 - Msg: [SearchPanel] Component render, searching: false query: Bobs burgers 
01-19 11:21:26.728  2219  2303 E Watchdog: !@Sync: 9432 heap(MB): 156 / 199 FD: 1519 [2026-01-19 11:21:26.728]
01-19 11:21:26.757  4045 15769 D ApfFilter: (wlan0): Ignoring RA RA fe80::9ea2:f4ff:feda:9144 -> ff02::1 1800s  which matches RA fe80::9ea2:f4ff:feda:9144 -> ff02::1 1800s 
01-19 11:21:26.798  9111  9111 I Capacitor/Console: File:  - Line 349 - Msg: [object Object]
01-19 11:21:26.798  9111  9215 V Capacitor/Plugin: To native (Capacitor plugin): callbackId: 76926345, pluginId: Preferences, methodName: get
01-19 11:21:26.798  9111  9215 V Capacitor: callback: 76926345, pluginId: Preferences, methodName: get, methodData: {"key":"history"}
01-19 11:21:26.800  9111  9111 I Capacitor/Console: File:  - Line 333 - Msg: {"value":"[{\"id\":\"ui01s8\",\"url\":\"https://www.usenet-crawler.com/getnzb/9143a7b2c7bdc6d53861dc826c94e52e.nzb&i=467400&r=5ea1448e6e515a93a885660a77981426\",\"filename\":\"Bobs.Burgers.S16E06.POLiSH.720p.WEB.H264-CHOPiN\",\"savePath\":\"Download/nzb/Bobs.Burgers.S16E06.POLiSH.720p.WEB.H264-CHOPiN/Files/Bobs.Burgers.S16E06.POLiSH.720p.WEB.H264-CHOPiN.nzb\",\"status\":\"completed\",\"startTime\":1768821512836,\"providerName\":\"Local\",\"totalBytes\":54269,\"endTime\":1768821513327},{\"id\":\"lv5puu\",\"filename\":\"Bobs.Burgers.S16E06.POLiSH.720p.WEB.H264-CHOPiN\",\"savePath\":\"nzb/Bobs.Burgers.S16E06.POLiSH.720p.WEB.H264-CHOPiN\",\"status\":\"queued\",\"startTime\":1768821512138,\"providerName\":\"UseNet Server\",\"providerId\":\"e166d369-19fa-404f-8f6c-a87b3ab96f7f\",\"externalId\":\"ghw4t\"}]"}
01-19 11:21:26.800  9111  9111 I Capacitor/Console: File: https://localhost/assets/index-D7ggTbo2.js - Line 314 - Msg: [DownloadManager] Poll emitting: lv5puu failed 0.5%
01-19 11:21:26.800  9111  9111 I Capacitor/Console: File: https://localhost/assets/index-D7ggTbo2.js - Line 314 - Msg: [useDownloads] handleProgress called: [object Object]
01-19 11:21:26.800  9111  9111 I Capacitor/Console: File: https://localhost/assets/index-D7ggTbo2.js - Line 314 - Msg: [useDownloads] handleProgress called: [object Object]
01-19 11:21:26.800  9111  9111 I Capacitor/Console: File: https://localhost/assets/index-D7ggTbo2.js - Line 314 - Msg: [useDownloads] handleProgress called: [object Object]
01-19 11:21:26.800  9111  9111 I Capacitor/Console: File: https://localhost/assets/index-D7ggTbo2.js - Line 314 - Msg: GenericDownloader: App component rendering
01-19 11:21:26.803  9111  9111 I Capacitor/Console: File: https://localhost/assets/index-D7ggTbo2.js - Line 314 - Msg: [SearchPanel] Component render, searching: false query: Bobs burgers 
01-19 11:21:26.998  2219  3764 D SemWifiEleStateTracker: Pressure Diff: 0.0012207031
01-19 11:21:26.999  2219  3764 D SemWifiEleStateTracker: Barometer value: Prev 994.77875 Current 994.77997 mSmallBaroDetected : false
01-19 11:21:27.047  9111  9215 V Capacitor/Plugin: To native (Capacitor plugin): callbackId: 76926346, pluginId: Preferences, methodName: get
01-19 11:21:27.047  9111  9111 I Capacitor/Console: File:  - Line 349 - Msg: [object Object]
01-19 11:21:27.047  9111  9215 V Capacitor: callback: 76926346, pluginId: Preferences, methodName: get, methodData: {"key":"history"}
01-19 11:21:27.048  9111  9111 I Capacitor/Console: File:  - Line 333 - Msg: {"value":"[{\"id\":\"ui01s8\",\"url\":\"https://www.usenet-crawler.com/getnzb/9143a7b2c7bdc6d53861dc826c94e52e.nzb&i=467400&r=5ea1448e6e515a93a885660a77981426\",\"filename\":\"Bobs.Burgers.S16E06.POLiSH.720p.WEB.H264-CHOPiN\",\"savePath\":\"Download/nzb/Bobs.Burgers.S16E06.POLiSH.720p.WEB.H264-CHOPiN/Files/Bobs.Burgers.S16E06.POLiSH.720p.WEB.H264-CHOPiN.nzb\",\"status\":\"completed\",\"startTime\":1768821512836,\"providerName\":\"Local\",\"totalBytes\":54269,\"endTime\":1768821513327},{\"id\":\"lv5puu\",\"filename\":\"Bobs.Burgers.S16E06.POLiSH.720p.WEB.H264-CHOPiN\",\"savePath\":\"nzb/Bobs.Burgers.S16E06.POLiSH.720p.WEB.H264-CHOPiN\",\"status\":\"queued\",\"startTime\":1768821512138,\"providerName\":\"UseNet Server\",\"providerId\":\"e166d369-19fa-404f-8f6c-a87b3ab96f7f\",\"externalId\":\"ghw4t\"}]"}
01-19 11:21:27.048  9111  9111 I Capacitor/Console: File: https://localhost/assets/index-D7ggTbo2.js - Line 314 - Msg: [DownloadManager] Poll emitting: lv5puu failed 0.5%
01-19 11:21:27.048  9111  9111 I Capacitor/Console: File: https://localhost/assets/index-D7ggTbo2.js - Line 314 - Msg: [useDownloads] handleProgress called: [object Object]
01-19 11:21:27.048  9111  9111 I Capacitor/Console: File: https://localhost/assets/index-D7ggTbo2.js - Line 314 - Msg: [useDownloads] handleProgress called: [object Object]
01-19 11:21:27.049  9111  9111 I Capacitor/Console: File: https://localhost/assets/index-D7ggTbo2.js - Line 314 - Msg: [useDownloads] handleProgress called: [object Object]
01-19 11:21:27.049  9111  9111 I Capacitor/Console: File: https://localhost/assets/index-D7ggTbo2.js - Line 314 - Msg: GenericDownloader: App component rendering
01-19 11:21:27.053  9111  9111 I Capacitor/Console: File: https://localhost/assets/index-D7ggTbo2.js - Line 314 - Msg: [SearchPanel] Component render, searching: false query: Bobs burgers 
01-19 11:21:27.178  1720  3850 I sensors-hal: handle_sns_std_sensor_event:127, [SSC_LIGHT] A: 71(71),c:0,b:85,m:13,cl:0,l:71,s:71,l0:12928,l1:608,s0:12000,s1:0,acl:1,opr:0.09,f(r):86,u(bl):100,if:86,wi:0,si:0,0(N:0)
01-19 11:21:27.178  1720  8359 I sensors-hal: handle_sns_std_sensor_event:408, [SSC_LIGHT] P: 71(71),c:0,b:85,m:13,cl:0,l:71,s:71,l0:12928,l1:608,s0:12000,s1:0,acl:1,opr:0.09,f(r):86,u(bl):100,if:86,wi:0,si:0,0(N:0)
01-19 11:21:27.298  9111  9111 I Capacitor/Console: File:  - Line 349 - Msg: [object Object]
01-19 11:21:27.298  9111  9215 V Capacitor/Plugin: To native (Capacitor plugin): callbackId: 76926347, pluginId: Preferences, methodName: get
01-19 11:21:27.298  9111  9215 V Capacitor: callback: 76926347, pluginId: Preferences, methodName: get, methodData: {"key":"history"}
01-19 11:21:27.299  9111  9111 I Capacitor/Console: File:  - Line 333 - Msg: {"value":"[{\"id\":\"ui01s8\",\"url\":\"https://www.usenet-crawler.com/getnzb/9143a7b2c7bdc6d53861dc826c94e52e.nzb&i=467400&r=5ea1448e6e515a93a885660a77981426\",\"filename\":\"Bobs.Burgers.S16E06.POLiSH.720p.WEB.H264-CHOPiN\",\"savePath\":\"Download/nzb/Bobs.Burgers.S16E06.POLiSH.720p.WEB.H264-CHOPiN/Files/Bobs.Burgers.S16E06.POLiSH.720p.WEB.H264-CHOPiN.nzb\",\"status\":\"completed\",\"startTime\":1768821512836,\"providerName\":\"Local\",\"totalBytes\":54269,\"endTime\":1768821513327},{\"id\":\"lv5puu\",\"filename\":\"Bobs.Burgers.S16E06.POLiSH.720p.WEB.H264-CHOPiN\",\"savePath\":\"nzb/Bobs.Burgers.S16E06.POLiSH.720p.WEB.H264-CHOPiN\",\"status\":\"queued\",\"startTime\":1768821512138,\"providerName\":\"UseNet Server\",\"providerId\":\"e166d369-19fa-404f-8f6c-a87b3ab96f7f\",\"externalId\":\"ghw4t\"}]"}
01-19 11:21:27.300  9111  9111 I Capacitor/Console: File: https://localhost/assets/index-D7ggTbo2.js - Line 314 - Msg: [DownloadManager] Poll emitting: lv5puu failed 0.5%
01-19 11:21:27.300  9111  9111 I Capacitor/Console: File: https://localhost/assets/index-D7ggTbo2.js - Line 314 - Msg: [useDownloads] handleProgress called: [object Object]
01-19 11:21:27.300  9111  9111 I Capacitor/Console: File: https://localhost/assets/index-D7ggTbo2.js - Line 314 - Msg: [useDownloads] handleProgress called: [object Object]
01-19 11:21:27.300  9111  9111 I Capacitor/Console: File: https://localhost/assets/index-D7ggTbo2.js - Line 314 - Msg: [useDownloads] handleProgress called: [object Object]
01-19 11:21:27.300  9111  9111 I Capacitor/Console: File: https://localhost/assets/index-D7ggTbo2.js - Line 314 - Msg: GenericDownloader: App component rendering
01-19 11:21:27.303  9111  9111 I Capacitor/Console: File: https://localhost/assets/index-D7ggTbo2.js - Line 314 - Msg: [SearchPanel] Component render, searching: false query: Bobs burgers 
01-19 11:21:27.391  1720  3850 I sensors-hal: handle_sns_client_event:202, auto_rotation_debug_2 mode,255, type,1,0 acc,-0.153,8.131,5.551, ar,0, ver,14, pedo,1,e,1,i,3
01-19 11:21:27.412  1704  5330 I vendor.qti.bluetooth@1.0-ibs_handler: ProcessIbsCmd: Received IBS_SLEEP_IND: 0xFE
01-19 11:21:27.414  1704  5330 I vendor.qti.bluetooth@1.0-ibs_handler: ProcessIbsCmd: Received IBS_WAKE_IND: 0xFD
01-19 11:21:27.414  1704  5330 I vendor.qti.bluetooth@1.0-ibs_handler: ProcessIbsCmd: Writing IBS_WAKE_ACK
01-19 11:21:27.462  1847  1896 E HeatmapThread: ECT Thread time in milliseconds: 1768821687
01-19 11:21:27.464  1847  1896 D HeatmapThread: !@ batteryplugType : 2
01-19 11:21:27.464  1847  1896 D HeatmapThread: !@ batteryLevel : 93  batteryTemperature : 324 
01-19 11:21:27.464  1847  1896 D HeatmapThread: !@ Heatmap currtime: 29480361
01-19 11:21:27.464  1847  1896 D HeatmapThread: !@ Heatmap prevtime: 29480341
01-19 11:21:27.464  1847  1896 D HeatmapThread: !@ Heatmap plugstarttime: 29480268
01-19 11:21:27.464  1847  1896 D HeatmapThread: !@ Heatmap prevv_dsoh_update_time: 29480358
01-19 11:21:27.464  1847  1896 E HeatmapThread: !@ CAM New BSOH: 100
01-19 11:21:27.464  1847  1896 E HeatmapThread: !@ CAM is Working
01-19 11:21:27.548  9111  9215 V Capacitor/Plugin: To native (Capacitor plugin): callbackId: 76926348, pluginId: Preferences, methodName: get
01-19 11:21:27.548  9111  9111 I Capacitor/Console: File:  - Line 349 - Msg: [object Object]
01-19 11:21:27.548  9111  9215 V Capacitor: callback: 76926348, pluginId: Preferences, methodName: get, methodData: {"key":"history"}
01-19 11:21:27.550  9111  9111 I Capacitor/Console: File:  - Line 333 - Msg: {"value":"[{\"id\":\"ui01s8\",\"url\":\"https://www.usenet-crawler.com/getnzb/9143a7b2c7bdc6d53861dc826c94e52e.nzb&i=467400&r=5ea1448e6e515a93a885660a77981426\",\"filename\":\"Bobs.Burgers.S16E06.POLiSH.720p.WEB.H264-CHOPiN\",\"savePath\":\"Download/nzb/Bobs.Burgers.S16E06.POLiSH.720p.WEB.H264-CHOPiN/Files/Bobs.Burgers.S16E06.POLiSH.720p.WEB.H264-CHOPiN.nzb\",\"status\":\"completed\",\"startTime\":1768821512836,\"providerName\":\"Local\",\"totalBytes\":54269,\"endTime\":1768821513327},{\"id\":\"lv5puu\",\"filename\":\"Bobs.Burgers.S16E06.POLiSH.720p.WEB.H264-CHOPiN\",\"savePath\":\"nzb/Bobs.Burgers.S16E06.POLiSH.720p.WEB.H264-CHOPiN\",\"status\":\"queued\",\"startTime\":1768821512138,\"providerName\":\"UseNet Server\",\"providerId\":\"e166d369-19fa-404f-8f6c-a87b3ab96f7f\",\"externalId\":\"ghw4t\"}]"}
01-19 11:21:27.550  9111  9111 I Capacitor/Console: File: https://localhost/assets/index-D7ggTbo2.js - Line 314 - Msg: [DownloadManager] Poll emitting: lv5puu failed 0.5%
01-19 11:21:27.550  9111  9111 I Capacitor/Console: File: https://localhost/assets/index-D7ggTbo2.js - Line 314 - Msg: [useDownloads] handleProgress called: [object Object]
01-19 11:21:27.550  9111  9111 I Capacitor/Console: File: https://localhost/assets/index-D7ggTbo2.js - Line 314 - Msg: [useDownloads] handleProgress called: [object Object]
01-19 11:21:27.550  9111  9111 I Capacitor/Console: File: https://localhost/assets/index-D7ggTbo2.js - Line 314 - Msg: [useDownloads] handleProgress called: [object Object]
01-19 11:21:27.550  9111  9111 I Capacitor/Console: File: https://localhost/assets/index-D7ggTbo2.js - Line 314 - Msg: GenericDownloader: App component rendering
01-19 11:21:27.553  9111  9111 I Capacitor/Console: File: https://localhost/assets/index-D7ggTbo2.js - Line 314 - Msg: [SearchPanel] Component render, searching: false query: Bobs burgers 
01-19 11:21:27.621  1171  1171 D io_stats: !@   8,0 r 33943301 724818364 w 8165440 246643440 d 1131484 431414316 f 144610 522493 iot 2994752 0 th 0 0 0 pt 0 inp 0 0 283056.402
01-19 11:21:27.621  1171  1171 D io_stats: !@ Read_top(KB): ik.music.player:low(29019) 1024 taccess.android:high(13474) 280 ung.android.scs:high(14578) 68
01-19 11:21:27.621  1171  1171 D io_stats: !@ Write_top(KB): kworker/u17:4:/(8304) 3860 ung.android.scs:high(14578) 16
01-19 11:21:27.622  4190  5409 I ScanController: onScanResult to scannerId: 3- eventType=0x1b, addressType=1, address=XX:XX:XX:XX:DD:E9, primaryPhy=1, secondaryPhy=0, advertisingSid=0xff, txPower=127, rssi=-41, periodicAdvInt=0x0
01-19 11:21:27.623  4431 10408 I NearbyDiscovery: (REDACTED) loadFastPairModule: checkFeaturesAreAvailable:%d
01-19 11:21:27.623  4431 10408 I NearbyDiscovery: loadFastPairModule: FastPair module is downloaded. [CONTEXT service_id=265 ]
01-19 11:21:27.662  1704  5330 I vendor.qti.bluetooth@1.0-ibs_handler: ProcessIbsCmd: Received IBS_SLEEP_IND: 0xFE
01-19 11:21:27.668  1704  5330 I vendor.qti.bluetooth@1.0-ibs_handler: ProcessIbsCmd: Received IBS_WAKE_IND: 0xFD
01-19 11:21:27.668  1704  5330 I vendor.qti.bluetooth@1.0-ibs_handler: ProcessIbsCmd: Writing IBS_WAKE_ACK
01-19 11:21:27.755  2219  3737 I SemWifiCtlFeatureMediator: Trf ratio: 0.0% (0.01 / 167.54) (TWT/S-PM: 1.0) v ( NR) || Query: TWT/S-PM false (false) 1.0 1.0 1.0 / BW false (false) 1.0 1.0 1.0 / NSS false (false) 0.9 0.5 1.0 
01-19 11:21:27.760  1704  5330 I vendor.qti.bluetooth@1.0-ibs_handler: ProcessIbsCmd: Received IBS_SLEEP_IND: 0xFE
01-19 11:21:27.761  1704  5330 I vendor.qti.bluetooth@1.0-ibs_handler: ProcessIbsCmd: Received IBS_WAKE_IND: 0xFD
01-19 11:21:27.761  1704  5330 I vendor.qti.bluetooth@1.0-ibs_handler: ProcessIbsCmd: Writing IBS_WAKE_ACK
01-19 11:21:27.798  9111  9215 V Capacitor/Plugin: To native (Capacitor plugin): callbackId: 76926349, pluginId: Preferences, methodName: get
01-19 11:21:27.798  9111  9215 V Capacitor: callback: 76926349, pluginId: Preferences, methodName: get, methodData: {"key":"history"}
01-19 11:21:27.798  9111  9111 I Capacitor/Console: File:  - Line 349 - Msg: [object Object]
01-19 11:21:27.799  9111  9111 I Capacitor/Console: File:  - Line 333 - Msg: {"value":"[{\"id\":\"ui01s8\",\"url\":\"https://www.usenet-crawler.com/getnzb/9143a7b2c7bdc6d53861dc826c94e52e.nzb&i=467400&r=5ea1448e6e515a93a885660a77981426\",\"filename\":\"Bobs.Burgers.S16E06.POLiSH.720p.WEB.H264-CHOPiN\",\"savePath\":\"Download/nzb/Bobs.Burgers.S16E06.POLiSH.720p.WEB.H264-CHOPiN/Files/Bobs.Burgers.S16E06.POLiSH.720p.WEB.H264-CHOPiN.nzb\",\"status\":\"completed\",\"startTime\":1768821512836,\"providerName\":\"Local\",\"totalBytes\":54269,\"endTime\":1768821513327},{\"id\":\"lv5puu\",\"filename\":\"Bobs.Burgers.S16E06.POLiSH.720p.WEB.H264-CHOPiN\",\"savePath\":\"nzb/Bobs.Burgers.S16E06.POLiSH.720p.WEB.H264-CHOPiN\",\"status\":\"queued\",\"startTime\":1768821512138,\"providerName\":\"UseNet Server\",\"providerId\":\"e166d369-19fa-404f-8f6c-a87b3ab96f7f\",\"externalId\":\"ghw4t\"}]"}
01-19 11:21:27.800  9111  9111 I Capacitor/Console: File: https://localhost/assets/index-D7ggTbo2.js - Line 314 - Msg: [DownloadManager] Poll emitting: lv5puu failed 0.5%
01-19 11:21:27.800  9111  9111 I Capacitor/Console: File: https://localhost/assets/index-D7ggTbo2.js - Line 314 - Msg: [useDownloads] handleProgress called: [object Object]
01-19 11:21:27.800  9111  9111 I Capacitor/Console: File: https://localhost/assets/index-D7ggTbo2.js - Line 314 - Msg: [useDownloads] handleProgress called: [object Object]
01-19 11:21:27.800  9111  9111 I Capacitor/Console: File: https://localhost/assets/index-D7ggTbo2.js - Line 314 - Msg: [useDownloads] handleProgress called: [object Object]
01-19 11:21:27.800  9111  9111 I Capacitor/Console: File: https://localhost/assets/index-D7ggTbo2.js - Line 314 - Msg: GenericDownloader: App component rendering
01-19 11:21:27.802  1704  5330 I vendor.qti.bluetooth@1.0-ibs_handler: ProcessIbsCmd: Received IBS_SLEEP_IND: 0xFE
01-19 11:21:27.803  9111  9111 I Capacitor/Console: File: https://localhost/assets/index-D7ggTbo2.js - Line 314 - Msg: [SearchPanel] Component render, searching: false query: Bobs burgers 
01-19 11:21:27.830  1704  5330 I vendor.qti.bluetooth@1.0-ibs_handler: ProcessIbsCmd: Received IBS_WAKE_IND: 0xFD
01-19 11:21:27.830  1704  5330 I vendor.qti.bluetooth@1.0-ibs_handler: ProcessIbsCmd: Writing IBS_WAKE_ACK
01-19 11:21:27.832  4190  5409 I ScanController: onScanResult to scannerId: 3- eventType=0x1b, addressType=1, address=XX:XX:XX:XX:DD:E9, primaryPhy=1, secondaryPhy=0, advertisingSid=0xff, txPower=127, rssi=-40, periodicAdvInt=0x0
01-19 11:21:27.862  1765  1765 I seh_thermal_service: getTemperaturesWithType SehTemperatureType: 3
01-19 11:21:27.862  2219  6566 D BatteryService: [processValuesLocked]batteryLevel:93 ,LastbatteryLevel:93 ,mPlugType:2 ,batteryStatus:2
01-19 11:21:27.862  2219  6566 D BatteryService: [countBatteryChangedConditions]mBatteryChangedConditionCounts:[45, 1, 1, 556, 32, 386, 264, 0, 0, 32, 51, 0, 0, 0, 0, 24, 87, 32, 0, 0, 0, 1]
01-19 11:21:27.862  2219  9476 V [SS]SleepChargingTimeController: [isActivated]mSleepChargingStatus isNowSessionTime False => false
01-19 11:21:27.862  2219  6566 D BatteryService: Sending ACTION_BATTERY_CHANGED: level:93, status:2, health:2, remain:2659, ac:false, usb:true, wireless:false, pogo:false, misc:0x10000, charge_type:1, charger_type:0, voltage:4207, temperature:325, online:4, charging_status:0, cycle_count:0, current_avg:-615625, ps:false, hvc:false, current_event:0x0, mcc:0, mcv:0, cc:4557000, present:true, scale:100, technology:Li-ion, protection:0
01-19 11:21:27.862  1757  1757 I sehhealth-service: updateLrpSysfs: write: 364
01-19 11:21:27.862  2219  6566 D [SS]BattUtils: [readNode]path:/efs/FactoryApp/bsoh ,value:100
01-19 11:21:27.862  1757  1834 E BatteryDump: !@new_battery_dump : 4207,-2449,475,550,93,325,285,431,325,0,362,431,0,Charging,NO_CHARGING,Normal,Good,USB,1,Normal,0,0,9300,0x0,0x10000,0x0,0,0,1108,v0002,0000,0000,00000000,0,0,0,0,213,4315,9211,990,0,
01-19 11:21:27.863  3886  3886 I AODBatteryManager: updateBatteryData: ACTION_BATTERY_CHANGED: true, isSleepModeChanged:false ,isRemainingTimeChanged: false, isUSBRestriction: false
01-19 11:21:27.863  3886  3886 I AODBatteryManager: saveBatteryData : AOD BatteryData [mBatteryLevel=93, mBatteryStatus=CHARGING, mBatteryPlugType=USB, mBatteryPlugged=true, mRemainingChargeTime=2659000, mBatteryChargingType=1, mBatteryChargerType=NORMAL, mBatteryOnline=USB, mBatterySwellingMode=NONE, mBatteryProtectMode=false, mBatteryProtectModeType=4, mSleepChargingEvent=null, mSleepChargingEventFinishTime=null, mBatteryHealth=2, mIsDirectPowerMode=false, mIsUsbRestriction=false]
01-19 11:21:27.863  3886  3886 I PowerUI : mBootCompleted = true |  mFullyConnected = true
01-19 11:21:27.863  3886  3886 I PowerUI : BATTERY_HEALTH_CHECK / batteryHealth : 2 / wirelessOverheat : false
01-19 11:21:27.863  3886  3886 D PowerUI : Skip charging animation - by Plug reason
01-19 11:21:27.863  3886  3886 D PowerUI : Skip charging sound & vibrate - by Plug reason
01-19 11:21:27.863  3886  3886 D PowerUI : oldMisalign : false, curMisalign : false
01-19 11:21:27.863  3886  4972 D PowerUI.Notification: updateNotification mWarning = false mPlaySound = false
01-19 11:21:27.863  3886  3886 D PowerUI.Notification: showChargingNotice - There is no change charging status, so return!
01-19 11:21:27.863  2219  2219 D AdaptiveBrightnessLongtermModelBuilder[0]: Received android.intent.action.BATTERY_CHANGED
01-19 11:21:27.863  2219  6967 D KNOX_MDM_SettingsProvider: isChangeAllowed() : name = ltc_highsoc_exceed_time
01-19 11:21:27.863  2219  6967 D KNOX_MDM_SettingsProvider: edmUri: content://com.sec.knox.provider/RestrictionPolicy3
01-19 11:21:27.863  2219  6967 D KNOX_MDM_SettingsProvider: projectionArgs: isSettingsChangesAllowed
01-19 11:21:27.863  2219  6967 D KNOX_MDM_SettingsProvider: selectionArgs: false
01-19 11:21:27.863  2219  6967 D KNOX_MDM_SettingsProvider: selectionArgs: 10047
01-19 11:21:27.863  2219  6967 D SecContentProvider: query(), uri = 17 selection = isSettingsChangesAllowed
01-19 11:21:27.863  2219  6967 D SecContentProvider: called from android.uid.systemui:10047
01-19 11:21:27.863  2219  6967 D RestrictionPolicy: isSettingsChangesAllowedAsUser, userId 0 : true
01-19 11:21:27.863  2219  6967 D KNOX_MDM_SettingsProvider: ret = 1
01-19 11:21:27.863  3863  3863 D SemBigDataInfoController: Intent: android.intent.action.BATTERY_CHANGED
01-19 11:21:27.864  3863  3863 D SemBigDataInfoController: Intent: android.intent.action.BATTERY_CHANGED
01-19 11:21:27.864  2219  3599 D MotionRecognitionService: [SAR]  onReceive : ACTION_BATTERY_CHANGED, Plugged: 2
01-19 11:21:27.864  3886  3886 D SamsungBatteryMeterDrawable: onBatteryLevelChanged isSomethingChanged: false
01-19 11:21:27.864  2219  3788 I DeviceBatteryInfoService: action: android.intent.action.BATTERY_CHANGED
01-19 11:21:27.864  2219  3788 I DeviceBatteryInfoService: phone battery level: 93
01-19 11:21:27.864  2219  3788 I DeviceBatteryInfoService: phone battery status: 2
01-19 11:21:27.864  3886  3886 D SamsungBatteryMeterDrawable: onBatteryLevelChanged isSomethingChanged: false
01-19 11:21:27.864  3886  3886 D SamsungBatteryMeterDrawable: onBatteryLevelChanged isSomethingChanged: false
01-19 11:21:27.864  3886  3886 D SamsungBatteryMeterDrawable: onBatteryLevelChanged isSomethingChanged: false
01-19 11:21:27.864  3886  3886 D KeyguardUpdateMonitor: handleBatteryUpdate
01-19 11:21:27.868  3886  3886 W View    : requestLayout() improperly called by com.android.systemui.qs.SecQSGradationDrawableView{52bc869 V.E...... ......ID 0,0-1080,332 #7f0a0a16 app:id/qs_gradation_view} during layout: running second layout pass
01-19 11:21:27.868  3886  3886 W View    : requestLayout() improperly called by android.widget.FrameLayout{4ea82ee V.E...... ......I. 0,0-1080,2340 #2} during layout: running second layout pass
01-19 11:21:27.868  3886  3886 W View    : requestLayout() improperly called by android.widget.FrameLayout{dd2738f V.E...... ......ID 0,153-1080,2298 #7f0a0a14 app:id/qs_frame} during layout: running second layout pass
01-19 11:21:27.868  3886  3886 W RefactorFlag: New code path expects SceneContainerFlag to be enabled.
01-19 11:21:27.873  1860  1943 I VSyncReactor: Current= 120, Period= 120, Distance= 1
01-19 11:21:27.876  1740  1740 I SDM     : AIScalerFeatureIntfImpl::LookupConfig: Scale ratio = 1.780000
01-19 11:21:27.876  1740  1740 I SDM     : AIScalerParserIntfImpl::LookupConfig: Scale Ratio Match Found Here
01-19 11:21:27.876  1860  2170 I CompositionEngine: [setDisplaySize] size=(434, 42)
01-19 11:21:27.882  1860  1943 I VSyncReactor: Current= 120, Period= 120, Distance= 120
01-19 11:21:27.946  1740  1974 I SDM     : DisplayBase::CommitThread: Received idle timeout, panel: cmd, timeout: 70000 us
01-19 11:21:27.965  2219  5129 I NSLocationMonitor: getGPSUsingApps() called
01-19 11:21:27.965  5133  5164 I NSLocationManager_FLP: getGPSUsingApps, No change
01-19 11:21:27.968  2219  5129 D FreecessHandler: freeze pl.solidexplorer2(10413) result : 2
01-19 11:21:28.047  9111  9215 V Capacitor/Plugin: To native (Capacitor plugin): callbackId: 76926350, pluginId: Preferences, methodName: get
01-19 11:21:28.048  9111  9111 I Capacitor/Console: File:  - Line 349 - Msg: [object Object]
01-19 11:21:28.048  9111  9215 V Capacitor: callback: 76926350, pluginId: Preferences, methodName: get, methodData: {"key":"history"}
01-19 11:21:28.049  9111  9111 I Capacitor/Console: File:  - Line 333 - Msg: {"value":"[{\"id\":\"ui01s8\",\"url\":\"https://www.usenet-crawler.com/getnzb/9143a7b2c7bdc6d53861dc826c94e52e.nzb&i=467400&r=5ea1448e6e515a93a885660a77981426\",\"filename\":\"Bobs.Burgers.S16E06.POLiSH.720p.WEB.H264-CHOPiN\",\"savePath\":\"Download/nzb/Bobs.Burgers.S16E06.POLiSH.720p.WEB.H264-CHOPiN/Files/Bobs.Burgers.S16E06.POLiSH.720p.WEB.H264-CHOPiN.nzb\",\"status\":\"completed\",\"startTime\":1768821512836,\"providerName\":\"Local\",\"totalBytes\":54269,\"endTime\":1768821513327},{\"id\":\"lv5puu\",\"filename\":\"Bobs.Burgers.S16E06.POLiSH.720p.WEB.H264-CHOPiN\",\"savePath\":\"nzb/Bobs.Burgers.S16E06.POLiSH.720p.WEB.H264-CHOPiN\",\"status\":\"queued\",\"startTime\":1768821512138,\"providerName\":\"UseNet Server\",\"providerId\":\"e166d369-19fa-404f-8f6c-a87b3ab96f7f\",\"externalId\":\"ghw4t\"}]"}
01-19 11:21:28.049  9111  9111 I Capacitor/Console: File: https://localhost/assets/index-D7ggTbo2.js - Line 314 - Msg: [DownloadManager] Poll emitting: lv5puu failed 0.5%
01-19 11:21:28.049  9111  9111 I Capacitor/Console: File: https://localhost/assets/index-D7ggTbo2.js - Line 314 - Msg: [useDownloads] handleProgress called: [object Object]
01-19 11:21:28.049  9111  9111 I Capacitor/Console: File: https://localhost/assets/index-D7ggTbo2.js - Line 314 - Msg: [useDownloads] handleProgress called: [object Object]
01-19 11:21:28.049  9111  9111 I Capacitor/Console: File: https://localhost/assets/index-D7ggTbo2.js - Line 314 - Msg: [useDownloads] handleProgress called: [object Object]
01-19 11:21:28.049  9111  9111 I Capacitor/Console: File: https://localhost/assets/index-D7ggTbo2.js - Line 314 - Msg: GenericDownloader: App component rendering
01-19 11:21:28.053  9111  9111 I Capacitor/Console: File: https://localhost/assets/index-D7ggTbo2.js - Line 314 - Msg: [SearchPanel] Component render, searching: false query: Bobs burgers 
01-19 11:21:28.104  2219  3794 D NetdEventListenerService: DNS Requested by 142, 10354(com.spotify.music), 4(FAIL), isBlocked=true, 0ms
01-19 11:21:28.212  1720  8877 I sensors-hal: handle_sns_std_sensor_event:157, [1499] Pressure 994.778, cal 0.677, sw_offset 0.000 (lsb(bit) 0x4e 0x36 0x61)
01-19 11:21:28.297  9111  9215 V Capacitor/Plugin: To native (Capacitor plugin): callbackId: 76926351, pluginId: Preferences, methodName: get
01-19 11:21:28.298  9111  9215 V Capacitor: callback: 76926351, pluginId: Preferences, methodName: get, methodData: {"key":"history"}
01-19 11:21:28.298  9111  9111 I Capacitor/Console: File:  - Line 349 - Msg: [object Object]
01-19 11:21:28.303  9111  9111 I Capacitor/Console: File:  - Line 333 - Msg: {"value":"[{\"id\":\"ui01s8\",\"url\":\"https://www.usenet-crawler.com/getnzb/9143a7b2c7bdc6d53861dc826c94e52e.nzb&i=467400&r=5ea1448e6e515a93a885660a77981426\",\"filename\":\"Bobs.Burgers.S16E06.POLiSH.720p.WEB.H264-CHOPiN\",\"savePath\":\"Download/nzb/Bobs.Burgers.S16E06.POLiSH.720p.WEB.H264-CHOPiN/Files/Bobs.Burgers.S16E06.POLiSH.720p.WEB.H264-CHOPiN.nzb\",\"status\":\"completed\",\"startTime\":1768821512836,\"providerName\":\"Local\",\"totalBytes\":54269,\"endTime\":1768821513327},{\"id\":\"lv5puu\",\"filename\":\"Bobs.Burgers.S16E06.POLiSH.720p.WEB.H264-CHOPiN\",\"savePath\":\"nzb/Bobs.Burgers.S16E06.POLiSH.720p.WEB.H264-CHOPiN\",\"status\":\"queued\",\"startTime\":1768821512138,\"providerName\":\"UseNet Server\",\"providerId\":\"e166d369-19fa-404f-8f6c-a87b3ab96f7f\",\"externalId\":\"ghw4t\"}]"}
01-19 11:21:28.303  9111  9111 I Capacitor/Console: File: https://localhost/assets/index-D7ggTbo2.js - Line 314 - Msg: [DownloadManager] Poll emitting: lv5puu failed 0.5%
01-19 11:21:28.303  9111  9111 I Capacitor/Console: File: https://localhost/assets/index-D7ggTbo2.js - Line 314 - Msg: [useDownloads] handleProgress called: [object Object]
01-19 11:21:28.303  9111  9111 I Capacitor/Console: File: https://localhost/assets/index-D7ggTbo2.js - Line 314 - Msg: [useDownloads] handleProgress called: [object Object]
01-19 11:21:28.303  9111  9111 I Capacitor/Console: File: https://localhost/assets/index-D7ggTbo2.js - Line 314 - Msg: [useDownloads] handleProgress called: [object Object]
01-19 11:21:28.303  9111  9111 I Capacitor/Console: File: https://localhost/assets/index-D7ggTbo2.js - Line 314 - Msg: GenericDownloader: App component rendering
01-19 11:21:28.305  9111  9111 I Capacitor/Console: File: https://localhost/assets/index-D7ggTbo2.js - Line 314 - Msg: [SearchPanel] Component render, searching: false query: Bobs burgers 
01-19 11:21:28.354  1843 10978 D DlbDap2Process: process() called [843000] times with input format 0x22 and channel mask 0x3 (ProcessingMode=1), htEnable=0(0, 0, 0)
01-19 11:21:28.415  2219 10571 D WifiConnectivityMonitor.DnsThread:  [|202] []
01-19 11:21:28.415  2219  3768 D WifiConnectivityMonitor.NetworkStatsAnalyzer: DNS resultType : 0, responseTime : 202
01-19 11:21:28.415  2219  3764 D OpenNetworkQos[4.00]: updateBssidLatestDnsResultType - result: 0
01-19 11:21:28.415  2219  3764 D OpenNetworkQos[4.00]: updateBssidNoInternet: mBssidNoInternet = false
01-19 11:21:28.415  2219  3764 D OpenNetworkQos[4.00]: getOpenNetworkQosNoInternetStatus: false
01-19 11:21:28.415  2219  3764 D OpenNetworkQos[4.00]: getOpenNetworkQosScores: 30 26 30 
01-19 11:21:28.416  2219  3764 D KNOX_MDM_SettingsProvider: isChangeAllowed() : name = wifi_wcm_qos_sharing_score_summary
01-19 11:21:28.416  2219  3764 I WifiProfileShare: network QoS data was changed (internet), updateQoSData networkType: true, qosData: false
01-19 11:21:28.416  2219  5174 V WifiProfileShare.Caster: update wips network, size: 0
01-19 11:21:28.416  2219  5174 D WifiProfileShare: nearby scanning settings run
01-19 11:21:28.416  2219  5174 D WifiProfileShare: network score provider settings enabled
01-19 11:21:28.416  2219  5174 D OpenNetworkQos[4.00]: getOpenNetworkQosScores: 30 26 30 
01-19 11:21:28.416  2219  5174 D OpenNetworkQos[4.00]: getOpenNetworkQosNoInternetStatus: false
01-19 11:21:28.416  2219  5174 I WifiProfileShare.Caster: current network type: 0, score: [30, 26, 30]
01-19 11:21:28.416  2219  5174 V WifiProfileShare.Cache: update network score 9e:a2:f4:**:**:47
01-19 11:21:28.416  2219  5174 D WifiProfileShare.ScanMatcher: getMcfDataList size:6
01-19 11:21:28.417  2219  5174 I WifiProfileShare.Caster: qos data was updated , before:type:QOS, pBssid:08:65:d9, qosData:7c after:type:QOS, pBssid:08:65:d9, qosData:7c
01-19 11:21:28.417  2219  5174 I [MCFSDK_android_1.3.7026]_4_McfCasterImpl: isNetworkEnabled - type : 1 ret : true
01-19 11:21:28.417  2219  5174 D WifiProfileShare.McfCast: -ME--- mIsNetworkEnabled :true
01-19 11:21:28.417  2219  5174 D WifiProfileShare.McfCast: updateQoSData ignored, same contents
01-19 11:21:28.417  2219  5174 D WifiProfileShare.MCF: success update QosData !
01-19 11:21:28.417  2219  5174 I [MCFSDK_android_1.3.7026]_4_McfCasterImpl: isNetworkEnabled - type : 1 ret : true
01-19 11:21:28.417  2219  5174 D WifiProfileShare.McfCast: -ME--- mIsNetworkEnabled :true
01-19 11:21:28.417  2219  5174 D WifiProfileShare.McfCast: -ME--- updatePasswordDate pwdData size:6
01-19 11:21:28.462  1847  1896 E HeatmapThread: ECT Thread time in milliseconds: 1768821688
01-19 11:21:28.464  1847  1896 D HeatmapThread: !@ batteryplugType : 2
01-19 11:21:28.464  1847  1896 D HeatmapThread: !@ batteryLevel : 93  batteryTemperature : 325 
01-19 11:21:28.464  1847  1896 D HeatmapThread: !@ Heatmap currtime: 29480361
01-19 11:21:28.464  1847  1896 D HeatmapThread: !@ Heatmap prevtime: 29480341
01-19 11:21:28.464  1847  1896 D HeatmapThread: !@ Heatmap plugstarttime: 29480268
01-19 11:21:28.464  1847  1896 D HeatmapThread: !@ Heatmap prevv_dsoh_update_time: 29480358
01-19 11:21:28.464  1847  1896 E HeatmapThread: !@ CAM New BSOH: 100
01-19 11:21:28.464  1847  1896 E HeatmapThread: !@ CAM is Working
