01-19 11:21:44.226  2219  5129 D FreecessHandler: freeze fm.last.android(10543) result : 0
01-19 11:21:44.226  2219  5129 W LocationManagerService: onFreezeStateChanged, uid[10543]=true
01-19 11:21:44.226  2219  5129 I PowerManagerService: [PWL] SetWakeLockEnableDisable uid = 10543 , disable= true
01-19 11:21:44.226  2219  5129 I PowerManagerService: [PWL] can not change uid =  10543
01-19 11:21:44.251  1704  5330 D vendor.qti.bluetooth@1.0-data_handler: isBtTpiAsyncEvent: true
01-19 11:21:44.251  1704  5330 D vendor.qti.hardware.bttpi-impl: operator(): TPI Async Pwr Report, dataLen-43
01-19 11:21:44.298  9111  9111 I Capacitor/Console: File:  - Line 349 - Msg: [object Object]
01-19 11:21:44.298  9111  9215 V Capacitor/Plugin: To native (Capacitor plugin): callbackId: 76926415, pluginId: Preferences, methodName: get
01-19 11:21:44.298  9111  9215 V Capacitor: callback: 76926415, pluginId: Preferences, methodName: get, methodData: {"key":"history"}
01-19 11:21:44.299  9111  9111 I Capacitor/Console: File:  - Line 333 - Msg: {"value":"[{\"id\":\"ui01s8\",\"url\":\"https://www.usenet-crawler.com/getnzb/9143a7b2c7bdc6d53861dc826c94e52e.nzb&i=467400&r=5ea1448e6e515a93a885660a77981426\",\"filename\":\"Bobs.Burgers.S16E06.POLiSH.720p.WEB.H264-CHOPiN\",\"savePath\":\"Download/nzb/Bobs.Burgers.S16E06.POLiSH.720p.WEB.H264-CHOPiN/Files/Bobs.Burgers.S16E06.POLiSH.720p.WEB.H264-CHOPiN.nzb\",\"status\":\"completed\",\"startTime\":1768821512836,\"providerName\":\"Local\",\"totalBytes\":54269,\"endTime\":1768821513327},{\"id\":\"lv5puu\",\"filename\":\"Bobs.Burgers.S16E06.POLiSH.720p.WEB.H264-CHOPiN\",\"savePath\":\"nzb/Bobs.Burgers.S16E06.POLiSH.720p.WEB.H264-CHOPiN\",\"status\":\"queued\",\"startTime\":1768821512138,\"providerName\":\"UseNet Server\",\"providerId\":\"e166d369-19fa-404f-8f6c-a87b3ab96f7f\",\"externalId\":\"ghw4t\"}]"}
01-19 11:21:44.300  9111  9111 I Capacitor/Console: File: https://localhost/assets/index-D7ggTbo2.js - Line 314 - Msg: [DownloadManager] Poll emitting: lv5puu failed 0.5%
01-19 11:21:44.300  9111  9111 I Capacitor/Console: File: https://localhost/assets/index-D7ggTbo2.js - Line 314 - Msg: [useDownloads] handleProgress called: [object Object]
01-19 11:21:44.300  9111  9111 I Capacitor/Console: File: https://localhost/assets/index-D7ggTbo2.js - Line 314 - Msg: [useDownloads] handleProgress called: [object Object]
01-19 11:21:44.300  9111  9111 I Capacitor/Console: File: https://localhost/assets/index-D7ggTbo2.js - Line 314 - Msg: [useDownloads] handleProgress called: [object Object]
01-19 11:21:44.300  1860  3845 I VSyncReactor: Current= 120, Period= 120, Distance= 1
01-19 11:21:44.300  9111  9111 I Capacitor/Console: File: https://localhost/assets/index-D7ggTbo2.js - Line 314 - Msg: GenericDownloader: App component rendering
01-19 11:21:44.302  9111  9111 I Capacitor/Console: File: https://localhost/assets/index-D7ggTbo2.js - Line 314 - Msg: [SearchPanel] Component render, searching: false query: Bobs burgers 
01-19 11:21:44.309  1860  3845 I VSyncReactor: Current= 120, Period= 120, Distance= 120
01-19 11:21:44.333  1704  5330 I vendor.qti.bluetooth@1.0-ibs_handler: ProcessIbsCmd: Received IBS_SLEEP_IND: 0xFE
01-19 11:21:44.344  1704  5330 I vendor.qti.bluetooth@1.0-ibs_handler: ProcessIbsCmd: Received IBS_WAKE_IND: 0xFD
01-19 11:21:44.344  1704  5330 I vendor.qti.bluetooth@1.0-ibs_handler: ProcessIbsCmd: Writing IBS_WAKE_ACK
01-19 11:21:44.376  9111  9111 I View    : setRequestedFrameRate frameRate=-4.0, this=com.getcapacitor.CapacitorWebView{b7d996b VFEDHVC.. .F...... 0,0-1080,2340 #7f0800c2 app:id/webview aid=1073741824}, caller=android.view.ViewGroup.setRequestedFrameRate:9952 WV.hf.b:1 WV.jg.h:118 WV.jg.onDraw:7 com.android.webview.chromium.WebViewChromium.onDraw:19 
01-19 11:21:44.392  1860  3845 I VSyncReactor: Current= 120, Period= 120, Distance= 11
01-19 11:21:44.393  1740  1740 I SDM     : AIScalerFeatureIntfImpl::LookupConfig: Scale ratio = 1.780000
01-19 11:21:44.393  1740  1740 I SDM     : AIScalerParserIntfImpl::LookupConfig: Scale Ratio Match Found Here
01-19 11:21:44.394  1860  2170 I CompositionEngine: [setDisplaySize] size=(434, 42)
01-19 11:21:44.397  4190  5409 I ScanController: onScanResult to scannerId: 3- eventType=0x1b, addressType=1, address=XX:XX:XX:XX:DD:E9, primaryPhy=1, secondaryPhy=0, advertisingSid=0xff, txPower=127, rssi=-40, periodicAdvInt=0x0
01-19 11:21:44.400  1860  3845 I VSyncReactor: Current= 120, Period= 120, Distance= 120
01-19 11:21:44.455  1704  5330 I vendor.qti.bluetooth@1.0-ibs_handler: ProcessIbsCmd: Received IBS_SLEEP_IND: 0xFE
01-19 11:21:44.462  1847  1896 E HeatmapThread: ECT Thread time in milliseconds: 1768821704
01-19 11:21:44.464  1740  1974 I SDM     : DisplayBase::CommitThread: Received idle timeout, panel: cmd, timeout: 70000 us
01-19 11:21:44.465  1847  1896 D HeatmapThread: !@ batteryplugType : 2
01-19 11:21:44.465  1847  1896 D HeatmapThread: !@ batteryLevel : 92  batteryTemperature : 326 
01-19 11:21:44.465  1847  1896 D HeatmapThread: !@ Heatmap currtime: 29480361
01-19 11:21:44.465  1847  1896 D HeatmapThread: !@ Heatmap prevtime: 29480341
01-19 11:21:44.465  1704  5330 I vendor.qti.bluetooth@1.0-ibs_handler: ProcessIbsCmd: Received IBS_WAKE_IND: 0xFD
01-19 11:21:44.465  1847  1896 D HeatmapThread: !@ Heatmap plugstarttime: 29480268
01-19 11:21:44.465  1704  5330 I vendor.qti.bluetooth@1.0-ibs_handler: ProcessIbsCmd: Writing IBS_WAKE_ACK
01-19 11:21:44.465  1847  1896 D HeatmapThread: !@ Heatmap prevv_dsoh_update_time: 29480358
01-19 11:21:44.465  1847  1896 E HeatmapThread: !@ CAM New BSOH: 100
01-19 11:21:44.465  1847  1896 E HeatmapThread: !@ CAM is Working
01-19 11:21:44.542  1704  5330 I vendor.qti.bluetooth@1.0-ibs_handler: ProcessIbsCmd: Received IBS_SLEEP_IND: 0xFE
01-19 11:21:44.545  9111  9111 I Capacitor/Console: File:  - Line 349 - Msg: [object Object]
01-19 11:21:44.546  9111  9215 V Capacitor/Plugin: To native (Capacitor plugin): callbackId: 76926416, pluginId: Preferences, methodName: get
01-19 11:21:44.546  9111  9215 V Capacitor: callback: 76926416, pluginId: Preferences, methodName: get, methodData: {"key":"history"}
01-19 11:21:44.547  9111  9111 I Capacitor/Console: File:  - Line 333 - Msg: {"value":"[{\"id\":\"ui01s8\",\"url\":\"https://www.usenet-crawler.com/getnzb/9143a7b2c7bdc6d53861dc826c94e52e.nzb&i=467400&r=5ea1448e6e515a93a885660a77981426\",\"filename\":\"Bobs.Burgers.S16E06.POLiSH.720p.WEB.H264-CHOPiN\",\"savePath\":\"Download/nzb/Bobs.Burgers.S16E06.POLiSH.720p.WEB.H264-CHOPiN/Files/Bobs.Burgers.S16E06.POLiSH.720p.WEB.H264-CHOPiN.nzb\",\"status\":\"completed\",\"startTime\":1768821512836,\"providerName\":\"Local\",\"totalBytes\":54269,\"endTime\":1768821513327},{\"id\":\"lv5puu\",\"filename\":\"Bobs.Burgers.S16E06.POLiSH.720p.WEB.H264-CHOPiN\",\"savePath\":\"nzb/Bobs.Burgers.S16E06.POLiSH.720p.WEB.H264-CHOPiN\",\"status\":\"queued\",\"startTime\":1768821512138,\"providerName\":\"UseNet Server\",\"providerId\":\"e166d369-19fa-404f-8f6c-a87b3ab96f7f\",\"externalId\":\"ghw4t\"}]"}
01-19 11:21:44.548  9111  9111 I Capacitor/Console: File: https://localhost/assets/index-D7ggTbo2.js - Line 314 - Msg: [DownloadManager] Poll emitting: lv5puu failed 0.5%
01-19 11:21:44.548  9111  9111 I Capacitor/Console: File: https://localhost/assets/index-D7ggTbo2.js - Line 314 - Msg: [useDownloads] handleProgress called: [object Object]
01-19 11:21:44.548  9111  9111 I Capacitor/Console: File: https://localhost/assets/index-D7ggTbo2.js - Line 314 - Msg: [useDownloads] handleProgress called: [object Object]
01-19 11:21:44.548  9111  9111 I Capacitor/Console: File: https://localhost/assets/index-D7ggTbo2.js - Line 314 - Msg: [useDownloads] handleProgress called: [object Object]
01-19 11:21:44.548  9111  9111 I Capacitor/Console: File: https://localhost/assets/index-D7ggTbo2.js - Line 314 - Msg: GenericDownloader: App component rendering
01-19 11:21:44.551  9111  9111 I Capacitor/Console: File: https://localhost/assets/index-D7ggTbo2.js - Line 314 - Msg: [SearchPanel] Component render, searching: false query: Bobs burgers 
01-19 11:21:44.551  1704  5330 I vendor.qti.bluetooth@1.0-ibs_handler: ProcessIbsCmd: Received IBS_WAKE_IND: 0xFD
01-19 11:21:44.551  1704  5330 I vendor.qti.bluetooth@1.0-ibs_handler: ProcessIbsCmd: Writing IBS_WAKE_ACK
01-19 11:21:44.798  9111  9111 I Capacitor/Console: File:  - Line 349 - Msg: [object Object]
01-19 11:21:44.798  9111  9215 V Capacitor/Plugin: To native (Capacitor plugin): callbackId: 76926417, pluginId: Preferences, methodName: get
01-19 11:21:44.798  9111  9215 V Capacitor: callback: 76926417, pluginId: Preferences, methodName: get, methodData: {"key":"history"}
01-19 11:21:44.800  9111  9111 I Capacitor/Console: File:  - Line 333 - Msg: {"value":"[{\"id\":\"ui01s8\",\"url\":\"https://www.usenet-crawler.com/getnzb/9143a7b2c7bdc6d53861dc826c94e52e.nzb&i=467400&r=5ea1448e6e515a93a885660a77981426\",\"filename\":\"Bobs.Burgers.S16E06.POLiSH.720p.WEB.H264-CHOPiN\",\"savePath\":\"Download/nzb/Bobs.Burgers.S16E06.POLiSH.720p.WEB.H264-CHOPiN/Files/Bobs.Burgers.S16E06.POLiSH.720p.WEB.H264-CHOPiN.nzb\",\"status\":\"completed\",\"startTime\":1768821512836,\"providerName\":\"Local\",\"totalBytes\":54269,\"endTime\":1768821513327},{\"id\":\"lv5puu\",\"filename\":\"Bobs.Burgers.S16E06.POLiSH.720p.WEB.H264-CHOPiN\",\"savePath\":\"nzb/Bobs.Burgers.S16E06.POLiSH.720p.WEB.H264-CHOPiN\",\"status\":\"queued\",\"startTime\":1768821512138,\"providerName\":\"UseNet Server\",\"providerId\":\"e166d369-19fa-404f-8f6c-a87b3ab96f7f\",\"externalId\":\"ghw4t\"}]"}
01-19 11:21:44.800  9111  9111 I Capacitor/Console: File: https://localhost/assets/index-D7ggTbo2.js - Line 314 - Msg: [DownloadManager] Poll emitting: lv5puu failed 0.5%
01-19 11:21:44.800  9111  9111 I Capacitor/Console: File: https://localhost/assets/index-D7ggTbo2.js - Line 314 - Msg: [useDownloads] handleProgress called: [object Object]
01-19 11:21:44.800  9111  9111 I Capacitor/Console: File: https://localhost/assets/index-D7ggTbo2.js - Line 314 - Msg: [useDownloads] handleProgress called: [object Object]
01-19 11:21:44.800  9111  9111 I Capacitor/Console: File: https://localhost/assets/index-D7ggTbo2.js - Line 314 - Msg: [useDownloads] handleProgress called: [object Object]
01-19 11:21:44.800  9111  9111 I Capacitor/Console: File: https://localhost/assets/index-D7ggTbo2.js - Line 314 - Msg: GenericDownloader: App component rendering
01-19 11:21:44.804  9111  9111 I Capacitor/Console: File: https://localhost/assets/index-D7ggTbo2.js - Line 314 - Msg: [SearchPanel] Component render, searching: false query: Bobs burgers 
01-19 11:21:45.047  9111  9215 V Capacitor/Plugin: To native (Capacitor plugin): callbackId: 76926418, pluginId: Preferences, methodName: get
01-19 11:21:45.047  9111  9111 I Capacitor/Console: File:  - Line 349 - Msg: [object Object]
01-19 11:21:45.047  9111  9215 V Capacitor: callback: 76926418, pluginId: Preferences, methodName: get, methodData: {"key":"history"}
01-19 11:21:45.048  9111  9111 I Capacitor/Console: File:  - Line 333 - Msg: {"value":"[{\"id\":\"ui01s8\",\"url\":\"https://www.usenet-crawler.com/getnzb/9143a7b2c7bdc6d53861dc826c94e52e.nzb&i=467400&r=5ea1448e6e515a93a885660a77981426\",\"filename\":\"Bobs.Burgers.S16E06.POLiSH.720p.WEB.H264-CHOPiN\",\"savePath\":\"Download/nzb/Bobs.Burgers.S16E06.POLiSH.720p.WEB.H264-CHOPiN/Files/Bobs.Burgers.S16E06.POLiSH.720p.WEB.H264-CHOPiN.nzb\",\"status\":\"completed\",\"startTime\":1768821512836,\"providerName\":\"Local\",\"totalBytes\":54269,\"endTime\":1768821513327},{\"id\":\"lv5puu\",\"filename\":\"Bobs.Burgers.S16E06.POLiSH.720p.WEB.H264-CHOPiN\",\"savePath\":\"nzb/Bobs.Burgers.S16E06.POLiSH.720p.WEB.H264-CHOPiN\",\"status\":\"queued\",\"startTime\":1768821512138,\"providerName\":\"UseNet Server\",\"providerId\":\"e166d369-19fa-404f-8f6c-a87b3ab96f7f\",\"externalId\":\"ghw4t\"}]"}
01-19 11:21:45.048  9111  9111 I Capacitor/Console: File: https://localhost/assets/index-D7ggTbo2.js - Line 314 - Msg: [DownloadManager] Poll emitting: lv5puu failed 0.5%
01-19 11:21:45.049  9111  9111 I Capacitor/Console: File: https://localhost/assets/index-D7ggTbo2.js - Line 314 - Msg: [useDownloads] handleProgress called: [object Object]
01-19 11:21:45.049  9111  9111 I Capacitor/Console: File: https://localhost/assets/index-D7ggTbo2.js - Line 314 - Msg: [useDownloads] handleProgress called: [object Object]
01-19 11:21:45.049  9111  9111 I Capacitor/Console: File: https://localhost/assets/index-D7ggTbo2.js - Line 314 - Msg: [useDownloads] handleProgress called: [object Object]
01-19 11:21:45.049  9111  9111 I Capacitor/Console: File: https://localhost/assets/index-D7ggTbo2.js - Line 314 - Msg: GenericDownloader: App component rendering
01-19 11:21:45.053  9111  9111 I Capacitor/Console: File: https://localhost/assets/index-D7ggTbo2.js - Line 314 - Msg: [SearchPanel] Component render, searching: false query: Bobs burgers 
01-19 11:21:45.295  2219  7706 E BatteryStatsService: Invalid uid for waking network packet: -1
01-19 11:21:45.298  9111  9111 I Capacitor/Console: File:  - Line 349 - Msg: [object Object]
01-19 11:21:45.298  9111  9215 V Capacitor/Plugin: To native (Capacitor plugin): callbackId: 76926419, pluginId: Preferences, methodName: get
01-19 11:21:45.298  9111  9215 V Capacitor: callback: 76926419, pluginId: Preferences, methodName: get, methodData: {"key":"history"}
01-19 11:21:45.299  9111  9111 I Capacitor/Console: File:  - Line 333 - Msg: {"value":"[{\"id\":\"ui01s8\",\"url\":\"https://www.usenet-crawler.com/getnzb/9143a7b2c7bdc6d53861dc826c94e52e.nzb&i=467400&r=5ea1448e6e515a93a885660a77981426\",\"filename\":\"Bobs.Burgers.S16E06.POLiSH.720p.WEB.H264-CHOPiN\",\"savePath\":\"Download/nzb/Bobs.Burgers.S16E06.POLiSH.720p.WEB.H264-CHOPiN/Files/Bobs.Burgers.S16E06.POLiSH.720p.WEB.H264-CHOPiN.nzb\",\"status\":\"completed\",\"startTime\":1768821512836,\"providerName\":\"Local\",\"totalBytes\":54269,\"endTime\":1768821513327},{\"id\":\"lv5puu\",\"filename\":\"Bobs.Burgers.S16E06.POLiSH.720p.WEB.H264-CHOPiN\",\"savePath\":\"nzb/Bobs.Burgers.S16E06.POLiSH.720p.WEB.H264-CHOPiN\",\"status\":\"queued\",\"startTime\":1768821512138,\"providerName\":\"UseNet Server\",\"providerId\":\"e166d369-19fa-404f-8f6c-a87b3ab96f7f\",\"externalId\":\"ghw4t\"}]"}
01-19 11:21:45.299  9111  9111 I Capacitor/Console: File: https://localhost/assets/index-D7ggTbo2.js - Line 314 - Msg: [DownloadManager] Poll emitting: lv5puu failed 0.5%
01-19 11:21:45.299  9111  9111 I Capacitor/Console: File: https://localhost/assets/index-D7ggTbo2.js - Line 314 - Msg: [useDownloads] handleProgress called: [object Object]
01-19 11:21:45.299  9111  9111 I Capacitor/Console: File: https://localhost/assets/index-D7ggTbo2.js - Line 314 - Msg: [useDownloads] handleProgress called: [object Object]
01-19 11:21:45.299  9111  9111 I Capacitor/Console: File: https://localhost/assets/index-D7ggTbo2.js - Line 314 - Msg: [useDownloads] handleProgress called: [object Object]
01-19 11:21:45.300  9111  9111 I Capacitor/Console: File: https://localhost/assets/index-D7ggTbo2.js - Line 314 - Msg: GenericDownloader: App component rendering
01-19 11:21:45.302  9111  9111 I Capacitor/Console: File: https://localhost/assets/index-D7ggTbo2.js - Line 314 - Msg: [SearchPanel] Component render, searching: false query: Bobs burgers 
01-19 11:21:45.329  1704  5330 I vendor.qti.bluetooth@1.0-ibs_handler: ProcessIbsCmd: Received IBS_SLEEP_IND: 0xFE
01-19 11:21:45.336  1704  5330 I vendor.qti.bluetooth@1.0-ibs_handler: ProcessIbsCmd: Received IBS_WAKE_IND: 0xFD
01-19 11:21:45.336  1704  5330 I vendor.qti.bluetooth@1.0-ibs_handler: ProcessIbsCmd: Writing IBS_WAKE_ACK
01-19 11:21:45.462  1847  1896 E HeatmapThread: ECT Thread time in milliseconds: 1768821705
01-19 11:21:45.464  1847  1896 D HeatmapThread: !@ batteryplugType : 2
01-19 11:21:45.464  1847  1896 D HeatmapThread: !@ batteryLevel : 92  batteryTemperature : 326 
01-19 11:21:45.464  1847  1896 D HeatmapThread: !@ Heatmap currtime: 29480361
01-19 11:21:45.464  1847  1896 D HeatmapThread: !@ Heatmap prevtime: 29480341
01-19 11:21:45.464  1847  1896 D HeatmapThread: !@ Heatmap plugstarttime: 29480268
01-19 11:21:45.464  1847  1896 D HeatmapThread: !@ Heatmap prevv_dsoh_update_time: 29480358
01-19 11:21:45.464  1847  1896 E HeatmapThread: !@ CAM New BSOH: 100
01-19 11:21:45.464  1847  1896 E HeatmapThread: !@ CAM is Working
01-19 11:21:45.545  9111  9215 V Capacitor/Plugin: To native (Capacitor plugin): callbackId: 76926420, pluginId: Preferences, methodName: get
01-19 11:21:45.545  9111  9111 I Capacitor/Console: File:  - Line 349 - Msg: [object Object]
01-19 11:21:45.545  9111  9215 V Capacitor: callback: 76926420, pluginId: Preferences, methodName: get, methodData: {"key":"history"}
01-19 11:21:45.546  9111  9111 I Capacitor/Console: File:  - Line 333 - Msg: {"value":"[{\"id\":\"ui01s8\",\"url\":\"https://www.usenet-crawler.com/getnzb/9143a7b2c7bdc6d53861dc826c94e52e.nzb&i=467400&r=5ea1448e6e515a93a885660a77981426\",\"filename\":\"Bobs.Burgers.S16E06.POLiSH.720p.WEB.H264-CHOPiN\",\"savePath\":\"Download/nzb/Bobs.Burgers.S16E06.POLiSH.720p.WEB.H264-CHOPiN/Files/Bobs.Burgers.S16E06.POLiSH.720p.WEB.H264-CHOPiN.nzb\",\"status\":\"completed\",\"startTime\":1768821512836,\"providerName\":\"Local\",\"totalBytes\":54269,\"endTime\":1768821513327},{\"id\":\"lv5puu\",\"filename\":\"Bobs.Burgers.S16E06.POLiSH.720p.WEB.H264-CHOPiN\",\"savePath\":\"nzb/Bobs.Burgers.S16E06.POLiSH.720p.WEB.H264-CHOPiN\",\"status\":\"queued\",\"startTime\":1768821512138,\"providerName\":\"UseNet Server\",\"providerId\":\"e166d369-19fa-404f-8f6c-a87b3ab96f7f\",\"externalId\":\"ghw4t\"}]"}
01-19 11:21:45.546  9111  9111 I Capacitor/Console: File: https://localhost/assets/index-D7ggTbo2.js - Line 314 - Msg: [DownloadManager] Poll emitting: lv5puu failed 0.5%
01-19 11:21:45.546  9111  9111 I Capacitor/Console: File: https://localhost/assets/index-D7ggTbo2.js - Line 314 - Msg: [useDownloads] handleProgress called: [object Object]
01-19 11:21:45.546  9111  9111 I Capacitor/Console: File: https://localhost/assets/index-D7ggTbo2.js - Line 314 - Msg: [useDownloads] handleProgress called: [object Object]
01-19 11:21:45.546  9111  9111 I Capacitor/Console: File: https://localhost/assets/index-D7ggTbo2.js - Line 314 - Msg: [useDownloads] handleProgress called: [object Object]
01-19 11:21:45.546  9111  9111 I Capacitor/Console: File: https://localhost/assets/index-D7ggTbo2.js - Line 314 - Msg: GenericDownloader: App component rendering
01-19 11:21:45.550  9111  9111 I Capacitor/Console: File: https://localhost/assets/index-D7ggTbo2.js - Line 314 - Msg: [SearchPanel] Component render, searching: false query: Bobs burgers 
01-19 11:21:45.764  1843 10978 D DlbDap2Process: process() called [846000] times with input format 0x22 and channel mask 0x3 (ProcessingMode=1), htEnable=0(0, 0, 0)
01-19 11:21:45.769  2219  3733 I SemWifiServiceDetector: Service det. suspended: T / T / 14867
01-19 11:21:45.797  9111  9215 V Capacitor/Plugin: To native (Capacitor plugin): callbackId: 76926421, pluginId: Preferences, methodName: get
01-19 11:21:45.797  9111  9215 V Capacitor: callback: 76926421, pluginId: Preferences, methodName: get, methodData: {"key":"history"}
01-19 11:21:45.797  9111  9111 I Capacitor/Console: File:  - Line 349 - Msg: [object Object]
01-19 11:21:45.798  9111  9111 I Capacitor/Console: File:  - Line 333 - Msg: {"value":"[{\"id\":\"ui01s8\",\"url\":\"https://www.usenet-crawler.com/getnzb/9143a7b2c7bdc6d53861dc826c94e52e.nzb&i=467400&r=5ea1448e6e515a93a885660a77981426\",\"filename\":\"Bobs.Burgers.S16E06.POLiSH.720p.WEB.H264-CHOPiN\",\"savePath\":\"Download/nzb/Bobs.Burgers.S16E06.POLiSH.720p.WEB.H264-CHOPiN/Files/Bobs.Burgers.S16E06.POLiSH.720p.WEB.H264-CHOPiN.nzb\",\"status\":\"completed\",\"startTime\":1768821512836,\"providerName\":\"Local\",\"totalBytes\":54269,\"endTime\":1768821513327},{\"id\":\"lv5puu\",\"filename\":\"Bobs.Burgers.S16E06.POLiSH.720p.WEB.H264-CHOPiN\",\"savePath\":\"nzb/Bobs.Burgers.S16E06.POLiSH.720p.WEB.H264-CHOPiN\",\"status\":\"queued\",\"startTime\":1768821512138,\"providerName\":\"UseNet Server\",\"providerId\":\"e166d369-19fa-404f-8f6c-a87b3ab96f7f\",\"externalId\":\"ghw4t\"}]"}
01-19 11:21:45.799  9111  9111 I Capacitor/Console: File: https://localhost/assets/index-D7ggTbo2.js - Line 314 - Msg: [DownloadManager] Poll emitting: lv5puu failed 0.5%
01-19 11:21:45.799  9111  9111 I Capacitor/Console: File: https://localhost/assets/index-D7ggTbo2.js - Line 314 - Msg: [useDownloads] handleProgress called: [object Object]
01-19 11:21:45.799  9111  9111 I Capacitor/Console: File: https://localhost/assets/index-D7ggTbo2.js - Line 314 - Msg: [useDownloads] handleProgress called: [object Object]
01-19 11:21:45.799  9111  9111 I Capacitor/Console: File: https://localhost/assets/index-D7ggTbo2.js - Line 314 - Msg: [useDownloads] handleProgress called: [object Object]
01-19 11:21:45.799  9111  9111 I Capacitor/Console: File: https://localhost/assets/index-D7ggTbo2.js - Line 314 - Msg: GenericDownloader: App component rendering
01-19 11:21:45.802  9111  9111 I Capacitor/Console: File: https://localhost/assets/index-D7ggTbo2.js - Line 314 - Msg: [SearchPanel] Component render, searching: false query: Bobs burgers 
01-19 11:21:45.980  2219  5129 I NSLocationMonitor: getGPSUsingApps() called
01-19 11:21:45.981  5133  5164 I NSLocationManager_FLP: getGPSUsingApps, No change
01-19 11:21:45.983  2219  5129 D FreecessHandler: freeze pl.solidexplorer2(10413) result : 2
01-19 11:21:46.017  2314  2314 I CNSS    : /sys/wifi/max_chipset_log_size doesn't exist
01-19 11:21:46.043  1753  3134 I StatsHandler: [avcD_210] Stats: Pending(0) i/p-done(0) Works: Q: 238/Done 226|Work-Rate: Q(0.0/s Avg=0.0/s) Done(0.000/s Avg=0.037/s)| Stream: 30.00fps 2.3Mbps
01-19 11:21:46.043  1753  3134 I StatsHandler: [avcD_210] Mem-usage:  [In-1D: 15 bufs 120.000 MB] [1D-2363: 33 bufs 0.516 MB] [2D-2364: 18 bufs 57.375 MB] | Total: 177.891 MB
01-19 11:21:46.043  1753  3134 I StatsHandler: [avcD_218] Stats: Pending(0) i/p-done(0) Works: Q: 169/Done 170|Work-Rate: Q(0.0/s Avg=0.0/s) Done(0.000/s Avg=0.029/s)| Stream: 30.00fps 1.6Mbps
01-19 11:21:46.043  1753  3134 I StatsHandler: [avcD_218] Mem-usage:  [In-1D: 11 bufs 88.000 MB] [1D-2379: 28 bufs 0.438 MB] [2D-2380: 18 bufs 25.734 MB] | Total: 114.172 MB
01-19 11:21:46.043  1753  3134 I StatsHandler: [avcD_219] Stats: Pending(0) i/p-done(0) Works: Q: 294/Done 282|Work-Rate: Q(0.0/s Avg=0.1/s) Done(0.000/s Avg=0.048/s)| Stream: 30.00fps 1.6Mbps
01-19 11:21:46.043  1753  3134 I StatsHandler: [avcD_219] Mem-usage:  [In-1D: 11 bufs 88.000 MB] [1D-2381: 29 bufs 0.453 MB] [2D-2382: 18 bufs 25.734 MB] | Total: 114.188 MB
01-19 11:21:46.047  9111  9215 V Capacitor/Plugin: To native (Capacitor plugin): callbackId: 76926422, pluginId: Preferences, methodName: get
01-19 11:21:46.047  9111  9215 V Capacitor: callback: 76926422, pluginId: Preferences, methodName: get, methodData: {"key":"history"}
01-19 11:21:46.047  9111  9111 I Capacitor/Console: File:  - Line 349 - Msg: [object Object]
01-19 11:21:46.048  1704  5330 I vendor.qti.bluetooth@1.0-ibs_handler: ProcessIbsCmd: Received IBS_SLEEP_IND: 0xFE
01-19 11:21:46.049  9111  9111 I Capacitor/Console: File:  - Line 333 - Msg: {"value":"[{\"id\":\"ui01s8\",\"url\":\"https://www.usenet-crawler.com/getnzb/9143a7b2c7bdc6d53861dc826c94e52e.nzb&i=467400&r=5ea1448e6e515a93a885660a77981426\",\"filename\":\"Bobs.Burgers.S16E06.POLiSH.720p.WEB.H264-CHOPiN\",\"savePath\":\"Download/nzb/Bobs.Burgers.S16E06.POLiSH.720p.WEB.H264-CHOPiN/Files/Bobs.Burgers.S16E06.POLiSH.720p.WEB.H264-CHOPiN.nzb\",\"status\":\"completed\",\"startTime\":1768821512836,\"providerName\":\"Local\",\"totalBytes\":54269,\"endTime\":1768821513327},{\"id\":\"lv5puu\",\"filename\":\"Bobs.Burgers.S16E06.POLiSH.720p.WEB.H264-CHOPiN\",\"savePath\":\"nzb/Bobs.Burgers.S16E06.POLiSH.720p.WEB.H264-CHOPiN\",\"status\":\"queued\",\"startTime\":1768821512138,\"providerName\":\"UseNet Server\",\"providerId\":\"e166d369-19fa-404f-8f6c-a87b3ab96f7f\",\"externalId\":\"ghw4t\"}]"}
01-19 11:21:46.049  9111  9111 I Capacitor/Console: File: https://localhost/assets/index-D7ggTbo2.js - Line 314 - Msg: [DownloadManager] Poll emitting: lv5puu failed 0.5%
01-19 11:21:46.049  9111  9111 I Capacitor/Console: File: https://localhost/assets/index-D7ggTbo2.js - Line 314 - Msg: [useDownloads] handleProgress called: [object Object]
01-19 11:21:46.049  9111  9111 I Capacitor/Console: File: https://localhost/assets/index-D7ggTbo2.js - Line 314 - Msg: [useDownloads] handleProgress called: [object Object]
01-19 11:21:46.049  9111  9111 I Capacitor/Console: File: https://localhost/assets/index-D7ggTbo2.js - Line 314 - Msg: [useDownloads] handleProgress called: [object Object]
01-19 11:21:46.049  9111  9111 I Capacitor/Console: File: https://localhost/assets/index-D7ggTbo2.js - Line 314 - Msg: GenericDownloader: App component rendering
01-19 11:21:46.053  9111  9111 I Capacitor/Console: File: https://localhost/assets/index-D7ggTbo2.js - Line 314 - Msg: [SearchPanel] Component render, searching: false query: Bobs burgers 
01-19 11:21:46.057  1704  5330 I vendor.qti.bluetooth@1.0-ibs_handler: ProcessIbsCmd: Received IBS_WAKE_IND: 0xFD
01-19 11:21:46.057  1704  5330 I vendor.qti.bluetooth@1.0-ibs_handler: ProcessIbsCmd: Writing IBS_WAKE_ACK
01-19 11:21:46.072  6625  6625 I SDHMS:LOAD: type: LoadsFreqs, value: 47:29:0:1978752:4473600:1017600:1470335:3532800:1152000:222:222:222
01-19 11:21:46.131  1704  5330 I vendor.qti.bluetooth@1.0-ibs_handler: ProcessIbsCmd: Received IBS_SLEEP_IND: 0xFE
01-19 11:21:46.135  1704  5330 I vendor.qti.bluetooth@1.0-ibs_handler: ProcessIbsCmd: Received IBS_WAKE_IND: 0xFD
01-19 11:21:46.135  1704  5330 I vendor.qti.bluetooth@1.0-ibs_handler: ProcessIbsCmd: Writing IBS_WAKE_ACK
01-19 11:21:46.214  1704  5330 I vendor.qti.bluetooth@1.0-ibs_handler: ProcessIbsCmd: Received IBS_SLEEP_IND: 0xFE
01-19 11:21:46.220  1704  5330 I vendor.qti.bluetooth@1.0-ibs_handler: ProcessIbsCmd: Received IBS_WAKE_IND: 0xFD
01-19 11:21:46.220  1704  5330 I vendor.qti.bluetooth@1.0-ibs_handler: ProcessIbsCmd: Writing IBS_WAKE_ACK
01-19 11:21:46.271  1704  5330 I vendor.qti.bluetooth@1.0-ibs_handler: ProcessIbsCmd: Received IBS_SLEEP_IND: 0xFE
01-19 11:21:46.277  1704  5330 I vendor.qti.bluetooth@1.0-ibs_handler: ProcessIbsCmd: Received IBS_WAKE_IND: 0xFD
01-19 11:21:46.277  1704  5330 I vendor.qti.bluetooth@1.0-ibs_handler: ProcessIbsCmd: Writing IBS_WAKE_ACK
01-19 11:21:46.292  1720  8877 I sensors-hal: handle_sns_std_sensor_event:157, [1612] Pressure 994.771, cal 0.677, sw_offset 0.000 (lsb(bit) 0x29 0x36 0x61)
01-19 11:21:46.298  9111  9215 V Capacitor/Plugin: To native (Capacitor plugin): callbackId: 76926423, pluginId: Preferences, methodName: get
01-19 11:21:46.298  9111  9111 I Capacitor/Console: File:  - Line 349 - Msg: [object Object]
01-19 11:21:46.298  9111  9215 V Capacitor: callback: 76926423, pluginId: Preferences, methodName: get, methodData: {"key":"history"}
01-19 11:21:46.299  9111  9111 I Capacitor/Console: File:  - Line 333 - Msg: {"value":"[{\"id\":\"ui01s8\",\"url\":\"https://www.usenet-crawler.com/getnzb/9143a7b2c7bdc6d53861dc826c94e52e.nzb&i=467400&r=5ea1448e6e515a93a885660a77981426\",\"filename\":\"Bobs.Burgers.S16E06.POLiSH.720p.WEB.H264-CHOPiN\",\"savePath\":\"Download/nzb/Bobs.Burgers.S16E06.POLiSH.720p.WEB.H264-CHOPiN/Files/Bobs.Burgers.S16E06.POLiSH.720p.WEB.H264-CHOPiN.nzb\",\"status\":\"completed\",\"startTime\":1768821512836,\"providerName\":\"Local\",\"totalBytes\":54269,\"endTime\":1768821513327},{\"id\":\"lv5puu\",\"filename\":\"Bobs.Burgers.S16E06.POLiSH.720p.WEB.H264-CHOPiN\",\"savePath\":\"nzb/Bobs.Burgers.S16E06.POLiSH.720p.WEB.H264-CHOPiN\",\"status\":\"queued\",\"startTime\":1768821512138,\"providerName\":\"UseNet Server\",\"providerId\":\"e166d369-19fa-404f-8f6c-a87b3ab96f7f\",\"externalId\":\"ghw4t\"}]"}
01-19 11:21:46.299  9111  9111 I Capacitor/Console: File: https://localhost/assets/index-D7ggTbo2.js - Line 314 - Msg: [DownloadManager] Poll emitting: lv5puu failed 0.5%
01-19 11:21:46.299  9111  9111 I Capacitor/Console: File: https://localhost/assets/index-D7ggTbo2.js - Line 314 - Msg: [useDownloads] handleProgress called: [object Object]
01-19 11:21:46.299  9111  9111 I Capacitor/Console: File: https://localhost/assets/index-D7ggTbo2.js - Line 314 - Msg: [useDownloads] handleProgress called: [object Object]
01-19 11:21:46.299  9111  9111 I Capacitor/Console: File: https://localhost/assets/index-D7ggTbo2.js - Line 314 - Msg: [useDownloads] handleProgress called: [object Object]
01-19 11:21:46.299  9111  9111 I Capacitor/Console: File: https://localhost/assets/index-D7ggTbo2.js - Line 314 - Msg: GenericDownloader: App component rendering
01-19 11:21:46.301  9111  9111 I Capacitor/Console: File: https://localhost/assets/index-D7ggTbo2.js - Line 314 - Msg: [SearchPanel] Component render, searching: false query: Bobs burgers 
01-19 11:21:46.306  1860  1943 I VSyncReactor: Current= 120, Period= 120, Distance= 1
01-19 11:21:46.314  1860  1943 I VSyncReactor: Current= 120, Period= 120, Distance= 120
01-19 11:21:46.462  1847  1896 E HeatmapThread: ECT Thread time in milliseconds: 1768821706
01-19 11:21:46.464  1847  1896 D HeatmapThread: !@ batteryplugType : 2
01-19 11:21:46.464  1847  1896 D HeatmapThread: !@ batteryLevel : 92  batteryTemperature : 326 
01-19 11:21:46.464  1847  1896 D HeatmapThread: !@ Heatmap currtime: 29480361
01-19 11:21:46.464  1847  1896 D HeatmapThread: !@ Heatmap prevtime: 29480341
01-19 11:21:46.464  1847  1896 D HeatmapThread: !@ Heatmap plugstarttime: 29480268
01-19 11:21:46.464  1847  1896 D HeatmapThread: !@ Heatmap prevv_dsoh_update_time: 29480358
01-19 11:21:46.464  1847  1896 E HeatmapThread: !@ CAM New BSOH: 100
01-19 11:21:46.464  1847  1896 E HeatmapThread: !@ CAM is Working
01-19 11:21:46.506 15759 15759 I wpa_supplicant: Heartbeat 30613
01-19 11:21:46.545  9111  9215 V Capacitor/Plugin: To native (Capacitor plugin): callbackId: 76926424, pluginId: Preferences, methodName: get
01-19 11:21:46.545  9111  9111 I Capacitor/Console: File:  - Line 349 - Msg: [object Object]
01-19 11:21:46.545  9111  9215 V Capacitor: callback: 76926424, pluginId: Preferences, methodName: get, methodData: {"key":"history"}
01-19 11:21:46.546  9111  9111 I Capacitor/Console: File:  - Line 333 - Msg: {"value":"[{\"id\":\"ui01s8\",\"url\":\"https://www.usenet-crawler.com/getnzb/9143a7b2c7bdc6d53861dc826c94e52e.nzb&i=467400&r=5ea1448e6e515a93a885660a77981426\",\"filename\":\"Bobs.Burgers.S16E06.POLiSH.720p.WEB.H264-CHOPiN\",\"savePath\":\"Download/nzb/Bobs.Burgers.S16E06.POLiSH.720p.WEB.H264-CHOPiN/Files/Bobs.Burgers.S16E06.POLiSH.720p.WEB.H264-CHOPiN.nzb\",\"status\":\"completed\",\"startTime\":1768821512836,\"providerName\":\"Local\",\"totalBytes\":54269,\"endTime\":1768821513327},{\"id\":\"lv5puu\",\"filename\":\"Bobs.Burgers.S16E06.POLiSH.720p.WEB.H264-CHOPiN\",\"savePath\":\"nzb/Bobs.Burgers.S16E06.POLiSH.720p.WEB.H264-CHOPiN\",\"status\":\"queued\",\"startTime\":1768821512138,\"providerName\":\"UseNet Server\",\"providerId\":\"e166d369-19fa-404f-8f6c-a87b3ab96f7f\",\"externalId\":\"ghw4t\"}]"}
01-19 11:21:46.546  9111  9111 I Capacitor/Console: File: https://localhost/assets/index-D7ggTbo2.js - Line 314 - Msg: [DownloadManager] Poll emitting: lv5puu failed 0.5%
01-19 11:21:46.546  9111  9111 I Capacitor/Console: File: https://localhost/assets/index-D7ggTbo2.js - Line 314 - Msg: [useDownloads] handleProgress called: [object Object]
01-19 11:21:46.546  9111  9111 I Capacitor/Console: File: https://localhost/assets/index-D7ggTbo2.js - Line 314 - Msg: [useDownloads] handleProgress called: [object Object]
01-19 11:21:46.546  9111  9111 I Capacitor/Console: File: https://localhost/assets/index-D7ggTbo2.js - Line 314 - Msg: [useDownloads] handleProgress called: [object Object]
01-19 11:21:46.546  9111  9111 I Capacitor/Console: File: https://localhost/assets/index-D7ggTbo2.js - Line 314 - Msg: GenericDownloader: App component rendering
01-19 11:21:46.551  9111  9111 I Capacitor/Console: File: https://localhost/assets/index-D7ggTbo2.js - Line 314 - Msg: [SearchPanel] Component render, searching: false query: Bobs burgers 
01-19 11:21:46.798  9111  9111 I Capacitor/Console: File:  - Line 349 - Msg: [object Object]
01-19 11:21:46.798  9111  9215 V Capacitor/Plugin: To native (Capacitor plugin): callbackId: 76926425, pluginId: Preferences, methodName: get
01-19 11:21:46.798  9111  9215 V Capacitor: callback: 76926425, pluginId: Preferences, methodName: get, methodData: {"key":"history"}
01-19 11:21:46.800  9111  9111 I Capacitor/Console: File:  - Line 333 - Msg: {"value":"[{\"id\":\"ui01s8\",\"url\":\"https://www.usenet-crawler.com/getnzb/9143a7b2c7bdc6d53861dc826c94e52e.nzb&i=467400&r=5ea1448e6e515a93a885660a77981426\",\"filename\":\"Bobs.Burgers.S16E06.POLiSH.720p.WEB.H264-CHOPiN\",\"savePath\":\"Download/nzb/Bobs.Burgers.S16E06.POLiSH.720p.WEB.H264-CHOPiN/Files/Bobs.Burgers.S16E06.POLiSH.720p.WEB.H264-CHOPiN.nzb\",\"status\":\"completed\",\"startTime\":1768821512836,\"providerName\":\"Local\",\"totalBytes\":54269,\"endTime\":1768821513327},{\"id\":\"lv5puu\",\"filename\":\"Bobs.Burgers.S16E06.POLiSH.720p.WEB.H264-CHOPiN\",\"savePath\":\"nzb/Bobs.Burgers.S16E06.POLiSH.720p.WEB.H264-CHOPiN\",\"status\":\"queued\",\"startTime\":1768821512138,\"providerName\":\"UseNet Server\",\"providerId\":\"e166d369-19fa-404f-8f6c-a87b3ab96f7f\",\"externalId\":\"ghw4t\"}]"}
01-19 11:21:46.800  9111  9111 I Capacitor/Console: File: https://localhost/assets/index-D7ggTbo2.js - Line 314 - Msg: [DownloadManager] Poll emitting: lv5puu failed 0.5%
01-19 11:21:46.800  9111  9111 I Capacitor/Console: File: https://localhost/assets/index-D7ggTbo2.js - Line 314 - Msg: [useDownloads] handleProgress called: [object Object]
01-19 11:21:46.800  9111  9111 I Capacitor/Console: File: https://localhost/assets/index-D7ggTbo2.js - Line 314 - Msg: [useDownloads] handleProgress called: [object Object]
01-19 11:21:46.800  9111  9111 I Capacitor/Console: File: https://localhost/assets/index-D7ggTbo2.js - Line 314 - Msg: [useDownloads] handleProgress called: [object Object]
01-19 11:21:46.800  9111  9111 I Capacitor/Console: File: https://localhost/assets/index-D7ggTbo2.js - Line 314 - Msg: GenericDownloader: App component rendering
01-19 11:21:46.803  9111  9111 I Capacitor/Console: File: https://localhost/assets/index-D7ggTbo2.js - Line 314 - Msg: [SearchPanel] Component render, searching: false query: Bobs burgers 
01-19 11:21:46.846 29483 29483 I AudioPathManager: loadAudioPath() : loaded audio path is bluetooth (2)
01-19 11:21:46.846 29483 29483 I EffectManager: isSupportDolbyAtmosOnThisAudioPath() : path is bluetooth (2)
01-19 11:21:46.846 29483 29483 I UHQUpscalerManager: isUHQCompatibleBluetooth() : support is 0, mode is 1
01-19 11:21:46.846 29483 29483 I AudioPathManager: loadAudioPath() : loaded audio path is bluetooth (2)
01-19 11:21:46.846 29483 29483 I EffectManager: isSupportVoiceBoostOnCurrentAudioPath() : path is bluetooth (2)
01-19 11:21:46.846 29483 29483 I AudioPathManager: loadAudioPath() : loaded audio path is bluetooth (2)
01-19 11:21:46.846 29483 29483 I EffectManager: isSupportVolumeNormalizationOnCurrentAudioPath() : path is bluetooth (2)
01-19 11:21:46.846 29483 29483 I DVFSHelper: isNecessaryToBoostCPU() : isDolbyOn? false, isUHQUpscalerOn? false, isVoiceBoostOn? false, isVolumeNormalizationOn? true
01-19 11:21:46.846 29483 29483 I SemDvfsHyPerManager: acquire hyper - class com.sec.android.app.soundalive.SoundAliveApplication/29483@0, type = -999
01-19 11:21:46.846 29483 29483 I DVFSHelper: acquireBoostingCPU() : cpu is boosting by hint 10004
01-19 11:21:46.847  1727  1871 I HYPER-HAL: [RequestManager.cpp]acquire(): Acquired ID : 434638386  [29483 / 0]    HINT : SOUNDALIVE_DVFS_20_PERCENT    list : [TIMEOUT / 30000] 
01-19 11:21:46.916  2219  3605 E WifiStaIfaceAidlImpl: getCachedScanData failed with service-specific exception: android.os.ServiceSpecificException:  (code 4)
01-19 11:21:46.918  2219 16800 D SemWifiUsabilityStatsMonitor: onWifiUsabilityStats - seqNum 21724, isSameBssidAndFreq true
01-19 11:21:46.919  4074  4074 I EPDG -- SIM0 [SMARTWIFI]: isProfiling, hash=53453600, started=true
01-19 11:21:46.919  4074  4074 I EPDG -- SIM0 [SMARTWIFI]: isProfiling, hash=53453600, started=true
01-19 11:21:46.919  2219  3735 I SemWifiLinkQualityMonitor: Link stat: 325 / 21 / 1.25 (5) / 650 / -50.0 || 100.0 : 650.00 / 0.5 : 0.80 / 0.55 : 0.06 / G (G) || f4aa95b35240: 0.089 / 89.604 / N || N N / 0 0 / N 2.0 / N X 2 / 283075699 0 || 2026-01-19 11:21:46  / 0: 0 0 0 0 0 0 / 0: 0 0 0 0 0 0 / 0: 0 0 0 0 0 0
01-19 11:21:46.919  4074  4074 I EPDG -- SIM0 [SMARTWIFI]: Rssi : -50 highrange : -75 lowrange : -85 mIsRssiInHystersis : false
01-19 11:21:46.919  4074  4074 I EPDG -- SIM0 [SMARTWIFI]: Rssi : -50 highrange : -75 lowrange : -85 mIsRssiInHystersis : false
01-19 11:21:46.919  4074  4074 I EPDG -- SIM0 [SMARTWIFI]: getHandoverThresholdMet: value is: false
01-19 11:21:46.919  2219  3736 D InsDataManager: onOutageCountUpdate() - Outage Data: 0, LQ : N. Outage Triggered: false
01-19 11:21:46.920  2219  3736 E InsController: Error in onOutageCountUpdate: android.net.VpnTransportInfo cannot be cast to android.net.wifi.WifiInfo
01-19 11:21:46.920  2219  3736 D SemInsManager: {"bssid": "f4aa95b35240","rssi": -50.0,"latency": 0.08928137651821862,"outage_count": 0,"lq_callback_triggered": false,"outage_log": "Link stat: 325 / 21 / 1.25 (5) / 650 / -50.0 || 100.0 : 650.00 / 0.5 : 0.80 / 0.55 : 0.06 / G (G) || f4aa95b35240: 0.089 / 89.604 / N || N N / 0 0 / N 2.0 / N X 2 / 283075699 0 || 2026-01-19 11:21:46  / 0: 0 0 0 0 0 0 / 0: 0 0 0 0 0 0 / 0: 0 0 0 0 0 0""Magnetic Sensor Events size": "0""Pressure Sensor Events size": "0"}
01-19 11:21:46.920  2219  3753 D SGM:GameManager: identifyGamePackage. com.dan.generic_nzb_downloader, mCurrentUserId: 0, callingMethodInfo: com.samsung.android.game.SemGameManager.isGamePackage(SemGameManager.java:106)
01-19 11:21:46.920  2219  3753 D SGM:SemGameManager: isGamePackage(), pkgName=com.dan.generic_nzb_downloader, ret=false
01-19 11:21:47.047  9111  9215 V Capacitor/Plugin: To native (Capacitor plugin): callbackId: 76926426, pluginId: Preferences, methodName: get
01-19 11:21:47.047  9111  9111 I Capacitor/Console: File:  - Line 349 - Msg: [object Object]
01-19 11:21:47.047  9111  9215 V Capacitor: callback: 76926426, pluginId: Preferences, methodName: get, methodData: {"key":"history"}
01-19 11:21:47.048  9111  9111 I Capacitor/Console: File:  - Line 333 - Msg: {"value":"[{\"id\":\"ui01s8\",\"url\":\"https://www.usenet-crawler.com/getnzb/9143a7b2c7bdc6d53861dc826c94e52e.nzb&i=467400&r=5ea1448e6e515a93a885660a77981426\",\"filename\":\"Bobs.Burgers.S16E06.POLiSH.720p.WEB.H264-CHOPiN\",\"savePath\":\"Download/nzb/Bobs.Burgers.S16E06.POLiSH.720p.WEB.H264-CHOPiN/Files/Bobs.Burgers.S16E06.POLiSH.720p.WEB.H264-CHOPiN.nzb\",\"status\":\"completed\",\"startTime\":1768821512836,\"providerName\":\"Local\",\"totalBytes\":54269,\"endTime\":1768821513327},{\"id\":\"lv5puu\",\"filename\":\"Bobs.Burgers.S16E06.POLiSH.720p.WEB.H264-CHOPiN\",\"savePath\":\"nzb/Bobs.Burgers.S16E06.POLiSH.720p.WEB.H264-CHOPiN\",\"status\":\"queued\",\"startTime\":1768821512138,\"providerName\":\"UseNet Server\",\"providerId\":\"e166d369-19fa-404f-8f6c-a87b3ab96f7f\",\"externalId\":\"ghw4t\"}]"}
01-19 11:21:47.048  9111  9111 I Capacitor/Console: File: https://localhost/assets/index-D7ggTbo2.js - Line 314 - Msg: [DownloadManager] Poll emitting: lv5puu failed 0.5%
01-19 11:21:47.048  9111  9111 I Capacitor/Console: File: https://localhost/assets/index-D7ggTbo2.js - Line 314 - Msg: [useDownloads] handleProgress called: [object Object]
01-19 11:21:47.048  9111  9111 I Capacitor/Console: File: https://localhost/assets/index-D7ggTbo2.js - Line 314 - Msg: [useDownloads] handleProgress called: [object Object]
01-19 11:21:47.048  9111  9111 I Capacitor/Console: File: https://localhost/assets/index-D7ggTbo2.js - Line 314 - Msg: [useDownloads] handleProgress called: [object Object]
01-19 11:21:47.048  9111  9111 I Capacitor/Console: File: https://localhost/assets/index-D7ggTbo2.js - Line 314 - Msg: GenericDownloader: App component rendering
01-19 11:21:47.052  9111  9111 I Capacitor/Console: File: https://localhost/assets/index-D7ggTbo2.js - Line 314 - Msg: [SearchPanel] Component render, searching: false query: Bobs burgers 
01-19 11:21:47.147  2219  3764 D SemWifiEleStateTracker: Pressure Diff: -0.0012207031
01-19 11:21:47.147  2219  3764 D SemWifiEleStateTracker: Barometer value: Prev 994.77246 Current 994.77124 mSmallBaroDetected : false
01-19 11:21:47.247  2219  6967 E BatteryStatsService: Invalid uid for waking network packet: -1
01-19 11:21:47.298  9111  9111 I Capacitor/Console: File:  - Line 349 - Msg: [object Object]
01-19 11:21:47.298  9111  9215 V Capacitor/Plugin: To native (Capacitor plugin): callbackId: 76926427, pluginId: Preferences, methodName: get
01-19 11:21:47.298  9111  9215 V Capacitor: callback: 76926427, pluginId: Preferences, methodName: get, methodData: {"key":"history"}
01-19 11:21:47.300  9111  9111 I Capacitor/Console: File:  - Line 333 - Msg: {"value":"[{\"id\":\"ui01s8\",\"url\":\"https://www.usenet-crawler.com/getnzb/9143a7b2c7bdc6d53861dc826c94e52e.nzb&i=467400&r=5ea1448e6e515a93a885660a77981426\",\"filename\":\"Bobs.Burgers.S16E06.POLiSH.720p.WEB.H264-CHOPiN\",\"savePath\":\"Download/nzb/Bobs.Burgers.S16E06.POLiSH.720p.WEB.H264-CHOPiN/Files/Bobs.Burgers.S16E06.POLiSH.720p.WEB.H264-CHOPiN.nzb\",\"status\":\"completed\",\"startTime\":1768821512836,\"providerName\":\"Local\",\"totalBytes\":54269,\"endTime\":1768821513327},{\"id\":\"lv5puu\",\"filename\":\"Bobs.Burgers.S16E06.POLiSH.720p.WEB.H264-CHOPiN\",\"savePath\":\"nzb/Bobs.Burgers.S16E06.POLiSH.720p.WEB.H264-CHOPiN\",\"status\":\"queued\",\"startTime\":1768821512138,\"providerName\":\"UseNet Server\",\"providerId\":\"e166d369-19fa-404f-8f6c-a87b3ab96f7f\",\"externalId\":\"ghw4t\"}]"}
01-19 11:21:47.300  9111  9111 I Capacitor/Console: File: https://localhost/assets/index-D7ggTbo2.js - Line 314 - Msg: [DownloadManager] Poll emitting: lv5puu failed 0.5%
01-19 11:21:47.300  9111  9111 I Capacitor/Console: File: https://localhost/assets/index-D7ggTbo2.js - Line 314 - Msg: [useDownloads] handleProgress called: [object Object]
01-19 11:21:47.300  9111  9111 I Capacitor/Console: File: https://localhost/assets/index-D7ggTbo2.js - Line 314 - Msg: [useDownloads] handleProgress called: [object Object]
01-19 11:21:47.300  9111  9111 I Capacitor/Console: File: https://localhost/assets/index-D7ggTbo2.js - Line 314 - Msg: [useDownloads] handleProgress called: [object Object]
01-19 11:21:47.300  9111  9111 I Capacitor/Console: File: https://localhost/assets/index-D7ggTbo2.js - Line 314 - Msg: GenericDownloader: App component rendering
01-19 11:21:47.304  9111  9111 I Capacitor/Console: File: https://localhost/assets/index-D7ggTbo2.js - Line 314 - Msg: [SearchPanel] Component render, searching: false query: Bobs burgers 
01-19 11:21:47.462  1847  1896 E HeatmapThread: ECT Thread time in milliseconds: 1768821707
01-19 11:21:47.464  1847  1896 D HeatmapThread: !@ batteryplugType : 2
01-19 11:21:47.464  1847  1896 D HeatmapThread: !@ batteryLevel : 92  batteryTemperature : 326 
01-19 11:21:47.464  1847  1896 D HeatmapThread: !@ Heatmap currtime: 29480361
01-19 11:21:47.464  1847  1896 D HeatmapThread: !@ Heatmap prevtime: 29480341
01-19 11:21:47.464  1847  1896 D HeatmapThread: !@ Heatmap plugstarttime: 29480268
01-19 11:21:47.464  1847  1896 D HeatmapThread: !@ Heatmap prevv_dsoh_update_time: 29480358
01-19 11:21:47.464  1847  1896 E HeatmapThread: !@ CAM New BSOH: 100
01-19 11:21:47.464  1847  1896 E HeatmapThread: !@ CAM is Working
01-19 11:21:47.498  1720  8359 I sensors-hal: handle_sns_std_sensor_event:408, [SSC_LIGHT] P: 73(73),c:0,b:85,m:13,cl:0,l:72,s:74,l0:13184,l1:672,s0:12500,s1:0,acl:1,opr:0.09,f(r):86,u(bl):100,if:86,wi:0,si:0,0(N:0)
01-19 11:21:47.545  9111  9215 V Capacitor/Plugin: To native (Capacitor plugin): callbackId: 76926428, pluginId: Preferences, methodName: get
01-19 11:21:47.545  9111  9111 I Capacitor/Console: File:  - Line 349 - Msg: [object Object]
01-19 11:21:47.545  9111  9215 V Capacitor: callback: 76926428, pluginId: Preferences, methodName: get, methodData: {"key":"history"}
01-19 11:21:47.546  9111  9111 I Capacitor/Console: File:  - Line 333 - Msg: {"value":"[{\"id\":\"ui01s8\",\"url\":\"https://www.usenet-crawler.com/getnzb/9143a7b2c7bdc6d53861dc826c94e52e.nzb&i=467400&r=5ea1448e6e515a93a885660a77981426\",\"filename\":\"Bobs.Burgers.S16E06.POLiSH.720p.WEB.H264-CHOPiN\",\"savePath\":\"Download/nzb/Bobs.Burgers.S16E06.POLiSH.720p.WEB.H264-CHOPiN/Files/Bobs.Burgers.S16E06.POLiSH.720p.WEB.H264-CHOPiN.nzb\",\"status\":\"completed\",\"startTime\":1768821512836,\"providerName\":\"Local\",\"totalBytes\":54269,\"endTime\":1768821513327},{\"id\":\"lv5puu\",\"filename\":\"Bobs.Burgers.S16E06.POLiSH.720p.WEB.H264-CHOPiN\",\"savePath\":\"nzb/Bobs.Burgers.S16E06.POLiSH.720p.WEB.H264-CHOPiN\",\"status\":\"queued\",\"startTime\":1768821512138,\"providerName\":\"UseNet Server\",\"providerId\":\"e166d369-19fa-404f-8f6c-a87b3ab96f7f\",\"externalId\":\"ghw4t\"}]"}
01-19 11:21:47.546  9111  9111 I Capacitor/Console: File: https://localhost/assets/index-D7ggTbo2.js - Line 314 - Msg: [DownloadManager] Poll emitting: lv5puu failed 0.5%
01-19 11:21:47.546  9111  9111 I Capacitor/Console: File: https://localhost/assets/index-D7ggTbo2.js - Line 314 - Msg: [useDownloads] handleProgress called: [object Object]
01-19 11:21:47.546  9111  9111 I Capacitor/Console: File: https://localhost/assets/index-D7ggTbo2.js - Line 314 - Msg: [useDownloads] handleProgress called: [object Object]
01-19 11:21:47.546  9111  9111 I Capacitor/Console: File: https://localhost/assets/index-D7ggTbo2.js - Line 314 - Msg: [useDownloads] handleProgress called: [object Object]
01-19 11:21:47.546  9111  9111 I Capacitor/Console: File: https://localhost/assets/index-D7ggTbo2.js - Line 314 - Msg: GenericDownloader: App component rendering
01-19 11:21:47.551  9111  9111 I Capacitor/Console: File: https://localhost/assets/index-D7ggTbo2.js - Line 314 - Msg: [SearchPanel] Component render, searching: false query: Bobs burgers 
01-19 11:21:47.626  1171  1171 D io_stats: !@ Read_top(KB): ik.music.player:low(29019) 1024 kworker/u17:2:/(31421) 60
01-19 11:21:47.626  1171  1171 D io_stats: !@ Write_top(KB): jbd2/sda7-8:/(1086) 12 kworker/u17:2:/(31421) 4
01-19 11:21:47.798  9111  9111 I Capacitor/Console: File:  - Line 349 - Msg: [object Object]
01-19 11:21:47.798  9111  9215 V Capacitor/Plugin: To native (Capacitor plugin): callbackId: 76926429, pluginId: Preferences, methodName: get
01-19 11:21:47.798  9111  9215 V Capacitor: callback: 76926429, pluginId: Preferences, methodName: get, methodData: {"key":"history"}
01-19 11:21:47.800  9111  9111 I Capacitor/Console: File:  - Line 333 - Msg: {"value":"[{\"id\":\"ui01s8\",\"url\":\"https://www.usenet-crawler.com/getnzb/9143a7b2c7bdc6d53861dc826c94e52e.nzb&i=467400&r=5ea1448e6e515a93a885660a77981426\",\"filename\":\"Bobs.Burgers.S16E06.POLiSH.720p.WEB.H264-CHOPiN\",\"savePath\":\"Download/nzb/Bobs.Burgers.S16E06.POLiSH.720p.WEB.H264-CHOPiN/Files/Bobs.Burgers.S16E06.POLiSH.720p.WEB.H264-CHOPiN.nzb\",\"status\":\"completed\",\"startTime\":1768821512836,\"providerName\":\"Local\",\"totalBytes\":54269,\"endTime\":1768821513327},{\"id\":\"lv5puu\",\"filename\":\"Bobs.Burgers.S16E06.POLiSH.720p.WEB.H264-CHOPiN\",\"savePath\":\"nzb/Bobs.Burgers.S16E06.POLiSH.720p.WEB.H264-CHOPiN\",\"status\":\"queued\",\"startTime\":1768821512138,\"providerName\":\"UseNet Server\",\"providerId\":\"e166d369-19fa-404f-8f6c-a87b3ab96f7f\",\"externalId\":\"ghw4t\"}]"}
01-19 11:21:47.800  9111  9111 I Capacitor/Console: File: https://localhost/assets/index-D7ggTbo2.js - Line 314 - Msg: [DownloadManager] Poll emitting: lv5puu failed 0.5%
01-19 11:21:47.800  9111  9111 I Capacitor/Console: File: https://localhost/assets/index-D7ggTbo2.js - Line 314 - Msg: [useDownloads] handleProgress called: [object Object]
01-19 11:21:47.800  9111  9111 I Capacitor/Console: File: https://localhost/assets/index-D7ggTbo2.js - Line 314 - Msg: [useDownloads] handleProgress called: [object Object]
01-19 11:21:47.800  9111  9111 I Capacitor/Console: File: https://localhost/assets/index-D7ggTbo2.js - Line 314 - Msg: [useDownloads] handleProgress called: [object Object]
01-19 11:21:47.800  9111  9111 I Capacitor/Console: File: https://localhost/assets/index-D7ggTbo2.js - Line 314 - Msg: GenericDownloader: App component rendering
01-19 11:21:47.803  9111  9111 I Capacitor/Console: File: https://localhost/assets/index-D7ggTbo2.js - Line 314 - Msg: [SearchPanel] Component render, searching: false query: Bobs burgers 
01-19 11:21:47.884  1704  5330 I vendor.qti.bluetooth@1.0-ibs_handler: ProcessIbsCmd: Received IBS_SLEEP_IND: 0xFE
01-19 11:21:47.892  1704  5330 I vendor.qti.bluetooth@1.0-ibs_handler: ProcessIbsCmd: Received IBS_WAKE_IND: 0xFD
01-19 11:21:47.892  1704  5330 I vendor.qti.bluetooth@1.0-ibs_handler: ProcessIbsCmd: Writing IBS_WAKE_ACK
01-19 11:21:47.944  1704  5330 I vendor.qti.bluetooth@1.0-ibs_handler: ProcessIbsCmd: Received IBS_SLEEP_IND: 0xFE
01-19 11:21:47.945  1704  5330 I vendor.qti.bluetooth@1.0-ibs_handler: ProcessIbsCmd: Received IBS_WAKE_IND: 0xFD
01-19 11:21:47.945  1704  5330 I vendor.qti.bluetooth@1.0-ibs_handler: ProcessIbsCmd: Writing IBS_WAKE_ACK
01-19 11:21:48.047  9111  9215 V Capacitor/Plugin: To native (Capacitor plugin): callbackId: 76926430, pluginId: Preferences, methodName: get
01-19 11:21:48.047  9111  9215 V Capacitor: callback: 76926430, pluginId: Preferences, methodName: get, methodData: {"key":"history"}
01-19 11:21:48.049  9111  9111 I Capacitor/Console: File:  - Line 349 - Msg: [object Object]
