01-19 11:21:40.582  1704  5330 I vendor.qti.bluetooth@1.0-ibs_handler: ProcessIbsCmd: Writing IBS_WAKE_ACK
01-19 11:21:40.798  9111  9111 I Capacitor/Console: File:  - Line 349 - Msg: [object Object]
01-19 11:21:40.798  9111  9215 V Capacitor/Plugin: To native (Capacitor plugin): callbackId: 76926401, pluginId: Preferences, methodName: get
01-19 11:21:40.798  9111  9215 V Capacitor: callback: 76926401, pluginId: Preferences, methodName: get, methodData: {"key":"history"}
01-19 11:21:40.800  9111  9111 I Capacitor/Console: File:  - Line 333 - Msg: {"value":"[{\"id\":\"ui01s8\",\"url\":\"https://www.usenet-crawler.com/getnzb/9143a7b2c7bdc6d53861dc826c94e52e.nzb&i=467400&r=5ea1448e6e515a93a885660a77981426\",\"filename\":\"Bobs.Burgers.S16E06.POLiSH.720p.WEB.H264-CHOPiN\",\"savePath\":\"Download/nzb/Bobs.Burgers.S16E06.POLiSH.720p.WEB.H264-CHOPiN/Files/Bobs.Burgers.S16E06.POLiSH.720p.WEB.H264-CHOPiN.nzb\",\"status\":\"completed\",\"startTime\":1768821512836,\"providerName\":\"Local\",\"totalBytes\":54269,\"endTime\":1768821513327},{\"id\":\"lv5puu\",\"filename\":\"Bobs.Burgers.S16E06.POLiSH.720p.WEB.H264-CHOPiN\",\"savePath\":\"nzb/Bobs.Burgers.S16E06.POLiSH.720p.WEB.H264-CHOPiN\",\"status\":\"queued\",\"startTime\":1768821512138,\"providerName\":\"UseNet Server\",\"providerId\":\"e166d369-19fa-404f-8f6c-a87b3ab96f7f\",\"externalId\":\"ghw4t\"}]"}
01-19 11:21:40.800  9111  9111 I Capacitor/Console: File: https://localhost/assets/index-D7ggTbo2.js - Line 314 - Msg: [DownloadManager] Poll emitting: lv5puu failed 0.5%
01-19 11:21:40.800  9111  9111 I Capacitor/Console: File: https://localhost/assets/index-D7ggTbo2.js - Line 314 - Msg: [useDownloads] handleProgress called: [object Object]
01-19 11:21:40.800  9111  9111 I Capacitor/Console: File: https://localhost/assets/index-D7ggTbo2.js - Line 314 - Msg: [useDownloads] handleProgress called: [object Object]
01-19 11:21:40.800  9111  9111 I Capacitor/Console: File: https://localhost/assets/index-D7ggTbo2.js - Line 314 - Msg: [useDownloads] handleProgress called: [object Object]
01-19 11:21:40.801  9111  9111 I Capacitor/Console: File: https://localhost/assets/index-D7ggTbo2.js - Line 314 - Msg: GenericDownloader: App component rendering
01-19 11:21:40.804  9111  9111 I Capacitor/Console: File: https://localhost/assets/index-D7ggTbo2.js - Line 314 - Msg: [SearchPanel] Component render, searching: false query: Bobs burgers 
01-19 11:21:40.840 29483 29483 I AudioPathManager: loadAudioPath() : loaded audio path is bluetooth (2)
01-19 11:21:40.840 29483 29483 I EffectManager: isSupportDolbyAtmosOnThisAudioPath() : path is bluetooth (2)
01-19 11:21:40.841 29483 29483 I UHQUpscalerManager: isUHQCompatibleBluetooth() : support is 0, mode is 1
01-19 11:21:40.841 29483 29483 I AudioPathManager: loadAudioPath() : loaded audio path is bluetooth (2)
01-19 11:21:40.841 29483 29483 I EffectManager: isSupportVoiceBoostOnCurrentAudioPath() : path is bluetooth (2)
01-19 11:21:40.841 29483 29483 I AudioPathManager: loadAudioPath() : loaded audio path is bluetooth (2)
01-19 11:21:40.841 29483 29483 I EffectManager: isSupportVolumeNormalizationOnCurrentAudioPath() : path is bluetooth (2)
01-19 11:21:40.841 29483 29483 I DVFSHelper: isNecessaryToBoostCPU() : isDolbyOn? false, isUHQUpscalerOn? false, isVoiceBoostOn? false, isVolumeNormalizationOn? true
01-19 11:21:40.877  2219  3605 E WifiStaIfaceAidlImpl: getCachedScanData failed with service-specific exception: android.os.ServiceSpecificException:  (code 4)
01-19 11:21:40.879  2219 16800 D SemWifiUsabilityStatsMonitor: onWifiUsabilityStats - seqNum 21722, isSameBssidAndFreq true
01-19 11:21:40.879  4074  4074 I EPDG -- SIM0 [SMARTWIFI]: isProfiling, hash=53453600, started=true
01-19 11:21:40.880  2219  3736 D InsDataManager: onOutageCountUpdate() - Outage Data: 0, LQ : N. Outage Triggered: false
01-19 11:21:40.880  4074  4074 I EPDG -- SIM0 [SMARTWIFI]: isProfiling, hash=53453600, started=true
01-19 11:21:40.880  2219  3736 E InsController: Error in onOutageCountUpdate: android.net.VpnTransportInfo cannot be cast to android.net.wifi.WifiInfo
01-19 11:21:40.880  2219  3736 D SemInsManager: {"bssid": "f4aa95b35240","rssi": -51.0,"latency": 0.0,"outage_count": 0,"lq_callback_triggered": false,"outage_log": "Unreliable statistics: -51.0 / 1 / 131 / 9 / 1 || f4aa95b35240: 0.000 / 0.000 / @ || N N / 0 0 / N 2.0 / N X 2 / 283069660 0 || 2026-01-19 11:21:40  / 0: 0 0 0 0 0 0 / 0: 0 0 0 0 0 0 / 0: 0 0 0 0 0 0""Magnetic Sensor Events size": "0""Pressure Sensor Events size": "0"}
01-19 11:21:40.880  4074  4074 I EPDG -- SIM0 [SMARTWIFI]: Rssi : -51 highrange : -75 lowrange : -85 mIsRssiInHystersis : false
01-19 11:21:40.880  4074  4074 I EPDG -- SIM0 [SMARTWIFI]: Rssi : -51 highrange : -75 lowrange : -85 mIsRssiInHystersis : false
01-19 11:21:40.880  4074  4074 I EPDG -- SIM0 [SMARTWIFI]: getHandoverThresholdMet: value is: false
01-19 11:21:40.880  2219  3753 D SGM:GameManager: identifyGamePackage. com.dan.generic_nzb_downloader, mCurrentUserId: 0, callingMethodInfo: com.samsung.android.game.SemGameManager.isGamePackage(SemGameManager.java:106)
01-19 11:21:40.880  2219  3753 D SGM:SemGameManager: isGamePackage(), pkgName=com.dan.generic_nzb_downloader, ret=false
01-19 11:21:41.043  1753  3134 I StatsHandler: [avcD_210] Stats: Pending(0) i/p-done(0) Works: Q: 238/Done 226|Work-Rate: Q(0.0/s Avg=0.0/s) Done(0.000/s Avg=0.037/s)| Stream: 30.00fps 2.3Mbps
01-19 11:21:41.043  1753  3134 I StatsHandler: [avcD_210] Mem-usage:  [In-1D: 15 bufs 120.000 MB] [1D-2363: 33 bufs 0.516 MB] [2D-2364: 18 bufs 57.375 MB] | Total: 177.891 MB
01-19 11:21:41.043  1753  3134 I StatsHandler: [avcD_218] Stats: Pending(0) i/p-done(0) Works: Q: 169/Done 170|Work-Rate: Q(0.0/s Avg=0.0/s) Done(0.000/s Avg=0.029/s)| Stream: 30.00fps 1.6Mbps
01-19 11:21:41.043  1753  3134 I StatsHandler: [avcD_218] Mem-usage:  [In-1D: 11 bufs 88.000 MB] [1D-2379: 28 bufs 0.438 MB] [2D-2380: 18 bufs 25.734 MB] | Total: 114.172 MB
01-19 11:21:41.043  1753  3134 I StatsHandler: [avcD_219] Stats: Pending(0) i/p-done(0) Works: Q: 294/Done 282|Work-Rate: Q(0.0/s Avg=0.1/s) Done(0.000/s Avg=0.048/s)| Stream: 30.00fps 1.6Mbps
01-19 11:21:41.043  1753  3134 I StatsHandler: [avcD_219] Mem-usage:  [In-1D: 11 bufs 88.000 MB] [1D-2381: 29 bufs 0.453 MB] [2D-2382: 18 bufs 25.734 MB] | Total: 114.188 MB
01-19 11:21:41.047  9111  9215 V Capacitor/Plugin: To native (Capacitor plugin): callbackId: 76926402, pluginId: Preferences, methodName: get
01-19 11:21:41.047  9111  9111 I Capacitor/Console: File:  - Line 349 - Msg: [object Object]
01-19 11:21:41.047  9111  9215 V Capacitor: callback: 76926402, pluginId: Preferences, methodName: get, methodData: {"key":"history"}
01-19 11:21:41.048  9111  9111 I Capacitor/Console: File:  - Line 333 - Msg: {"value":"[{\"id\":\"ui01s8\",\"url\":\"https://www.usenet-crawler.com/getnzb/9143a7b2c7bdc6d53861dc826c94e52e.nzb&i=467400&r=5ea1448e6e515a93a885660a77981426\",\"filename\":\"Bobs.Burgers.S16E06.POLiSH.720p.WEB.H264-CHOPiN\",\"savePath\":\"Download/nzb/Bobs.Burgers.S16E06.POLiSH.720p.WEB.H264-CHOPiN/Files/Bobs.Burgers.S16E06.POLiSH.720p.WEB.H264-CHOPiN.nzb\",\"status\":\"completed\",\"startTime\":1768821512836,\"providerName\":\"Local\",\"totalBytes\":54269,\"endTime\":1768821513327},{\"id\":\"lv5puu\",\"filename\":\"Bobs.Burgers.S16E06.POLiSH.720p.WEB.H264-CHOPiN\",\"savePath\":\"nzb/Bobs.Burgers.S16E06.POLiSH.720p.WEB.H264-CHOPiN\",\"status\":\"queued\",\"startTime\":1768821512138,\"providerName\":\"UseNet Server\",\"providerId\":\"e166d369-19fa-404f-8f6c-a87b3ab96f7f\",\"externalId\":\"ghw4t\"}]"}
01-19 11:21:41.049  9111  9111 I Capacitor/Console: File: https://localhost/assets/index-D7ggTbo2.js - Line 314 - Msg: [DownloadManager] Poll emitting: lv5puu failed 0.5%
01-19 11:21:41.049  9111  9111 I Capacitor/Console: File: https://localhost/assets/index-D7ggTbo2.js - Line 314 - Msg: [useDownloads] handleProgress called: [object Object]
01-19 11:21:41.049  9111  9111 I Capacitor/Console: File: https://localhost/assets/index-D7ggTbo2.js - Line 314 - Msg: [useDownloads] handleProgress called: [object Object]
01-19 11:21:41.049  9111  9111 I Capacitor/Console: File: https://localhost/assets/index-D7ggTbo2.js - Line 314 - Msg: [useDownloads] handleProgress called: [object Object]
01-19 11:21:41.049  9111  9111 I Capacitor/Console: File: https://localhost/assets/index-D7ggTbo2.js - Line 314 - Msg: GenericDownloader: App component rendering
01-19 11:21:41.053  9111  9111 I Capacitor/Console: File: https://localhost/assets/index-D7ggTbo2.js - Line 314 - Msg: [SearchPanel] Component render, searching: false query: Bobs burgers 
01-19 11:21:41.099  2219  3764 D SemWifiEleStateTracker: Pressure Diff: -0.0037231445
01-19 11:21:41.100  2219  3764 D SemWifiEleStateTracker: Barometer value: Prev 994.7825 Current 994.77875 mSmallBaroDetected : false
01-19 11:21:41.276  1765  2281 I thermal_core: pivot(AP) : 441, skin : 366
01-19 11:21:41.298  9111  9111 I Capacitor/Console: File:  - Line 349 - Msg: [object Object]
01-19 11:21:41.298  9111  9215 V Capacitor/Plugin: To native (Capacitor plugin): callbackId: 76926403, pluginId: Preferences, methodName: get
01-19 11:21:41.298  9111  9215 V Capacitor: callback: 76926403, pluginId: Preferences, methodName: get, methodData: {"key":"history"}
01-19 11:21:41.300  9111  9111 I Capacitor/Console: File:  - Line 333 - Msg: {"value":"[{\"id\":\"ui01s8\",\"url\":\"https://www.usenet-crawler.com/getnzb/9143a7b2c7bdc6d53861dc826c94e52e.nzb&i=467400&r=5ea1448e6e515a93a885660a77981426\",\"filename\":\"Bobs.Burgers.S16E06.POLiSH.720p.WEB.H264-CHOPiN\",\"savePath\":\"Download/nzb/Bobs.Burgers.S16E06.POLiSH.720p.WEB.H264-CHOPiN/Files/Bobs.Burgers.S16E06.POLiSH.720p.WEB.H264-CHOPiN.nzb\",\"status\":\"completed\",\"startTime\":1768821512836,\"providerName\":\"Local\",\"totalBytes\":54269,\"endTime\":1768821513327},{\"id\":\"lv5puu\",\"filename\":\"Bobs.Burgers.S16E06.POLiSH.720p.WEB.H264-CHOPiN\",\"savePath\":\"nzb/Bobs.Burgers.S16E06.POLiSH.720p.WEB.H264-CHOPiN\",\"status\":\"queued\",\"startTime\":1768821512138,\"providerName\":\"UseNet Server\",\"providerId\":\"e166d369-19fa-404f-8f6c-a87b3ab96f7f\",\"externalId\":\"ghw4t\"}]"}
01-19 11:21:41.300  9111  9111 I Capacitor/Console: File: https://localhost/assets/index-D7ggTbo2.js - Line 314 - Msg: [DownloadManager] Poll emitting: lv5puu failed 0.5%
01-19 11:21:41.300  9111  9111 I Capacitor/Console: File: https://localhost/assets/index-D7ggTbo2.js - Line 314 - Msg: [useDownloads] handleProgress called: [object Object]
01-19 11:21:41.300  9111  9111 I Capacitor/Console: File: https://localhost/assets/index-D7ggTbo2.js - Line 314 - Msg: [useDownloads] handleProgress called: [object Object]
01-19 11:21:41.300  9111  9111 I Capacitor/Console: File: https://localhost/assets/index-D7ggTbo2.js - Line 314 - Msg: [useDownloads] handleProgress called: [object Object]
01-19 11:21:41.301  9111  9111 I Capacitor/Console: File: https://localhost/assets/index-D7ggTbo2.js - Line 314 - Msg: GenericDownloader: App component rendering
01-19 11:21:41.304  1723 30949 D AHAL_ModulePrimary_QTI: getVendorParameters: id count: 1
01-19 11:21:41.304  1723 30949 I PAL: ResourceManager: getActiveStream_l: 6569: no active streams found for device 3 ret -2
01-19 11:21:41.304  1723 30949 D AHAL_SecModulePrimary: onGetSECGenericParameters get temperature for g_hw_speaker_amp_temp_rcv: 0
01-19 11:21:41.304  1723 23938 D AHAL_ModulePrimary_QTI: getVendorParameters: id count: 1
01-19 11:21:41.304  9111  9111 I Capacitor/Console: File: https://localhost/assets/index-D7ggTbo2.js - Line 314 - Msg: [SearchPanel] Component render, searching: false query: Bobs burgers 
01-19 11:21:41.304  1723 23938 I PAL: ResourceManager: getActiveStream_l: 6569: no active streams found for device 3 ret -2
01-19 11:21:41.304  1723 23938 D AHAL_SecModulePrimary: onGetSECGenericParameters get temperature for g_hw_speaker_amp_temp_spk: 0
01-19 11:21:41.305  6625  7239 I SDHMS:x : SIOP:: AP:442 BAT:327 USB:286 CHG:431 PA:451 WIFI:410 CF:387 BLK:0 SUBBAT:0 LRPTHM:365 SKIN:366 SKINF:363 SKINB:366 LRP:366 LRF:363 LRB:366 APT:363 APR:366 RCV:361 SPK:286 CHGF:352 CHGR:357 MEMF:359 MEMR:365 WIFIF:361 WIFIR:363 FCAM:285 UPSPK:357 DNSPK:284 VAP:435 VWIFI:393 AMB2:227 HIGH:0 AVGCUR:-539 AVGSYS:1049 POWER:-2322
01-19 11:21:41.305  6625  7239 I AudioManager: setParameters keyValuePairs = g_hw_speaker_amp_temp_spk=29
01-19 11:21:41.306  1843 23414 D AudioFlinger: setParameters: filtered dev setParameters keyvalue g_hw_speaker_amp_temp_spk=29
01-19 11:21:41.306  1723 23938 D AHAL_HFP_QTI: hfp_set_parameters enter
01-19 11:21:41.306  1723 23938 D AHAL_HFP_QTI: hfp_set_parameters Exit
01-19 11:21:41.306  1723 23938 D AHAL_SecModulePrimary: processSetVendorParameters: configured g_hw_speaker_amp_temp_spk
01-19 11:21:41.306  1723 23938 D AHAL_SecModulePrimary: processSetVendorParameters: handler set on Feature:0
01-19 11:21:41.306  1723 23938 D AHAL_SecModulePrimary: onSetSECGenericParameters set temperature for g_hw_speaker_amp_temp_spk: 29
01-19 11:21:41.306  1723 23938 I PAL: API: pal_set_param: 1377: Enter: param id 3002
01-19 11:21:41.306  1723 23938 I PAL: ResourceManager: getActiveStream_l: 6569: no active streams found for device 3 ret -2
01-19 11:21:41.306  1843 23414 E ConversionHelperAidl: Function: parseAndSetVendorParameters Line: 94 Failed 
01-19 11:21:41.306  1843 23414 E ConversionHelperAidl: Function: parseAndSetVendorParameters Line: 94 Failed 
01-19 11:21:41.307  6625  7239 I AudioManager: setParameters keyValuePairs = g_hw_speaker_amp_temp_rcv=36
01-19 11:21:41.307  1843 23414 D AudioFlinger: setParameters: filtered dev setParameters keyvalue g_hw_speaker_amp_temp_rcv=36
01-19 11:21:41.307  1723 23938 D AHAL_HFP_QTI: hfp_set_parameters enter
01-19 11:21:41.307  1723 23938 D AHAL_HFP_QTI: hfp_set_parameters Exit
01-19 11:21:41.307  1723 23938 D AHAL_SecModulePrimary: processSetVendorParameters: configured g_hw_speaker_amp_temp_rcv
01-19 11:21:41.307  1723 23938 D AHAL_SecModulePrimary: processSetVendorParameters: handler set on Feature:0
01-19 11:21:41.307  1723 23938 D AHAL_SecModulePrimary: onSetSECGenericParameters set temperature for g_hw_speaker_amp_temp_rcv: 36
01-19 11:21:41.307  1723 23938 I PAL: API: pal_set_param: 1377: Enter: param id 3001
01-19 11:21:41.307  1723 23938 I PAL: ResourceManager: getActiveStream_l: 6569: no active streams found for device 3 ret -2
01-19 11:21:41.307  1843 23414 E ConversionHelperAidl: Function: parseAndSetVendorParameters Line: 94 Failed 
01-19 11:21:41.307  1843 23414 E ConversionHelperAidl: Function: parseAndSetVendorParameters Line: 94 Failed 
01-19 11:21:41.462  1847  1896 E HeatmapThread: ECT Thread time in milliseconds: 1768821701
01-19 11:21:41.464  1847  1896 D HeatmapThread: !@ batteryplugType : 2
01-19 11:21:41.464  1847  1896 D HeatmapThread: !@ batteryLevel : 92  batteryTemperature : 326 
01-19 11:21:41.464  1847  1896 D HeatmapThread: !@ Heatmap currtime: 29480361
01-19 11:21:41.464  1847  1896 D HeatmapThread: !@ Heatmap prevtime: 29480341
01-19 11:21:41.464  1847  1896 D HeatmapThread: !@ Heatmap plugstarttime: 29480268
01-19 11:21:41.464  1847  1896 D HeatmapThread: !@ Heatmap prevv_dsoh_update_time: 29480358
01-19 11:21:41.464  1847  1896 E HeatmapThread: !@ CAM New BSOH: 100
01-19 11:21:41.464  1847  1896 E HeatmapThread: !@ CAM is Working
01-19 11:21:41.545  9111  9111 I Capacitor/Console: File:  - Line 349 - Msg: [object Object]
01-19 11:21:41.545  9111  9215 V Capacitor/Plugin: To native (Capacitor plugin): callbackId: 76926404, pluginId: Preferences, methodName: get
01-19 11:21:41.545  9111  9215 V Capacitor: callback: 76926404, pluginId: Preferences, methodName: get, methodData: {"key":"history"}
01-19 11:21:41.546  9111  9111 I Capacitor/Console: File:  - Line 333 - Msg: {"value":"[{\"id\":\"ui01s8\",\"url\":\"https://www.usenet-crawler.com/getnzb/9143a7b2c7bdc6d53861dc826c94e52e.nzb&i=467400&r=5ea1448e6e515a93a885660a77981426\",\"filename\":\"Bobs.Burgers.S16E06.POLiSH.720p.WEB.H264-CHOPiN\",\"savePath\":\"Download/nzb/Bobs.Burgers.S16E06.POLiSH.720p.WEB.H264-CHOPiN/Files/Bobs.Burgers.S16E06.POLiSH.720p.WEB.H264-CHOPiN.nzb\",\"status\":\"completed\",\"startTime\":1768821512836,\"providerName\":\"Local\",\"totalBytes\":54269,\"endTime\":1768821513327},{\"id\":\"lv5puu\",\"filename\":\"Bobs.Burgers.S16E06.POLiSH.720p.WEB.H264-CHOPiN\",\"savePath\":\"nzb/Bobs.Burgers.S16E06.POLiSH.720p.WEB.H264-CHOPiN\",\"status\":\"queued\",\"startTime\":1768821512138,\"providerName\":\"UseNet Server\",\"providerId\":\"e166d369-19fa-404f-8f6c-a87b3ab96f7f\",\"externalId\":\"ghw4t\"}]"}
01-19 11:21:41.546  9111  9111 I Capacitor/Console: File: https://localhost/assets/index-D7ggTbo2.js - Line 314 - Msg: [DownloadManager] Poll emitting: lv5puu failed 0.5%
01-19 11:21:41.546  9111  9111 I Capacitor/Console: File: https://localhost/assets/index-D7ggTbo2.js - Line 314 - Msg: [useDownloads] handleProgress called: [object Object]
01-19 11:21:41.547  9111  9111 I Capacitor/Console: File: https://localhost/assets/index-D7ggTbo2.js - Line 314 - Msg: [useDownloads] handleProgress called: [object Object]
01-19 11:21:41.547  9111  9111 I Capacitor/Console: File: https://localhost/assets/index-D7ggTbo2.js - Line 314 - Msg: [useDownloads] handleProgress called: [object Object]
01-19 11:21:41.547  9111  9111 I Capacitor/Console: File: https://localhost/assets/index-D7ggTbo2.js - Line 314 - Msg: GenericDownloader: App component rendering
01-19 11:21:41.551  9111  9111 I Capacitor/Console: File: https://localhost/assets/index-D7ggTbo2.js - Line 314 - Msg: [SearchPanel] Component render, searching: false query: Bobs burgers 
01-19 11:21:41.624  1171  1171 D io_stats: !@   8,0 r 33943387 724821996 w 8165496 246646236 d 1131484 431414316 f 144610 522496 iot 2994816 0 th 0 0 0 pt 0 inp 0 0 283070.405
01-19 11:21:41.786  1704  5330 I vendor.qti.bluetooth@1.0-ibs_handler: ProcessIbsCmd: Received IBS_SLEEP_IND: 0xFE
01-19 11:21:41.798  9111  9215 V Capacitor/Plugin: To native (Capacitor plugin): callbackId: 76926405, pluginId: Preferences, methodName: get
01-19 11:21:41.798  9111  9111 I Capacitor/Console: File:  - Line 349 - Msg: [object Object]
01-19 11:21:41.798  9111  9215 V Capacitor: callback: 76926405, pluginId: Preferences, methodName: get, methodData: {"key":"history"}
01-19 11:21:41.799  1704  5330 I vendor.qti.bluetooth@1.0-ibs_handler: ProcessIbsCmd: Received IBS_WAKE_IND: 0xFD
01-19 11:21:41.799  1704  5330 I vendor.qti.bluetooth@1.0-ibs_handler: ProcessIbsCmd: Writing IBS_WAKE_ACK
01-19 11:21:41.800  9111  9111 I Capacitor/Console: File:  - Line 333 - Msg: {"value":"[{\"id\":\"ui01s8\",\"url\":\"https://www.usenet-crawler.com/getnzb/9143a7b2c7bdc6d53861dc826c94e52e.nzb&i=467400&r=5ea1448e6e515a93a885660a77981426\",\"filename\":\"Bobs.Burgers.S16E06.POLiSH.720p.WEB.H264-CHOPiN\",\"savePath\":\"Download/nzb/Bobs.Burgers.S16E06.POLiSH.720p.WEB.H264-CHOPiN/Files/Bobs.Burgers.S16E06.POLiSH.720p.WEB.H264-CHOPiN.nzb\",\"status\":\"completed\",\"startTime\":1768821512836,\"providerName\":\"Local\",\"totalBytes\":54269,\"endTime\":1768821513327},{\"id\":\"lv5puu\",\"filename\":\"Bobs.Burgers.S16E06.POLiSH.720p.WEB.H264-CHOPiN\",\"savePath\":\"nzb/Bobs.Burgers.S16E06.POLiSH.720p.WEB.H264-CHOPiN\",\"status\":\"queued\",\"startTime\":1768821512138,\"providerName\":\"UseNet Server\",\"providerId\":\"e166d369-19fa-404f-8f6c-a87b3ab96f7f\",\"externalId\":\"ghw4t\"}]"}
01-19 11:21:41.800  9111  9111 I Capacitor/Console: File: https://localhost/assets/index-D7ggTbo2.js - Line 314 - Msg: [DownloadManager] Poll emitting: lv5puu failed 0.5%
01-19 11:21:41.800  9111  9111 I Capacitor/Console: File: https://localhost/assets/index-D7ggTbo2.js - Line 314 - Msg: [useDownloads] handleProgress called: [object Object]
01-19 11:21:41.800  9111  9111 I Capacitor/Console: File: https://localhost/assets/index-D7ggTbo2.js - Line 314 - Msg: [useDownloads] handleProgress called: [object Object]
01-19 11:21:41.800  9111  9111 I Capacitor/Console: File: https://localhost/assets/index-D7ggTbo2.js - Line 314 - Msg: [useDownloads] handleProgress called: [object Object]
01-19 11:21:41.800  9111  9111 I Capacitor/Console: File: https://localhost/assets/index-D7ggTbo2.js - Line 314 - Msg: GenericDownloader: App component rendering
01-19 11:21:41.804  9111  9111 I Capacitor/Console: File: https://localhost/assets/index-D7ggTbo2.js - Line 314 - Msg: [SearchPanel] Component render, searching: false query: Bobs burgers 
01-19 11:21:41.898  1720  8359 I sensors-hal: handle_sns_std_sensor_event:408, [SSC_LIGHT] P: 74(74),c:0,b:85,m:13,cl:0,l:73,s:74,l0:13536,l1:768,s0:12500,s1:0,acl:1,opr:0.09,f(r):86,u(bl):100,if:86,wi:0,si:0,0(N:0)
01-19 11:21:42.025  4431 10595 I NearbyMediums: No BLE Fast/GATT advertisements found in the latest cycle.
01-19 11:21:42.025  4431 10595 I NearbyMediums: Current Tracked Scanning Clients are : {NearbyConnections.EnvironmentMonitor, NearbySharing, NearbyConnections.TxAdvertisement}
01-19 11:21:42.047  9111  9111 I Capacitor/Console: File:  - Line 349 - Msg: [object Object]
01-19 11:21:42.047  9111  9215 V Capacitor/Plugin: To native (Capacitor plugin): callbackId: 76926406, pluginId: Preferences, methodName: get
01-19 11:21:42.047  9111  9215 V Capacitor: callback: 76926406, pluginId: Preferences, methodName: get, methodData: {"key":"history"}
01-19 11:21:42.048  9111  9111 I Capacitor/Console: File:  - Line 333 - Msg: {"value":"[{\"id\":\"ui01s8\",\"url\":\"https://www.usenet-crawler.com/getnzb/9143a7b2c7bdc6d53861dc826c94e52e.nzb&i=467400&r=5ea1448e6e515a93a885660a77981426\",\"filename\":\"Bobs.Burgers.S16E06.POLiSH.720p.WEB.H264-CHOPiN\",\"savePath\":\"Download/nzb/Bobs.Burgers.S16E06.POLiSH.720p.WEB.H264-CHOPiN/Files/Bobs.Burgers.S16E06.POLiSH.720p.WEB.H264-CHOPiN.nzb\",\"status\":\"completed\",\"startTime\":1768821512836,\"providerName\":\"Local\",\"totalBytes\":54269,\"endTime\":1768821513327},{\"id\":\"lv5puu\",\"filename\":\"Bobs.Burgers.S16E06.POLiSH.720p.WEB.H264-CHOPiN\",\"savePath\":\"nzb/Bobs.Burgers.S16E06.POLiSH.720p.WEB.H264-CHOPiN\",\"status\":\"queued\",\"startTime\":1768821512138,\"providerName\":\"UseNet Server\",\"providerId\":\"e166d369-19fa-404f-8f6c-a87b3ab96f7f\",\"externalId\":\"ghw4t\"}]"}
01-19 11:21:42.048  9111  9111 I Capacitor/Console: File: https://localhost/assets/index-D7ggTbo2.js - Line 314 - Msg: [DownloadManager] Poll emitting: lv5puu failed 0.5%
01-19 11:21:42.048  9111  9111 I Capacitor/Console: File: https://localhost/assets/index-D7ggTbo2.js - Line 314 - Msg: [useDownloads] handleProgress called: [object Object]
01-19 11:21:42.048  9111  9111 I Capacitor/Console: File: https://localhost/assets/index-D7ggTbo2.js - Line 314 - Msg: [useDownloads] handleProgress called: [object Object]
01-19 11:21:42.048  9111  9111 I Capacitor/Console: File: https://localhost/assets/index-D7ggTbo2.js - Line 314 - Msg: [useDownloads] handleProgress called: [object Object]
01-19 11:21:42.049  9111  9111 I Capacitor/Console: File: https://localhost/assets/index-D7ggTbo2.js - Line 314 - Msg: GenericDownloader: App component rendering
01-19 11:21:42.053  9111  9111 I Capacitor/Console: File: https://localhost/assets/index-D7ggTbo2.js - Line 314 - Msg: [SearchPanel] Component render, searching: false query: Bobs burgers 
01-19 11:21:42.292  1720  8877 I sensors-hal: handle_sns_std_sensor_event:157, [1587] Pressure 994.775, cal 0.677, sw_offset 0.000 (lsb(bit) 0x3f 0x36 0x61)
01-19 11:21:42.297  9111  9215 V Capacitor/Plugin: To native (Capacitor plugin): callbackId: 76926407, pluginId: Preferences, methodName: get
01-19 11:21:42.297  9111  9215 V Capacitor: callback: 76926407, pluginId: Preferences, methodName: get, methodData: {"key":"history"}
01-19 11:21:42.297  9111  9111 I Capacitor/Console: File:  - Line 349 - Msg: [object Object]
01-19 11:21:42.303  1860  3845 I VSyncReactor: Current= 120, Period= 120, Distance= 1
01-19 11:21:42.303  9111  9111 I Capacitor/Console: File:  - Line 333 - Msg: {"value":"[{\"id\":\"ui01s8\",\"url\":\"https://www.usenet-crawler.com/getnzb/9143a7b2c7bdc6d53861dc826c94e52e.nzb&i=467400&r=5ea1448e6e515a93a885660a77981426\",\"filename\":\"Bobs.Burgers.S16E06.POLiSH.720p.WEB.H264-CHOPiN\",\"savePath\":\"Download/nzb/Bobs.Burgers.S16E06.POLiSH.720p.WEB.H264-CHOPiN/Files/Bobs.Burgers.S16E06.POLiSH.720p.WEB.H264-CHOPiN.nzb\",\"status\":\"completed\",\"startTime\":1768821512836,\"providerName\":\"Local\",\"totalBytes\":54269,\"endTime\":1768821513327},{\"id\":\"lv5puu\",\"filename\":\"Bobs.Burgers.S16E06.POLiSH.720p.WEB.H264-CHOPiN\",\"savePath\":\"nzb/Bobs.Burgers.S16E06.POLiSH.720p.WEB.H264-CHOPiN\",\"status\":\"queued\",\"startTime\":1768821512138,\"providerName\":\"UseNet Server\",\"providerId\":\"e166d369-19fa-404f-8f6c-a87b3ab96f7f\",\"externalId\":\"ghw4t\"}]"}
01-19 11:21:42.303  9111  9111 I Capacitor/Console: File: https://localhost/assets/index-D7ggTbo2.js - Line 314 - Msg: [DownloadManager] Poll emitting: lv5puu failed 0.5%
01-19 11:21:42.303  9111  9111 I Capacitor/Console: File: https://localhost/assets/index-D7ggTbo2.js - Line 314 - Msg: [useDownloads] handleProgress called: [object Object]
01-19 11:21:42.303  9111  9111 I Capacitor/Console: File: https://localhost/assets/index-D7ggTbo2.js - Line 314 - Msg: [useDownloads] handleProgress called: [object Object]
01-19 11:21:42.304  9111  9111 I Capacitor/Console: File: https://localhost/assets/index-D7ggTbo2.js - Line 314 - Msg: [useDownloads] handleProgress called: [object Object]
01-19 11:21:42.304  9111  9111 I Capacitor/Console: File: https://localhost/assets/index-D7ggTbo2.js - Line 314 - Msg: GenericDownloader: App component rendering
01-19 11:21:42.306  9111  9111 I Capacitor/Console: File: https://localhost/assets/index-D7ggTbo2.js - Line 314 - Msg: [SearchPanel] Component render, searching: false query: Bobs burgers 
01-19 11:21:42.311  1860  3845 I VSyncReactor: Current= 120, Period= 120, Distance= 120
01-19 11:21:42.330  4190  5409 I ScanController: onScanResult to scannerId: 3- eventType=0x1b, addressType=1, address=XX:XX:XX:XX:DD:E9, primaryPhy=1, secondaryPhy=0, advertisingSid=0xff, txPower=127, rssi=-42, periodicAdvInt=0x0
01-19 11:21:42.454  1704  5330 I vendor.qti.bluetooth@1.0-ibs_handler: ProcessIbsCmd: Received IBS_SLEEP_IND: 0xFE
01-19 11:21:42.460  1704  5330 I vendor.qti.bluetooth@1.0-ibs_handler: ProcessIbsCmd: Received IBS_WAKE_IND: 0xFD
01-19 11:21:42.460  1704  5330 I vendor.qti.bluetooth@1.0-ibs_handler: ProcessIbsCmd: Writing IBS_WAKE_ACK
01-19 11:21:42.462  1847  1896 E HeatmapThread: ECT Thread time in milliseconds: 1768821702
01-19 11:21:42.464  1847  1896 D HeatmapThread: !@ batteryplugType : 2
01-19 11:21:42.464  1847  1896 D HeatmapThread: !@ batteryLevel : 92  batteryTemperature : 326 
01-19 11:21:42.464  1847  1896 D HeatmapThread: !@ Heatmap currtime: 29480361
01-19 11:21:42.464  1847  1896 D HeatmapThread: !@ Heatmap prevtime: 29480341
01-19 11:21:42.464  1847  1896 D HeatmapThread: !@ Heatmap plugstarttime: 29480268
01-19 11:21:42.464  1847  1896 D HeatmapThread: !@ Heatmap prevv_dsoh_update_time: 29480358
01-19 11:21:42.464  1847  1896 E HeatmapThread: !@ CAM New BSOH: 100
01-19 11:21:42.464  1847  1896 E HeatmapThread: !@ CAM is Working
01-19 11:21:42.532  1704  5330 I vendor.qti.bluetooth@1.0-ibs_handler: ProcessIbsCmd: Received IBS_SLEEP_IND: 0xFE
01-19 11:21:42.536  1704  5330 I vendor.qti.bluetooth@1.0-ibs_handler: ProcessIbsCmd: Received IBS_WAKE_IND: 0xFD
01-19 11:21:42.536  1704  5330 I vendor.qti.bluetooth@1.0-ibs_handler: ProcessIbsCmd: Writing IBS_WAKE_ACK
01-19 11:21:42.544  4190  5409 I ScanController: onScanResult to scannerId: 3- eventType=0x1b, addressType=1, address=XX:XX:XX:XX:DD:E9, primaryPhy=1, secondaryPhy=0, advertisingSid=0xff, txPower=127, rssi=-42, periodicAdvInt=0x0
01-19 11:21:42.545  9111  9111 I Capacitor/Console: File:  - Line 349 - Msg: [object Object]
01-19 11:21:42.545  9111  9215 V Capacitor/Plugin: To native (Capacitor plugin): callbackId: 76926408, pluginId: Preferences, methodName: get
01-19 11:21:42.546  9111  9215 V Capacitor: callback: 76926408, pluginId: Preferences, methodName: get, methodData: {"key":"history"}
01-19 11:21:42.546  9111  9111 I Capacitor/Console: File:  - Line 333 - Msg: {"value":"[{\"id\":\"ui01s8\",\"url\":\"https://www.usenet-crawler.com/getnzb/9143a7b2c7bdc6d53861dc826c94e52e.nzb&i=467400&r=5ea1448e6e515a93a885660a77981426\",\"filename\":\"Bobs.Burgers.S16E06.POLiSH.720p.WEB.H264-CHOPiN\",\"savePath\":\"Download/nzb/Bobs.Burgers.S16E06.POLiSH.720p.WEB.H264-CHOPiN/Files/Bobs.Burgers.S16E06.POLiSH.720p.WEB.H264-CHOPiN.nzb\",\"status\":\"completed\",\"startTime\":1768821512836,\"providerName\":\"Local\",\"totalBytes\":54269,\"endTime\":1768821513327},{\"id\":\"lv5puu\",\"filename\":\"Bobs.Burgers.S16E06.POLiSH.720p.WEB.H264-CHOPiN\",\"savePath\":\"nzb/Bobs.Burgers.S16E06.POLiSH.720p.WEB.H264-CHOPiN\",\"status\":\"queued\",\"startTime\":1768821512138,\"providerName\":\"UseNet Server\",\"providerId\":\"e166d369-19fa-404f-8f6c-a87b3ab96f7f\",\"externalId\":\"ghw4t\"}]"}
01-19 11:21:42.546  9111  9111 I Capacitor/Console: File: https://localhost/assets/index-D7ggTbo2.js - Line 314 - Msg: [DownloadManager] Poll emitting: lv5puu failed 0.5%
01-19 11:21:42.546  9111  9111 I Capacitor/Console: File: https://localhost/assets/index-D7ggTbo2.js - Line 314 - Msg: [useDownloads] handleProgress called: [object Object]
01-19 11:21:42.547  9111  9111 I Capacitor/Console: File: https://localhost/assets/index-D7ggTbo2.js - Line 314 - Msg: [useDownloads] handleProgress called: [object Object]
01-19 11:21:42.547  9111  9111 I Capacitor/Console: File: https://localhost/assets/index-D7ggTbo2.js - Line 314 - Msg: [useDownloads] handleProgress called: [object Object]
01-19 11:21:42.547  9111  9111 I Capacitor/Console: File: https://localhost/assets/index-D7ggTbo2.js - Line 314 - Msg: GenericDownloader: App component rendering
01-19 11:21:42.551  9111  9111 I Capacitor/Console: File: https://localhost/assets/index-D7ggTbo2.js - Line 314 - Msg: [SearchPanel] Component render, searching: false query: Bobs burgers 
01-19 11:21:42.584  1704  5330 I vendor.qti.bluetooth@1.0-ibs_handler: ProcessIbsCmd: Received IBS_SLEEP_IND: 0xFE
01-19 11:21:42.584  1704  5330 I vendor.qti.bluetooth@1.0-ibs_handler: ProcessIbsCmd: Received IBS_WAKE_IND: 0xFD
01-19 11:21:42.584  1704  5330 I vendor.qti.bluetooth@1.0-ibs_handler: ProcessIbsCmd: Writing IBS_WAKE_ACK
01-19 11:21:42.766  2219  3733 I SemWifiServiceDetector: Service det. resumed: T / T / 14867
01-19 11:21:42.798  9111  9111 I Capacitor/Console: File:  - Line 349 - Msg: [object Object]
01-19 11:21:42.798  9111  9215 V Capacitor/Plugin: To native (Capacitor plugin): callbackId: 76926409, pluginId: Preferences, methodName: get
01-19 11:21:42.798  9111  9215 V Capacitor: callback: 76926409, pluginId: Preferences, methodName: get, methodData: {"key":"history"}
01-19 11:21:42.799  9111  9111 I Capacitor/Console: File:  - Line 333 - Msg: {"value":"[{\"id\":\"ui01s8\",\"url\":\"https://www.usenet-crawler.com/getnzb/9143a7b2c7bdc6d53861dc826c94e52e.nzb&i=467400&r=5ea1448e6e515a93a885660a77981426\",\"filename\":\"Bobs.Burgers.S16E06.POLiSH.720p.WEB.H264-CHOPiN\",\"savePath\":\"Download/nzb/Bobs.Burgers.S16E06.POLiSH.720p.WEB.H264-CHOPiN/Files/Bobs.Burgers.S16E06.POLiSH.720p.WEB.H264-CHOPiN.nzb\",\"status\":\"completed\",\"startTime\":1768821512836,\"providerName\":\"Local\",\"totalBytes\":54269,\"endTime\":1768821513327},{\"id\":\"lv5puu\",\"filename\":\"Bobs.Burgers.S16E06.POLiSH.720p.WEB.H264-CHOPiN\",\"savePath\":\"nzb/Bobs.Burgers.S16E06.POLiSH.720p.WEB.H264-CHOPiN\",\"status\":\"queued\",\"startTime\":1768821512138,\"providerName\":\"UseNet Server\",\"providerId\":\"e166d369-19fa-404f-8f6c-a87b3ab96f7f\",\"externalId\":\"ghw4t\"}]"}
01-19 11:21:42.799  9111  9111 I Capacitor/Console: File: https://localhost/assets/index-D7ggTbo2.js - Line 314 - Msg: [DownloadManager] Poll emitting: lv5puu failed 0.5%
01-19 11:21:42.799  9111  9111 I Capacitor/Console: File: https://localhost/assets/index-D7ggTbo2.js - Line 314 - Msg: [useDownloads] handleProgress called: [object Object]
01-19 11:21:42.800  9111  9111 I Capacitor/Console: File: https://localhost/assets/index-D7ggTbo2.js - Line 314 - Msg: [useDownloads] handleProgress called: [object Object]
01-19 11:21:42.800  9111  9111 I Capacitor/Console: File: https://localhost/assets/index-D7ggTbo2.js - Line 314 - Msg: [useDownloads] handleProgress called: [object Object]
01-19 11:21:42.800  9111  9111 I Capacitor/Console: File: https://localhost/assets/index-D7ggTbo2.js - Line 314 - Msg: GenericDownloader: App component rendering
01-19 11:21:42.803  9111  9111 I Capacitor/Console: File: https://localhost/assets/index-D7ggTbo2.js - Line 314 - Msg: [SearchPanel] Component render, searching: false query: Bobs burgers 
01-19 11:21:43.047  9111  9215 V Capacitor/Plugin: To native (Capacitor plugin): callbackId: 76926410, pluginId: Preferences, methodName: get
01-19 11:21:43.047  9111  9111 I Capacitor/Console: File:  - Line 349 - Msg: [object Object]
01-19 11:21:43.047  9111  9215 V Capacitor: callback: 76926410, pluginId: Preferences, methodName: get, methodData: {"key":"history"}
01-19 11:21:43.048  9111  9111 I Capacitor/Console: File:  - Line 333 - Msg: {"value":"[{\"id\":\"ui01s8\",\"url\":\"https://www.usenet-crawler.com/getnzb/9143a7b2c7bdc6d53861dc826c94e52e.nzb&i=467400&r=5ea1448e6e515a93a885660a77981426\",\"filename\":\"Bobs.Burgers.S16E06.POLiSH.720p.WEB.H264-CHOPiN\",\"savePath\":\"Download/nzb/Bobs.Burgers.S16E06.POLiSH.720p.WEB.H264-CHOPiN/Files/Bobs.Burgers.S16E06.POLiSH.720p.WEB.H264-CHOPiN.nzb\",\"status\":\"completed\",\"startTime\":1768821512836,\"providerName\":\"Local\",\"totalBytes\":54269,\"endTime\":1768821513327},{\"id\":\"lv5puu\",\"filename\":\"Bobs.Burgers.S16E06.POLiSH.720p.WEB.H264-CHOPiN\",\"savePath\":\"nzb/Bobs.Burgers.S16E06.POLiSH.720p.WEB.H264-CHOPiN\",\"status\":\"queued\",\"startTime\":1768821512138,\"providerName\":\"UseNet Server\",\"providerId\":\"e166d369-19fa-404f-8f6c-a87b3ab96f7f\",\"externalId\":\"ghw4t\"}]"}
01-19 11:21:43.048  9111  9111 I Capacitor/Console: File: https://localhost/assets/index-D7ggTbo2.js - Line 314 - Msg: [DownloadManager] Poll emitting: lv5puu failed 0.5%
01-19 11:21:43.048  9111  9111 I Capacitor/Console: File: https://localhost/assets/index-D7ggTbo2.js - Line 314 - Msg: [useDownloads] handleProgress called: [object Object]
01-19 11:21:43.048  9111  9111 I Capacitor/Console: File: https://localhost/assets/index-D7ggTbo2.js - Line 314 - Msg: [useDownloads] handleProgress called: [object Object]
01-19 11:21:43.048  9111  9111 I Capacitor/Console: File: https://localhost/assets/index-D7ggTbo2.js - Line 314 - Msg: [useDownloads] handleProgress called: [object Object]
01-19 11:21:43.049  9111  9111 I Capacitor/Console: File: https://localhost/assets/index-D7ggTbo2.js - Line 314 - Msg: GenericDownloader: App component rendering
01-19 11:21:43.054  9111  9111 I Capacitor/Console: File: https://localhost/assets/index-D7ggTbo2.js - Line 314 - Msg: [SearchPanel] Component render, searching: false query: Bobs burgers 
01-19 11:21:43.127  2219  3764 I SemWifiEleStateTracker: Ele Parameters BD : 13 9 13 11 13 13 MD : -100 -100 -100 -100 -100 -100 WD : -50 -50 -50 -51 -51 -51 GC : false false false false false false SC : false false false false false false SH : false false false false false false TB : false false false false false false
01-19 11:21:43.127  2219  3764 D SemWifiEleStateTracker: Pressure Diff: -0.006286621
01-19 11:21:43.127  2219  3764 D SemWifiEleStateTracker: Barometer value: Prev 994.77875 Current 994.77246 mSmallBaroDetected : false
01-19 11:21:43.178  1720  3850 I sensors-hal: handle_sns_std_sensor_event:127, [SSC_LIGHT] A: 75(75),c:0,b:85,m:13,cl:0,l:74,s:74,l0:13568,l1:768,s0:12500,s1:0,acl:1,opr:0.09,f(r):86,u(bl):100,if:86,wi:0,si:0,0(N:0)
01-19 11:21:43.263  2219  5129 I NSLocationMonitor: getGPSUsingApps() called
01-19 11:21:43.264  5133  5164 I NSLocationManager_FLP: getGPSUsingApps, No change
01-19 11:21:43.266  2219  5129 D FreecessHandler: freeze com.dan.generic_nzb_downloader(10037) result : 12
01-19 11:21:43.298  9111  9111 I Capacitor/Console: File:  - Line 349 - Msg: [object Object]
01-19 11:21:43.298  9111  9215 V Capacitor/Plugin: To native (Capacitor plugin): callbackId: 76926411, pluginId: Preferences, methodName: get
01-19 11:21:43.298  9111  9215 V Capacitor: callback: 76926411, pluginId: Preferences, methodName: get, methodData: {"key":"history"}
01-19 11:21:43.300  9111  9111 I Capacitor/Console: File:  - Line 333 - Msg: {"value":"[{\"id\":\"ui01s8\",\"url\":\"https://www.usenet-crawler.com/getnzb/9143a7b2c7bdc6d53861dc826c94e52e.nzb&i=467400&r=5ea1448e6e515a93a885660a77981426\",\"filename\":\"Bobs.Burgers.S16E06.POLiSH.720p.WEB.H264-CHOPiN\",\"savePath\":\"Download/nzb/Bobs.Burgers.S16E06.POLiSH.720p.WEB.H264-CHOPiN/Files/Bobs.Burgers.S16E06.POLiSH.720p.WEB.H264-CHOPiN.nzb\",\"status\":\"completed\",\"startTime\":1768821512836,\"providerName\":\"Local\",\"totalBytes\":54269,\"endTime\":1768821513327},{\"id\":\"lv5puu\",\"filename\":\"Bobs.Burgers.S16E06.POLiSH.720p.WEB.H264-CHOPiN\",\"savePath\":\"nzb/Bobs.Burgers.S16E06.POLiSH.720p.WEB.H264-CHOPiN\",\"status\":\"queued\",\"startTime\":1768821512138,\"providerName\":\"UseNet Server\",\"providerId\":\"e166d369-19fa-404f-8f6c-a87b3ab96f7f\",\"externalId\":\"ghw4t\"}]"}
01-19 11:21:43.300  9111  9111 I Capacitor/Console: File: https://localhost/assets/index-D7ggTbo2.js - Line 314 - Msg: [DownloadManager] Poll emitting: lv5puu failed 0.5%
01-19 11:21:43.300  9111  9111 I Capacitor/Console: File: https://localhost/assets/index-D7ggTbo2.js - Line 314 - Msg: [useDownloads] handleProgress called: [object Object]
01-19 11:21:43.300  9111  9111 I Capacitor/Console: File: https://localhost/assets/index-D7ggTbo2.js - Line 314 - Msg: [useDownloads] handleProgress called: [object Object]
01-19 11:21:43.300  9111  9111 I Capacitor/Console: File: https://localhost/assets/index-D7ggTbo2.js - Line 314 - Msg: [useDownloads] handleProgress called: [object Object]
01-19 11:21:43.300  9111  9111 I Capacitor/Console: File: https://localhost/assets/index-D7ggTbo2.js - Line 314 - Msg: GenericDownloader: App component rendering
01-19 11:21:43.302  2219  5129 I NSLocationMonitor: getGPSUsingApps() called
01-19 11:21:43.302  5133  5164 I NSLocationManager_FLP: getGPSUsingApps, No change
01-19 11:21:43.303  9111  9111 I Capacitor/Console: File: https://localhost/assets/index-D7ggTbo2.js - Line 314 - Msg: [SearchPanel] Component render, searching: false query: Bobs burgers 
01-19 11:21:43.304  2219  5129 D FreecessHandler: freeze app.lawnchair.play(10440) result : 11
01-19 11:21:43.462  1847  1896 E HeatmapThread: ECT Thread time in milliseconds: 1768821703
01-19 11:21:43.464  1847  1896 D HeatmapThread: !@ batteryplugType : 2
01-19 11:21:43.464  1847  1896 D HeatmapThread: !@ batteryLevel : 92  batteryTemperature : 326 
01-19 11:21:43.464  1847  1896 D HeatmapThread: !@ Heatmap currtime: 29480361
01-19 11:21:43.464  1847  1896 D HeatmapThread: !@ Heatmap prevtime: 29480341
01-19 11:21:43.464  1847  1896 D HeatmapThread: !@ Heatmap plugstarttime: 29480268
01-19 11:21:43.464  1847  1896 D HeatmapThread: !@ Heatmap prevv_dsoh_update_time: 29480358
01-19 11:21:43.464  1847  1896 E HeatmapThread: !@ CAM New BSOH: 100
01-19 11:21:43.464  1847  1896 E HeatmapThread: !@ CAM is Working
01-19 11:21:43.545  9111  9215 V Capacitor/Plugin: To native (Capacitor plugin): callbackId: 76926412, pluginId: Preferences, methodName: get
01-19 11:21:43.545  9111  9111 I Capacitor/Console: File:  - Line 349 - Msg: [object Object]
01-19 11:21:43.545  9111  9215 V Capacitor: callback: 76926412, pluginId: Preferences, methodName: get, methodData: {"key":"history"}
01-19 11:21:43.546  9111  9111 I Capacitor/Console: File:  - Line 333 - Msg: {"value":"[{\"id\":\"ui01s8\",\"url\":\"https://www.usenet-crawler.com/getnzb/9143a7b2c7bdc6d53861dc826c94e52e.nzb&i=467400&r=5ea1448e6e515a93a885660a77981426\",\"filename\":\"Bobs.Burgers.S16E06.POLiSH.720p.WEB.H264-CHOPiN\",\"savePath\":\"Download/nzb/Bobs.Burgers.S16E06.POLiSH.720p.WEB.H264-CHOPiN/Files/Bobs.Burgers.S16E06.POLiSH.720p.WEB.H264-CHOPiN.nzb\",\"status\":\"completed\",\"startTime\":1768821512836,\"providerName\":\"Local\",\"totalBytes\":54269,\"endTime\":1768821513327},{\"id\":\"lv5puu\",\"filename\":\"Bobs.Burgers.S16E06.POLiSH.720p.WEB.H264-CHOPiN\",\"savePath\":\"nzb/Bobs.Burgers.S16E06.POLiSH.720p.WEB.H264-CHOPiN\",\"status\":\"queued\",\"startTime\":1768821512138,\"providerName\":\"UseNet Server\",\"providerId\":\"e166d369-19fa-404f-8f6c-a87b3ab96f7f\",\"externalId\":\"ghw4t\"}]"}
01-19 11:21:43.546  9111  9111 I Capacitor/Console: File: https://localhost/assets/index-D7ggTbo2.js - Line 314 - Msg: [DownloadManager] Poll emitting: lv5puu failed 0.5%
01-19 11:21:43.546  9111  9111 I Capacitor/Console: File: https://localhost/assets/index-D7ggTbo2.js - Line 314 - Msg: [useDownloads] handleProgress called: [object Object]
01-19 11:21:43.546  9111  9111 I Capacitor/Console: File: https://localhost/assets/index-D7ggTbo2.js - Line 314 - Msg: [useDownloads] handleProgress called: [object Object]
01-19 11:21:43.546  9111  9111 I Capacitor/Console: File: https://localhost/assets/index-D7ggTbo2.js - Line 314 - Msg: [useDownloads] handleProgress called: [object Object]
01-19 11:21:43.546  9111  9111 I Capacitor/Console: File: https://localhost/assets/index-D7ggTbo2.js - Line 314 - Msg: GenericDownloader: App component rendering
01-19 11:21:43.551  9111  9111 I Capacitor/Console: File: https://localhost/assets/index-D7ggTbo2.js - Line 314 - Msg: [SearchPanel] Component render, searching: false query: Bobs burgers 
01-19 11:21:43.626  1171  1171 D io_stats: !@   8,0 r 33943387 724821996 w 8165531 246647644 d 1131484 431414316 f 144611 522498 iot 2994820 0 th 0 0 0 pt 0 inp 0 0 283072.407
01-19 11:21:43.626  1171  1171 D io_stats: !@ Read_top(KB): system_server:normal(2219) 8
01-19 11:21:43.626  1171  1171 D io_stats: !@ Write_top(KB): kworker/u17:4:/(8304) 1380 soft.appmanager:low(13851) 20 kworker/2:0:/(6780) 8
01-19 11:21:43.797  9111  9215 V Capacitor/Plugin: To native (Capacitor plugin): callbackId: 76926413, pluginId: Preferences, methodName: get
01-19 11:21:43.797  9111  9215 V Capacitor: callback: 76926413, pluginId: Preferences, methodName: get, methodData: {"key":"history"}
01-19 11:21:43.797  9111  9111 I Capacitor/Console: File:  - Line 349 - Msg: [object Object]
01-19 11:21:43.798  9111  9111 I Capacitor/Console: File:  - Line 333 - Msg: {"value":"[{\"id\":\"ui01s8\",\"url\":\"https://www.usenet-crawler.com/getnzb/9143a7b2c7bdc6d53861dc826c94e52e.nzb&i=467400&r=5ea1448e6e515a93a885660a77981426\",\"filename\":\"Bobs.Burgers.S16E06.POLiSH.720p.WEB.H264-CHOPiN\",\"savePath\":\"Download/nzb/Bobs.Burgers.S16E06.POLiSH.720p.WEB.H264-CHOPiN/Files/Bobs.Burgers.S16E06.POLiSH.720p.WEB.H264-CHOPiN.nzb\",\"status\":\"completed\",\"startTime\":1768821512836,\"providerName\":\"Local\",\"totalBytes\":54269,\"endTime\":1768821513327},{\"id\":\"lv5puu\",\"filename\":\"Bobs.Burgers.S16E06.POLiSH.720p.WEB.H264-CHOPiN\",\"savePath\":\"nzb/Bobs.Burgers.S16E06.POLiSH.720p.WEB.H264-CHOPiN\",\"status\":\"queued\",\"startTime\":1768821512138,\"providerName\":\"UseNet Server\",\"providerId\":\"e166d369-19fa-404f-8f6c-a87b3ab96f7f\",\"externalId\":\"ghw4t\"}]"}
01-19 11:21:43.798  9111  9111 I Capacitor/Console: File: https://localhost/assets/index-D7ggTbo2.js - Line 314 - Msg: [DownloadManager] Poll emitting: lv5puu failed 0.5%
01-19 11:21:43.798  9111  9111 I Capacitor/Console: File: https://localhost/assets/index-D7ggTbo2.js - Line 314 - Msg: [useDownloads] handleProgress called: [object Object]
01-19 11:21:43.799  9111  9111 I Capacitor/Console: File: https://localhost/assets/index-D7ggTbo2.js - Line 314 - Msg: [useDownloads] handleProgress called: [object Object]
01-19 11:21:43.799  9111  9111 I Capacitor/Console: File: https://localhost/assets/index-D7ggTbo2.js - Line 314 - Msg: [useDownloads] handleProgress called: [object Object]
01-19 11:21:43.799  9111  9111 I Capacitor/Console: File: https://localhost/assets/index-D7ggTbo2.js - Line 314 - Msg: GenericDownloader: App component rendering
01-19 11:21:43.802  9111  9111 I Capacitor/Console: File: https://localhost/assets/index-D7ggTbo2.js - Line 314 - Msg: [SearchPanel] Component render, searching: false query: Bobs burgers 
01-19 11:21:43.843 29483 29483 I AudioPathManager: loadAudioPath() : loaded audio path is bluetooth (2)
01-19 11:21:43.843 29483 29483 I EffectManager: isSupportDolbyAtmosOnThisAudioPath() : path is bluetooth (2)
01-19 11:21:43.843 29483 29483 I UHQUpscalerManager: isUHQCompatibleBluetooth() : support is 0, mode is 1
01-19 11:21:43.843 29483 29483 I AudioPathManager: loadAudioPath() : loaded audio path is bluetooth (2)
01-19 11:21:43.843 29483 29483 I EffectManager: isSupportVoiceBoostOnCurrentAudioPath() : path is bluetooth (2)
01-19 11:21:43.843 29483 29483 I AudioPathManager: loadAudioPath() : loaded audio path is bluetooth (2)
01-19 11:21:43.843 29483 29483 I EffectManager: isSupportVolumeNormalizationOnCurrentAudioPath() : path is bluetooth (2)
01-19 11:21:43.843 29483 29483 I DVFSHelper: isNecessaryToBoostCPU() : isDolbyOn? false, isUHQUpscalerOn? false, isVoiceBoostOn? false, isVolumeNormalizationOn? true
01-19 11:21:43.905  2219  3605 E WifiStaIfaceAidlImpl: getCachedScanData failed with service-specific exception: android.os.ServiceSpecificException:  (code 4)
01-19 11:21:43.906  2219 16800 D SemWifiUsabilityStatsMonitor: onWifiUsabilityStats - seqNum 21723, isSameBssidAndFreq true
01-19 11:21:43.907  2219  3736 D InsDataManager: onOutageCountUpdate() - Outage Data: 0, LQ : N. Outage Triggered: false
01-19 11:21:43.907  2219  3736 E InsController: Error in onOutageCountUpdate: android.net.VpnTransportInfo cannot be cast to android.net.wifi.WifiInfo
01-19 11:21:43.907  2219  3736 D SemInsManager: {"bssid": "f4aa95b35240","rssi": -51.0,"latency": 0.0,"outage_count": 0,"lq_callback_triggered": false,"outage_log": "Unreliable statistics: -51.0 / 5 / 460 / 26 / 1 || f4aa95b35240: 0.000 / 0.000 / @ || N N / 0 0 / N 2.0 / N X 2 / 283072688 0 || 2026-01-19 11:21:43  / 0: 0 0 0 0 0 0 / 0: 0 0 0 0 0 0 / 0: 0 0 0 0 0 0""Magnetic Sensor Events size": "0""Pressure Sensor Events size": "0"}
01-19 11:21:43.908  2219  3753 D SGM:GameManager: identifyGamePackage. com.dan.generic_nzb_downloader, mCurrentUserId: 0, callingMethodInfo: com.samsung.android.game.SemGameManager.isGamePackage(SemGameManager.java:106)
01-19 11:21:43.908  2219  3753 D SGM:SemGameManager: isGamePackage(), pkgName=com.dan.generic_nzb_downloader, ret=false
01-19 11:21:44.047  9111  9215 V Capacitor/Plugin: To native (Capacitor plugin): callbackId: 76926414, pluginId: Preferences, methodName: get
01-19 11:21:44.047  9111  9111 I Capacitor/Console: File:  - Line 349 - Msg: [object Object]
01-19 11:21:44.047  9111  9215 V Capacitor: callback: 76926414, pluginId: Preferences, methodName: get, methodData: {"key":"history"}
01-19 11:21:44.049  9111  9111 I Capacitor/Console: File:  - Line 333 - Msg: {"value":"[{\"id\":\"ui01s8\",\"url\":\"https://www.usenet-crawler.com/getnzb/9143a7b2c7bdc6d53861dc826c94e52e.nzb&i=467400&r=5ea1448e6e515a93a885660a77981426\",\"filename\":\"Bobs.Burgers.S16E06.POLiSH.720p.WEB.H264-CHOPiN\",\"savePath\":\"Download/nzb/Bobs.Burgers.S16E06.POLiSH.720p.WEB.H264-CHOPiN/Files/Bobs.Burgers.S16E06.POLiSH.720p.WEB.H264-CHOPiN.nzb\",\"status\":\"completed\",\"startTime\":1768821512836,\"providerName\":\"Local\",\"totalBytes\":54269,\"endTime\":1768821513327},{\"id\":\"lv5puu\",\"filename\":\"Bobs.Burgers.S16E06.POLiSH.720p.WEB.H264-CHOPiN\",\"savePath\":\"nzb/Bobs.Burgers.S16E06.POLiSH.720p.WEB.H264-CHOPiN\",\"status\":\"queued\",\"startTime\":1768821512138,\"providerName\":\"UseNet Server\",\"providerId\":\"e166d369-19fa-404f-8f6c-a87b3ab96f7f\",\"externalId\":\"ghw4t\"}]"}
01-19 11:21:44.049  9111  9111 I Capacitor/Console: File: https://localhost/assets/index-D7ggTbo2.js - Line 314 - Msg: [DownloadManager] Poll emitting: lv5puu failed 0.5%
01-19 11:21:44.049  9111  9111 I Capacitor/Console: File: https://localhost/assets/index-D7ggTbo2.js - Line 314 - Msg: [useDownloads] handleProgress called: [object Object]
01-19 11:21:44.049  9111  9111 I Capacitor/Console: File: https://localhost/assets/index-D7ggTbo2.js - Line 314 - Msg: [useDownloads] handleProgress called: [object Object]
01-19 11:21:44.049  9111  9111 I Capacitor/Console: File: https://localhost/assets/index-D7ggTbo2.js - Line 314 - Msg: [useDownloads] handleProgress called: [object Object]
01-19 11:21:44.049  9111  9111 I Capacitor/Console: File: https://localhost/assets/index-D7ggTbo2.js - Line 314 - Msg: GenericDownloader: App component rendering
01-19 11:21:44.053  9111  9111 I Capacitor/Console: File: https://localhost/assets/index-D7ggTbo2.js - Line 314 - Msg: [SearchPanel] Component render, searching: false query: Bobs burgers 
01-19 11:21:44.064  1704  5330 I vendor.qti.bluetooth@1.0-ibs_handler: ProcessIbsCmd: Received IBS_SLEEP_IND: 0xFE
01-19 11:21:44.080  1704  5330 I vendor.qti.bluetooth@1.0-ibs_handler: ProcessIbsCmd: Received IBS_WAKE_IND: 0xFD
01-19 11:21:44.080  1704  5330 I vendor.qti.bluetooth@1.0-ibs_handler: ProcessIbsCmd: Writing IBS_WAKE_ACK
01-19 11:21:44.137  1720  8359 I sensors-hal: handle_sns_std_sensor_event:408, [SSC_LIGHT] P: 74(74),c:0,b:85,m:13,cl:0,l:74,s:74,l0:13504,l1:736,s0:12500,s1:0,acl:1,opr:0.09,f(r):86,u(bl):100,if:86,wi:0,si:0,0(N:0)
01-19 11:21:44.212  1720  8877 I sensors-hal: handle_sns_std_sensor_event:157, [1599] Pressure 994.773, cal 0.677, sw_offset 0.000 (lsb(bit) 0x34 0x36 0x61)
01-19 11:21:44.219  2219  5129 I NSLocationMonitor: getGPSUsingApps() called
01-19 11:21:44.220  5133  5164 I NSLocationManager_FLP: getGPSUsingApps, No change
01-19 11:21:44.226  2219  5129 D FreecessController: FZ : fm.last.android(10543) [13695] reason: Bg [cached:X
